### CAL-EXP1 start 16:04:19
Acquisition model: CALIBRATED psf_sigma=6.63, dose=73.5, sigma_g=0.1515
Configs: 32  (sigma x xi x alpha x rho grid)

=== Row 1/4: Classical: Threshold + sub-pixel ===

Training set: 480 paired items

=== Training 'seg-only' (seed 0) for Table 2 ===
  [seg-only seed=0] epoch 1/40 loss=10.6380 (2.3s)
  [seg-only seed=0] epoch 2/40 loss=7.7332 (4.1s)
  [seg-only seed=0] epoch 3/40 loss=7.6251 (5.9s)
  [seg-only seed=0] epoch 4/40 loss=7.5425 (7.6s)
  [seg-only seed=0] epoch 5/40 loss=7.5091 (9.3s)
  [seg-only seed=0] epoch 6/40 loss=7.4927 (11.0s)
  [seg-only seed=0] epoch 7/40 loss=7.4886 (12.7s)
  [seg-only seed=0] epoch 8/40 loss=7.4629 (14.5s)
  [seg-only seed=0] epoch 9/40 loss=7.4603 (16.4s)
  [seg-only seed=0] epoch 10/40 loss=7.4457 (18.2s)
  [seg-only seed=0] epoch 11/40 loss=7.4480 (20.1s)
  [seg-only seed=0] epoch 12/40 loss=7.4291 (21.9s)
  [seg-only seed=0] epoch 13/40 loss=7.4341 (23.8s)
  [seg-only seed=0] epoch 14/40 loss=7.4414 (25.5s)
  [seg-only seed=0] epoch 15/40 loss=7.4307 (27.3s)
  [seg-only seed=0] epoch 16/40 loss=7.4297 (29.0s)
  [seg-only seed=0] epoch 17/40 loss=7.4214 (30.7s)
  [seg-only seed=0] epoch 18/40 loss=7.4216 (32.4s)
  [seg-only seed=0] epoch 19/40 loss=7.4226 (34.1s)
  [seg-only seed=0] epoch 20/40 loss=7.4220 (35.8s)
  [seg-only seed=0] epoch 21/40 loss=7.4213 (37.6s)
  [seg-only seed=0] epoch 22/40 loss=7.4293 (39.5s)
  [seg-only seed=0] epoch 23/40 loss=7.4272 (41.4s)
  [seg-only seed=0] epoch 24/40 loss=7.4169 (43.3s)
  [seg-only seed=0] epoch 25/40 loss=7.4209 (45.2s)
  [seg-only seed=0] epoch 26/40 loss=7.4148 (47.2s)
  [seg-only seed=0] epoch 27/40 loss=7.4082 (49.1s)
  [seg-only seed=0] epoch 28/40 loss=7.4211 (51.0s)
  [seg-only seed=0] epoch 29/40 loss=7.4162 (52.9s)
  [seg-only seed=0] epoch 30/40 loss=7.4142 (54.9s)
  [seg-only seed=0] epoch 31/40 loss=7.4179 (56.8s)
  [seg-only seed=0] epoch 32/40 loss=7.4213 (58.7s)
  [seg-only seed=0] epoch 33/40 loss=7.4357 (60.7s)
  [seg-only seed=0] epoch 34/40 loss=7.4131 (62.6s)
  [seg-only seed=0] epoch 35/40 loss=7.4055 (64.5s)
  [seg-only seed=0] epoch 36/40 loss=7.4044 (66.4s)
  [seg-only seed=0] epoch 37/40 loss=7.4085 (68.3s)
  [seg-only seed=0] epoch 38/40 loss=7.4132 (70.3s)
  [seg-only seed=0] epoch 39/40 loss=7.4208 (72.2s)
  [seg-only seed=0] epoch 40/40 loss=7.4110 (74.1s)

=== Training 'seg-only' (seed 1) for Table 2 ===
  [seg-only seed=1] epoch 1/40 loss=9.9555 (1.9s)
  [seg-only seed=1] epoch 2/40 loss=7.7677 (3.8s)
  [seg-only seed=1] epoch 3/40 loss=7.6415 (5.7s)
  [seg-only seed=1] epoch 4/40 loss=7.5609 (7.6s)
  [seg-only seed=1] epoch 5/40 loss=7.5474 (9.5s)
  [seg-only seed=1] epoch 6/40 loss=7.5255 (11.4s)
  [seg-only seed=1] epoch 7/40 loss=7.5045 (13.3s)
  [seg-only seed=1] epoch 8/40 loss=7.4899 (15.2s)
  [seg-only seed=1] epoch 9/40 loss=7.5100 (17.2s)
  [seg-only seed=1] epoch 10/40 loss=7.4867 (19.1s)
  [seg-only seed=1] epoch 11/40 loss=7.4626 (21.0s)
  [seg-only seed=1] epoch 12/40 loss=7.4549 (22.9s)
  [seg-only seed=1] epoch 13/40 loss=7.4558 (24.9s)
  [seg-only seed=1] epoch 14/40 loss=7.4623 (26.8s)
  [seg-only seed=1] epoch 15/40 loss=7.4491 (28.7s)
  [seg-only seed=1] epoch 16/40 loss=7.4582 (30.6s)
  [seg-only seed=1] epoch 17/40 loss=7.4409 (32.5s)
  [seg-only seed=1] epoch 18/40 loss=7.4371 (34.4s)
  [seg-only seed=1] epoch 19/40 loss=7.4309 (36.2s)
  [seg-only seed=1] epoch 20/40 loss=7.4363 (38.1s)
  [seg-only seed=1] epoch 21/40 loss=7.4326 (40.1s)
  [seg-only seed=1] epoch 22/40 loss=7.4284 (42.0s)
  [seg-only seed=1] epoch 23/40 loss=7.4304 (43.9s)
  [seg-only seed=1] epoch 24/40 loss=7.4340 (45.9s)
  [seg-only seed=1] epoch 25/40 loss=7.4250 (47.8s)
  [seg-only seed=1] epoch 26/40 loss=7.4272 (49.7s)
  [seg-only seed=1] epoch 27/40 loss=7.4209 (51.6s)
  [seg-only seed=1] epoch 28/40 loss=7.4479 (53.5s)
  [seg-only seed=1] epoch 29/40 loss=7.4259 (55.4s)
  [seg-only seed=1] epoch 30/40 loss=7.4299 (57.3s)
  [seg-only seed=1] epoch 31/40 loss=7.4327 (59.2s)
  [seg-only seed=1] epoch 32/40 loss=7.4389 (61.1s)
  [seg-only seed=1] epoch 33/40 loss=7.4266 (63.1s)
  [seg-only seed=1] epoch 34/40 loss=7.4293 (65.0s)
  [seg-only seed=1] epoch 35/40 loss=7.4175 (67.0s)
  [seg-only seed=1] epoch 36/40 loss=7.4347 (68.9s)
  [seg-only seed=1] epoch 37/40 loss=7.4177 (70.9s)
  [seg-only seed=1] epoch 38/40 loss=7.4215 (72.8s)
  [seg-only seed=1] epoch 39/40 loss=7.4173 (74.7s)
  [seg-only seed=1] epoch 40/40 loss=7.4273 (76.6s)

=== Training 'seg-only' (seed 2) for Table 2 ===
  [seg-only seed=2] epoch 1/40 loss=10.0549 (1.9s)
  [seg-only seed=2] epoch 2/40 loss=7.7015 (3.8s)
  [seg-only seed=2] epoch 3/40 loss=7.6648 (5.7s)
  [seg-only seed=2] epoch 4/40 loss=7.5629 (7.6s)
  [seg-only seed=2] epoch 5/40 loss=7.4976 (9.5s)
  [seg-only seed=2] epoch 6/40 loss=7.4871 (11.4s)
  [seg-only seed=2] epoch 7/40 loss=7.4806 (13.3s)
  [seg-only seed=2] epoch 8/40 loss=7.4745 (15.2s)
  [seg-only seed=2] epoch 9/40 loss=7.4548 (17.1s)
  [seg-only seed=2] epoch 10/40 loss=7.4639 (19.0s)
  [seg-only seed=2] epoch 11/40 loss=7.4512 (20.9s)
  [seg-only seed=2] epoch 12/40 loss=7.4516 (22.7s)
  [seg-only seed=2] epoch 13/40 loss=7.4624 (24.6s)
  [seg-only seed=2] epoch 14/40 loss=7.4488 (26.6s)
  [seg-only seed=2] epoch 15/40 loss=7.4372 (28.5s)
  [seg-only seed=2] epoch 16/40 loss=7.4363 (30.4s)
  [seg-only seed=2] epoch 17/40 loss=7.4322 (32.4s)
  [seg-only seed=2] epoch 18/40 loss=7.4266 (34.3s)
  [seg-only seed=2] epoch 19/40 loss=7.4363 (36.2s)
  [seg-only seed=2] epoch 20/40 loss=7.4293 (38.1s)
  [seg-only seed=2] epoch 21/40 loss=7.4163 (40.1s)
  [seg-only seed=2] epoch 22/40 loss=7.4241 (42.0s)
  [seg-only seed=2] epoch 23/40 loss=7.4163 (43.9s)
  [seg-only seed=2] epoch 24/40 loss=7.4295 (45.8s)
  [seg-only seed=2] epoch 25/40 loss=7.4207 (47.8s)
  [seg-only seed=2] epoch 26/40 loss=7.4232 (49.7s)
  [seg-only seed=2] epoch 27/40 loss=7.4247 (51.6s)
  [seg-only seed=2] epoch 28/40 loss=7.4169 (53.5s)
  [seg-only seed=2] epoch 29/40 loss=7.4209 (55.3s)
  [seg-only seed=2] epoch 30/40 loss=7.4131 (57.2s)
  [seg-only seed=2] epoch 31/40 loss=7.4087 (59.1s)
  [seg-only seed=2] epoch 32/40 loss=7.4187 (61.0s)
  [seg-only seed=2] epoch 33/40 loss=7.4146 (62.9s)
  [seg-only seed=2] epoch 34/40 loss=7.4294 (64.8s)
  [seg-only seed=2] epoch 35/40 loss=7.4142 (66.8s)
  [seg-only seed=2] epoch 36/40 loss=7.4168 (68.7s)
  [seg-only seed=2] epoch 37/40 loss=7.4089 (70.6s)
  [seg-only seed=2] epoch 38/40 loss=7.4231 (72.5s)
  [seg-only seed=2] epoch 39/40 loss=7.4145 (74.4s)
  [seg-only seed=2] epoch 40/40 loss=7.4052 (76.3s)

=== Training 'full' (seed 0) for Table 2 ===
  [full seed=0] epoch 1/40 loss=19.3966 (3.1s)
  [full seed=0] epoch 2/40 loss=10.8424 (6.2s)
  [full seed=0] epoch 3/40 loss=10.4228 (9.0s)
  [full seed=0] epoch 4/40 loss=10.0531 (11.8s)
  [full seed=0] epoch 5/40 loss=9.9714 (14.9s)
  [full seed=0] epoch 6/40 loss=9.8958 (18.0s)
  [full seed=0] epoch 7/40 loss=9.8965 (20.7s)
  [full seed=0] epoch 8/40 loss=9.7879 (23.7s)
  [full seed=0] epoch 9/40 loss=9.7950 (26.9s)
  [full seed=0] epoch 10/40 loss=9.7645 (29.9s)
  [full seed=0] epoch 11/40 loss=9.7328 (32.9s)
  [full seed=0] epoch 12/40 loss=9.6829 (35.9s)
  [full seed=0] epoch 13/40 loss=9.6927 (38.7s)
  [full seed=0] epoch 14/40 loss=9.6748 (41.6s)
  [full seed=0] epoch 15/40 loss=9.6604 (44.5s)
  [full seed=0] epoch 16/40 loss=9.6681 (47.6s)
  [full seed=0] epoch 17/40 loss=9.5647 (50.5s)
  [full seed=0] epoch 18/40 loss=9.5424 (53.7s)
  [full seed=0] epoch 19/40 loss=9.5614 (56.7s)
  [full seed=0] epoch 20/40 loss=9.6003 (59.8s)
  [full seed=0] epoch 21/40 loss=9.4854 (62.9s)
  [full seed=0] epoch 22/40 loss=9.5252 (65.9s)
  [full seed=0] epoch 23/40 loss=9.5129 (68.9s)
  [full seed=0] epoch 24/40 loss=9.5642 (72.0s)
  [full seed=0] epoch 25/40 loss=9.4492 (75.3s)
  [full seed=0] epoch 26/40 loss=9.4381 (78.6s)
  [full seed=0] epoch 27/40 loss=9.4141 (82.0s)
  [full seed=0] epoch 28/40 loss=9.4906 (85.3s)
  [full seed=0] epoch 29/40 loss=9.4507 (88.5s)
  [full seed=0] epoch 30/40 loss=9.4092 (91.2s)
  [full seed=0] epoch 31/40 loss=9.4449 (94.5s)
  [full seed=0] epoch 32/40 loss=9.4178 (97.7s)
  [full seed=0] epoch 33/40 loss=9.3748 (100.4s)
  [full seed=0] epoch 34/40 loss=9.3714 (103.5s)
  [full seed=0] epoch 35/40 loss=9.4158 (106.6s)
  [full seed=0] epoch 36/40 loss=9.3600 (109.7s)
  [full seed=0] epoch 37/40 loss=9.3759 (112.6s)
  [full seed=0] epoch 38/40 loss=9.3951 (115.6s)
  [full seed=0] epoch 39/40 loss=9.4305 (118.8s)
  [full seed=0] epoch 40/40 loss=9.4192 (121.9s)

=== Training 'full' (seed 1) for Table 2 ===
  [full seed=1] epoch 1/40 loss=17.5351 (3.2s)
  [full seed=1] epoch 2/40 loss=10.8470 (6.2s)
  [full seed=1] epoch 3/40 loss=10.4297 (9.3s)
  [full seed=1] epoch 4/40 loss=10.0360 (12.3s)
  [full seed=1] epoch 5/40 loss=9.9712 (15.5s)
  [full seed=1] epoch 6/40 loss=9.9178 (18.6s)
  [full seed=1] epoch 7/40 loss=9.8943 (21.8s)
  [full seed=1] epoch 8/40 loss=9.8497 (25.0s)
  [full seed=1] epoch 9/40 loss=9.8142 (28.2s)
  [full seed=1] epoch 10/40 loss=9.8557 (31.3s)
  [full seed=1] epoch 11/40 loss=9.8222 (34.5s)
  [full seed=1] epoch 12/40 loss=9.7438 (37.7s)
  [full seed=1] epoch 13/40 loss=9.7242 (40.8s)
  [full seed=1] epoch 14/40 loss=9.7274 (43.9s)
  [full seed=1] epoch 15/40 loss=9.6553 (47.1s)
  [full seed=1] epoch 16/40 loss=9.8938 (50.2s)
  [full seed=1] epoch 17/40 loss=9.7534 (53.4s)
  [full seed=1] epoch 18/40 loss=9.5749 (56.5s)
  [full seed=1] epoch 19/40 loss=9.4996 (59.6s)
  [full seed=1] epoch 20/40 loss=9.5036 (62.7s)
  [full seed=1] epoch 21/40 loss=9.5794 (65.9s)
  [full seed=1] epoch 22/40 loss=9.5003 (69.0s)
  [full seed=1] epoch 23/40 loss=9.4486 (72.2s)
  [full seed=1] epoch 24/40 loss=9.4020 (75.5s)
  [full seed=1] epoch 25/40 loss=9.4573 (78.6s)
  [full seed=1] epoch 26/40 loss=9.4683 (81.8s)
  [full seed=1] epoch 27/40 loss=9.4083 (84.9s)
  [full seed=1] epoch 28/40 loss=9.3981 (88.1s)
  [full seed=1] epoch 29/40 loss=9.4316 (91.3s)
  [full seed=1] epoch 30/40 loss=9.3403 (94.4s)
  [full seed=1] epoch 31/40 loss=9.3708 (97.5s)
  [full seed=1] epoch 32/40 loss=9.3220 (100.7s)
  [full seed=1] epoch 33/40 loss=9.3154 (103.8s)
  [full seed=1] epoch 34/40 loss=9.3542 (107.0s)
  [full seed=1] epoch 35/40 loss=9.3202 (110.1s)
  [full seed=1] epoch 36/40 loss=9.2811 (113.2s)
  [full seed=1] epoch 37/40 loss=9.2875 (116.3s)
  [full seed=1] epoch 38/40 loss=9.2923 (118.8s)
  [full seed=1] epoch 39/40 loss=9.2815 (121.9s)
  [full seed=1] epoch 40/40 loss=9.3414 (125.1s)

=== Training 'full' (seed 2) for Table 2 ===
  [full seed=2] epoch 1/40 loss=17.5983 (3.3s)
  [full seed=2] epoch 2/40 loss=10.4134 (6.4s)
  [full seed=2] epoch 3/40 loss=10.0457 (9.7s)
  [full seed=2] epoch 4/40 loss=9.8487 (12.9s)
  [full seed=2] epoch 5/40 loss=9.7878 (16.1s)
  [full seed=2] epoch 6/40 loss=9.9174 (19.3s)
  [full seed=2] epoch 7/40 loss=9.6633 (22.5s)
  [full seed=2] epoch 8/40 loss=9.6416 (25.7s)
  [full seed=2] epoch 9/40 loss=9.5361 (28.8s)
  [full seed=2] epoch 10/40 loss=9.5451 (31.9s)
  [full seed=2] epoch 11/40 loss=9.5004 (34.9s)
  [full seed=2] epoch 12/40 loss=9.5091 (38.0s)
  [full seed=2] epoch 13/40 loss=9.3916 (41.2s)
  [full seed=2] epoch 14/40 loss=9.4164 (44.4s)
  [full seed=2] epoch 15/40 loss=9.3492 (47.5s)
  [full seed=2] epoch 16/40 loss=9.3771 (50.8s)
  [full seed=2] epoch 17/40 loss=9.3318 (53.9s)
  [full seed=2] epoch 18/40 loss=9.3765 (57.1s)
  [full seed=2] epoch 19/40 loss=9.2999 (60.3s)
  [full seed=2] epoch 20/40 loss=9.3126 (63.5s)
  [full seed=2] epoch 21/40 loss=9.3359 (66.7s)
  [full seed=2] epoch 22/40 loss=9.2553 (69.9s)
  [full seed=2] epoch 23/40 loss=9.2611 (73.0s)
  [full seed=2] epoch 24/40 loss=9.2516 (76.2s)
  [full seed=2] epoch 25/40 loss=9.2701 (79.2s)
  [full seed=2] epoch 26/40 loss=9.2237 (82.4s)
  [full seed=2] epoch 27/40 loss=9.2198 (85.5s)
  [full seed=2] epoch 28/40 loss=9.1824 (88.6s)
  [full seed=2] epoch 29/40 loss=9.2105 (91.7s)
  [full seed=2] epoch 30/40 loss=9.1722 (94.8s)
  [full seed=2] epoch 31/40 loss=9.2314 (97.8s)
  [full seed=2] epoch 32/40 loss=9.2348 (101.0s)
  [full seed=2] epoch 33/40 loss=9.1586 (104.1s)
  [full seed=2] epoch 34/40 loss=9.1600 (107.2s)
  [full seed=2] epoch 35/40 loss=9.1334 (110.5s)
  [full seed=2] epoch 36/40 loss=9.2317 (113.7s)
  [full seed=2] epoch 37/40 loss=9.1175 (116.9s)
  [full seed=2] epoch 38/40 loss=9.1200 (120.1s)
  [full seed=2] epoch 39/40 loss=9.1234 (123.2s)
  [full seed=2] epoch 40/40 loss=9.1178 (126.4s)

=== Table 2 (fidelity / baseline comparison, two-edge) -- this run ===
                                               method  edge_mae  ler_mae  lwr_mae    n
                     Classical: Threshold + sub-pixel    1.6712   0.7335   0.8631 1920
Learned denoiser + threshold [TBD -- not implemented]       NaN      NaN      NaN    0
                            Learned (U-Net), Seg-only    0.8921   0.3246   0.4025 1440
                                Learned (U-Net), Full    0.9891   0.1951   0.2333 1440

(scale: 3 seed(s), 40 epochs, 15 train realizations/config, 15 classical realizations/config, 32 configs -- see README.md to scale up)

NOTE: row 2 ('Learned denoiser + threshold') is intentionally left blank -- see module docstring. Do not fill it with a guessed number; either train that model and report the real result, or state in the manuscript that this comparison was left for future work.
### CAL-EXP1 exit=0 16:16:02
### CAL-EXP2 start 16:16:02
Acquisition model: CALIBRATED psf_sigma=6.63, dose=73.5, sigma_g=0.1515
Training configs: 32  (sigma x xi x alpha x rho grid)
Training set: 480 paired items

=== Training variant 'seg-only' seed 0 ===
  [seg-only seed=0] epoch 1/40 loss=10.5660 (2.4s)
  [seg-only seed=0] epoch 2/40 loss=7.7085 (4.3s)
  [seg-only seed=0] epoch 3/40 loss=7.6339 (6.2s)
  [seg-only seed=0] epoch 4/40 loss=7.5484 (8.1s)
  [seg-only seed=0] epoch 5/40 loss=7.5010 (10.0s)
  [seg-only seed=0] epoch 6/40 loss=7.4858 (11.9s)
  [seg-only seed=0] epoch 7/40 loss=7.4808 (13.8s)
  [seg-only seed=0] epoch 8/40 loss=7.4598 (15.7s)
  [seg-only seed=0] epoch 9/40 loss=7.4562 (17.6s)
  [seg-only seed=0] epoch 10/40 loss=7.4509 (19.5s)
  [seg-only seed=0] epoch 11/40 loss=7.4461 (21.4s)
  [seg-only seed=0] epoch 12/40 loss=7.4337 (23.3s)
  [seg-only seed=0] epoch 13/40 loss=7.4342 (25.2s)
  [seg-only seed=0] epoch 14/40 loss=7.4461 (27.1s)
  [seg-only seed=0] epoch 15/40 loss=7.4324 (28.9s)
  [seg-only seed=0] epoch 16/40 loss=7.4337 (30.8s)
  [seg-only seed=0] epoch 17/40 loss=7.4235 (32.7s)
  [seg-only seed=0] epoch 18/40 loss=7.4229 (34.6s)
  [seg-only seed=0] epoch 19/40 loss=7.4265 (36.5s)
  [seg-only seed=0] epoch 20/40 loss=7.4271 (38.4s)
  [seg-only seed=0] epoch 21/40 loss=7.4239 (40.3s)
  [seg-only seed=0] epoch 22/40 loss=7.4320 (42.2s)
  [seg-only seed=0] epoch 23/40 loss=7.4296 (44.0s)
  [seg-only seed=0] epoch 24/40 loss=7.4151 (45.9s)
  [seg-only seed=0] epoch 25/40 loss=7.4217 (47.7s)
  [seg-only seed=0] epoch 26/40 loss=7.4151 (49.6s)
  [seg-only seed=0] epoch 27/40 loss=7.4127 (51.5s)
  [seg-only seed=0] epoch 28/40 loss=7.4232 (53.4s)
  [seg-only seed=0] epoch 29/40 loss=7.4196 (55.3s)
  [seg-only seed=0] epoch 30/40 loss=7.4154 (57.2s)
  [seg-only seed=0] epoch 31/40 loss=7.4178 (59.1s)
  [seg-only seed=0] epoch 32/40 loss=7.4240 (61.0s)
  [seg-only seed=0] epoch 33/40 loss=7.4335 (62.9s)
  [seg-only seed=0] epoch 34/40 loss=7.4126 (64.8s)
  [seg-only seed=0] epoch 35/40 loss=7.4101 (66.7s)
  [seg-only seed=0] epoch 36/40 loss=7.4097 (68.6s)
  [seg-only seed=0] epoch 37/40 loss=7.4139 (70.5s)
  [seg-only seed=0] epoch 38/40 loss=7.4136 (72.4s)
  [seg-only seed=0] epoch 39/40 loss=7.4223 (74.3s)
  [seg-only seed=0] epoch 40/40 loss=7.4118 (76.2s)

=== Training variant 'seg-only' seed 1 ===
  [seg-only seed=1] epoch 1/40 loss=10.0507 (1.9s)
  [seg-only seed=1] epoch 2/40 loss=7.7507 (3.8s)
  [seg-only seed=1] epoch 3/40 loss=7.6132 (5.7s)
  [seg-only seed=1] epoch 4/40 loss=7.5557 (7.6s)
  [seg-only seed=1] epoch 5/40 loss=7.5537 (9.5s)
  [seg-only seed=1] epoch 6/40 loss=7.5130 (11.4s)
  [seg-only seed=1] epoch 7/40 loss=7.4987 (13.3s)
  [seg-only seed=1] epoch 8/40 loss=7.4882 (15.2s)
  [seg-only seed=1] epoch 9/40 loss=7.4822 (17.1s)
  [seg-only seed=1] epoch 10/40 loss=7.4775 (19.0s)
  [seg-only seed=1] epoch 11/40 loss=7.4672 (20.9s)
  [seg-only seed=1] epoch 12/40 loss=7.4645 (22.7s)
  [seg-only seed=1] epoch 13/40 loss=7.4627 (24.7s)
  [seg-only seed=1] epoch 14/40 loss=7.4627 (26.6s)
  [seg-only seed=1] epoch 15/40 loss=7.4548 (28.5s)
  [seg-only seed=1] epoch 16/40 loss=7.4655 (30.4s)
  [seg-only seed=1] epoch 17/40 loss=7.4488 (32.2s)
  [seg-only seed=1] epoch 18/40 loss=7.4377 (34.1s)
  [seg-only seed=1] epoch 19/40 loss=7.4335 (36.0s)
  [seg-only seed=1] epoch 20/40 loss=7.4387 (37.9s)
  [seg-only seed=1] epoch 21/40 loss=7.4361 (39.8s)
  [seg-only seed=1] epoch 22/40 loss=7.4318 (41.7s)
  [seg-only seed=1] epoch 23/40 loss=7.4259 (43.6s)
  [seg-only seed=1] epoch 24/40 loss=7.4321 (45.4s)
  [seg-only seed=1] epoch 25/40 loss=7.4241 (47.3s)
  [seg-only seed=1] epoch 26/40 loss=7.4274 (49.2s)
  [seg-only seed=1] epoch 27/40 loss=7.4171 (51.1s)
  [seg-only seed=1] epoch 28/40 loss=7.4450 (53.0s)
  [seg-only seed=1] epoch 29/40 loss=7.4232 (55.0s)
  [seg-only seed=1] epoch 30/40 loss=7.4245 (56.9s)
  [seg-only seed=1] epoch 31/40 loss=7.4241 (58.8s)
  [seg-only seed=1] epoch 32/40 loss=7.4348 (60.5s)
  [seg-only seed=1] epoch 33/40 loss=7.4209 (62.3s)
  [seg-only seed=1] epoch 34/40 loss=7.4263 (64.3s)
  [seg-only seed=1] epoch 35/40 loss=7.4163 (66.2s)
  [seg-only seed=1] epoch 36/40 loss=7.4336 (68.1s)
  [seg-only seed=1] epoch 37/40 loss=7.4117 (69.8s)
  [seg-only seed=1] epoch 38/40 loss=7.4165 (71.7s)
  [seg-only seed=1] epoch 39/40 loss=7.4168 (73.6s)
  [seg-only seed=1] epoch 40/40 loss=7.4240 (75.6s)

=== Training variant 'seg-only' seed 2 ===
  [seg-only seed=2] epoch 1/40 loss=10.0315 (1.9s)
  [seg-only seed=2] epoch 2/40 loss=7.7021 (3.8s)
  [seg-only seed=2] epoch 3/40 loss=7.6771 (5.7s)
  [seg-only seed=2] epoch 4/40 loss=7.6405 (7.6s)
  [seg-only seed=2] epoch 5/40 loss=7.6053 (9.5s)
  [seg-only seed=2] epoch 6/40 loss=7.5469 (11.3s)
  [seg-only seed=2] epoch 7/40 loss=7.5126 (13.2s)
  [seg-only seed=2] epoch 8/40 loss=7.4998 (15.1s)
  [seg-only seed=2] epoch 9/40 loss=7.4690 (17.0s)
  [seg-only seed=2] epoch 10/40 loss=7.4704 (18.9s)
  [seg-only seed=2] epoch 11/40 loss=7.4525 (20.8s)
  [seg-only seed=2] epoch 12/40 loss=7.4507 (22.7s)
  [seg-only seed=2] epoch 13/40 loss=7.4587 (24.6s)
  [seg-only seed=2] epoch 14/40 loss=7.4517 (26.5s)
  [seg-only seed=2] epoch 15/40 loss=7.4334 (28.4s)
  [seg-only seed=2] epoch 16/40 loss=7.4277 (30.3s)
  [seg-only seed=2] epoch 17/40 loss=7.4303 (32.3s)
  [seg-only seed=2] epoch 18/40 loss=7.4195 (34.2s)
  [seg-only seed=2] epoch 19/40 loss=7.4229 (36.0s)
  [seg-only seed=2] epoch 20/40 loss=7.4193 (37.8s)
  [seg-only seed=2] epoch 21/40 loss=7.4159 (39.7s)
  [seg-only seed=2] epoch 22/40 loss=7.4213 (41.6s)
  [seg-only seed=2] epoch 23/40 loss=7.4119 (43.5s)
  [seg-only seed=2] epoch 24/40 loss=7.4237 (45.4s)
  [seg-only seed=2] epoch 25/40 loss=7.4087 (47.3s)
  [seg-only seed=2] epoch 26/40 loss=7.4175 (49.3s)
  [seg-only seed=2] epoch 27/40 loss=7.4135 (51.2s)
  [seg-only seed=2] epoch 28/40 loss=7.4111 (53.1s)
  [seg-only seed=2] epoch 29/40 loss=7.4224 (55.0s)
  [seg-only seed=2] epoch 30/40 loss=7.4087 (56.9s)
  [seg-only seed=2] epoch 31/40 loss=7.4019 (58.8s)
  [seg-only seed=2] epoch 32/40 loss=7.4077 (60.7s)
  [seg-only seed=2] epoch 33/40 loss=7.4053 (62.6s)
  [seg-only seed=2] epoch 34/40 loss=7.4164 (64.5s)
  [seg-only seed=2] epoch 35/40 loss=7.4087 (66.4s)
  [seg-only seed=2] epoch 36/40 loss=7.4076 (68.3s)
  [seg-only seed=2] epoch 37/40 loss=7.4008 (70.1s)
  [seg-only seed=2] epoch 38/40 loss=7.4138 (72.1s)
  [seg-only seed=2] epoch 39/40 loss=7.4054 (73.9s)
  [seg-only seed=2] epoch 40/40 loss=7.3983 (75.9s)

=== Training variant 'seg+pos' seed 0 ===
  [seg+pos seed=0] epoch 1/40 loss=10.7046 (2.0s)
  [seg+pos seed=0] epoch 2/40 loss=7.8235 (4.0s)
  [seg+pos seed=0] epoch 3/40 loss=7.7545 (5.9s)
  [seg+pos seed=0] epoch 4/40 loss=7.6405 (7.9s)
  [seg+pos seed=0] epoch 5/40 loss=7.5990 (9.9s)
  [seg+pos seed=0] epoch 6/40 loss=7.5856 (11.8s)
  [seg+pos seed=0] epoch 7/40 loss=7.5833 (13.8s)
  [seg+pos seed=0] epoch 8/40 loss=7.5672 (15.8s)
  [seg+pos seed=0] epoch 9/40 loss=7.5640 (17.7s)
  [seg+pos seed=0] epoch 10/40 loss=7.5493 (19.7s)
  [seg+pos seed=0] epoch 11/40 loss=7.5444 (21.7s)
  [seg+pos seed=0] epoch 12/40 loss=7.5385 (23.6s)
  [seg+pos seed=0] epoch 13/40 loss=7.5372 (25.6s)
  [seg+pos seed=0] epoch 14/40 loss=7.5443 (27.5s)
  [seg+pos seed=0] epoch 15/40 loss=7.5338 (29.5s)
  [seg+pos seed=0] epoch 16/40 loss=7.5304 (31.5s)
  [seg+pos seed=0] epoch 17/40 loss=7.5236 (33.4s)
  [seg+pos seed=0] epoch 18/40 loss=7.5237 (35.4s)
  [seg+pos seed=0] epoch 19/40 loss=7.5223 (37.3s)
  [seg+pos seed=0] epoch 20/40 loss=7.5326 (39.3s)
  [seg+pos seed=0] epoch 21/40 loss=7.5214 (41.2s)
  [seg+pos seed=0] epoch 22/40 loss=7.5289 (43.2s)
  [seg+pos seed=0] epoch 23/40 loss=7.5267 (45.1s)
  [seg+pos seed=0] epoch 24/40 loss=7.5130 (47.1s)
  [seg+pos seed=0] epoch 25/40 loss=7.5202 (49.0s)
  [seg+pos seed=0] epoch 26/40 loss=7.5135 (51.0s)
  [seg+pos seed=0] epoch 27/40 loss=7.5108 (53.0s)
  [seg+pos seed=0] epoch 28/40 loss=7.5198 (54.9s)
  [seg+pos seed=0] epoch 29/40 loss=7.5129 (56.9s)
  [seg+pos seed=0] epoch 30/40 loss=7.5119 (58.9s)
  [seg+pos seed=0] epoch 31/40 loss=7.5157 (60.8s)
  [seg+pos seed=0] epoch 32/40 loss=7.5217 (62.9s)
  [seg+pos seed=0] epoch 33/40 loss=7.5263 (64.8s)
  [seg+pos seed=0] epoch 34/40 loss=7.5112 (66.8s)
  [seg+pos seed=0] epoch 35/40 loss=7.5105 (68.8s)
  [seg+pos seed=0] epoch 36/40 loss=7.5119 (70.7s)
  [seg+pos seed=0] epoch 37/40 loss=7.5114 (72.6s)
  [seg+pos seed=0] epoch 38/40 loss=7.5130 (74.5s)
  [seg+pos seed=0] epoch 39/40 loss=7.5180 (76.5s)
  [seg+pos seed=0] epoch 40/40 loss=7.5085 (78.5s)

=== Training variant 'seg+pos' seed 1 ===
  [seg+pos seed=1] epoch 1/40 loss=10.1955 (2.0s)
  [seg+pos seed=1] epoch 2/40 loss=7.8801 (4.0s)
  [seg+pos seed=1] epoch 3/40 loss=7.7169 (6.0s)
  [seg+pos seed=1] epoch 4/40 loss=7.6521 (8.0s)
  [seg+pos seed=1] epoch 5/40 loss=7.6402 (10.0s)
  [seg+pos seed=1] epoch 6/40 loss=7.6060 (11.9s)
  [seg+pos seed=1] epoch 7/40 loss=7.5899 (13.9s)
  [seg+pos seed=1] epoch 8/40 loss=7.5808 (15.9s)
  [seg+pos seed=1] epoch 9/40 loss=7.5668 (17.9s)
  [seg+pos seed=1] epoch 10/40 loss=7.5689 (19.8s)
  [seg+pos seed=1] epoch 11/40 loss=7.5628 (21.8s)
  [seg+pos seed=1] epoch 12/40 loss=7.5552 (23.8s)
  [seg+pos seed=1] epoch 13/40 loss=7.5574 (25.7s)
  [seg+pos seed=1] epoch 14/40 loss=7.5545 (27.7s)
  [seg+pos seed=1] epoch 15/40 loss=7.5474 (29.7s)
  [seg+pos seed=1] epoch 16/40 loss=7.5557 (31.7s)
  [seg+pos seed=1] epoch 17/40 loss=7.5414 (33.6s)
  [seg+pos seed=1] epoch 18/40 loss=7.5368 (35.6s)
  [seg+pos seed=1] epoch 19/40 loss=7.5297 (37.6s)
  [seg+pos seed=1] epoch 20/40 loss=7.5406 (39.6s)
  [seg+pos seed=1] epoch 21/40 loss=7.5340 (41.6s)
  [seg+pos seed=1] epoch 22/40 loss=7.5320 (43.5s)
  [seg+pos seed=1] epoch 23/40 loss=7.5284 (45.5s)
  [seg+pos seed=1] epoch 24/40 loss=7.5356 (47.5s)
  [seg+pos seed=1] epoch 25/40 loss=7.5265 (49.4s)
  [seg+pos seed=1] epoch 26/40 loss=7.5279 (51.4s)
  [seg+pos seed=1] epoch 27/40 loss=7.5200 (53.4s)
  [seg+pos seed=1] epoch 28/40 loss=7.5451 (55.3s)
  [seg+pos seed=1] epoch 29/40 loss=7.5249 (57.3s)
  [seg+pos seed=1] epoch 30/40 loss=7.5267 (59.2s)
  [seg+pos seed=1] epoch 31/40 loss=7.5283 (61.3s)
  [seg+pos seed=1] epoch 32/40 loss=7.5386 (63.2s)
  [seg+pos seed=1] epoch 33/40 loss=7.5274 (65.2s)
  [seg+pos seed=1] epoch 34/40 loss=7.5335 (67.2s)
  [seg+pos seed=1] epoch 35/40 loss=7.5212 (69.1s)
  [seg+pos seed=1] epoch 36/40 loss=7.5381 (71.1s)
  [seg+pos seed=1] epoch 37/40 loss=7.5185 (73.1s)
  [seg+pos seed=1] epoch 38/40 loss=7.5230 (75.0s)
  [seg+pos seed=1] epoch 39/40 loss=7.5188 (77.0s)
  [seg+pos seed=1] epoch 40/40 loss=7.5281 (79.0s)

=== Training variant 'seg+pos' seed 2 ===
  [seg+pos seed=2] epoch 1/40 loss=10.3153 (2.0s)
  [seg+pos seed=2] epoch 2/40 loss=7.8103 (3.9s)
  [seg+pos seed=2] epoch 3/40 loss=7.7955 (5.9s)
  [seg+pos seed=2] epoch 4/40 loss=7.7054 (7.9s)
  [seg+pos seed=2] epoch 5/40 loss=7.6378 (9.8s)
  [seg+pos seed=2] epoch 6/40 loss=7.6005 (11.8s)
  [seg+pos seed=2] epoch 7/40 loss=7.5780 (13.7s)
  [seg+pos seed=2] epoch 8/40 loss=7.5693 (15.7s)
  [seg+pos seed=2] epoch 9/40 loss=7.5498 (17.7s)
  [seg+pos seed=2] epoch 10/40 loss=7.5585 (19.6s)
  [seg+pos seed=2] epoch 11/40 loss=7.5435 (21.6s)
  [seg+pos seed=2] epoch 12/40 loss=7.5371 (23.6s)
  [seg+pos seed=2] epoch 13/40 loss=7.5528 (25.5s)
  [seg+pos seed=2] epoch 14/40 loss=7.5430 (27.5s)
  [seg+pos seed=2] epoch 15/40 loss=7.5321 (29.5s)
  [seg+pos seed=2] epoch 16/40 loss=7.5271 (31.4s)
  [seg+pos seed=2] epoch 17/40 loss=7.5314 (33.4s)
  [seg+pos seed=2] epoch 18/40 loss=7.5252 (35.4s)
  [seg+pos seed=2] epoch 19/40 loss=7.5297 (37.3s)
  [seg+pos seed=2] epoch 20/40 loss=7.5230 (39.3s)
  [seg+pos seed=2] epoch 21/40 loss=7.5177 (41.3s)
  [seg+pos seed=2] epoch 22/40 loss=7.5242 (43.2s)
  [seg+pos seed=2] epoch 23/40 loss=7.5198 (45.2s)
  [seg+pos seed=2] epoch 24/40 loss=7.5253 (47.1s)
  [seg+pos seed=2] epoch 25/40 loss=7.5135 (49.1s)
  [seg+pos seed=2] epoch 26/40 loss=7.5262 (51.1s)
  [seg+pos seed=2] epoch 27/40 loss=7.5225 (53.1s)
  [seg+pos seed=2] epoch 28/40 loss=7.5186 (55.0s)
  [seg+pos seed=2] epoch 29/40 loss=7.5172 (57.0s)
  [seg+pos seed=2] epoch 30/40 loss=7.5155 (59.0s)
  [seg+pos seed=2] epoch 31/40 loss=7.5130 (61.0s)
  [seg+pos seed=2] epoch 32/40 loss=7.5134 (63.0s)
  [seg+pos seed=2] epoch 33/40 loss=7.5105 (65.0s)
  [seg+pos seed=2] epoch 34/40 loss=7.5219 (67.0s)
  [seg+pos seed=2] epoch 35/40 loss=7.5179 (69.0s)
  [seg+pos seed=2] epoch 36/40 loss=7.5159 (71.0s)
  [seg+pos seed=2] epoch 37/40 loss=7.5095 (72.9s)
  [seg+pos seed=2] epoch 38/40 loss=7.5210 (74.9s)
  [seg+pos seed=2] epoch 39/40 loss=7.5091 (76.9s)
  [seg+pos seed=2] epoch 40/40 loss=7.5041 (78.9s)

=== Training variant 'seg+pos+rms' seed 0 ===
  [seg+pos+rms seed=0] epoch 1/40 loss=16.9887 (2.1s)
  [seg+pos+rms seed=0] epoch 2/40 loss=10.3546 (4.3s)
  [seg+pos+rms seed=0] epoch 3/40 loss=8.6892 (6.5s)
  [seg+pos+rms seed=0] epoch 4/40 loss=8.3945 (8.6s)
  [seg+pos+rms seed=0] epoch 5/40 loss=8.2642 (10.8s)
  [seg+pos+rms seed=0] epoch 6/40 loss=8.1940 (12.9s)
  [seg+pos+rms seed=0] epoch 7/40 loss=8.1632 (15.1s)
  [seg+pos+rms seed=0] epoch 8/40 loss=8.1150 (17.3s)
  [seg+pos+rms seed=0] epoch 9/40 loss=8.1311 (19.5s)
  [seg+pos+rms seed=0] epoch 10/40 loss=8.0923 (21.7s)
  [seg+pos+rms seed=0] epoch 11/40 loss=8.0872 (23.8s)
  [seg+pos+rms seed=0] epoch 12/40 loss=8.0486 (26.0s)
  [seg+pos+rms seed=0] epoch 13/40 loss=8.0806 (28.1s)
  [seg+pos+rms seed=0] epoch 14/40 loss=8.0615 (30.3s)
  [seg+pos+rms seed=0] epoch 15/40 loss=8.0717 (32.5s)
  [seg+pos+rms seed=0] epoch 16/40 loss=8.0679 (34.6s)
  [seg+pos+rms seed=0] epoch 17/40 loss=8.0464 (36.8s)
  [seg+pos+rms seed=0] epoch 18/40 loss=8.0108 (38.9s)
  [seg+pos+rms seed=0] epoch 19/40 loss=8.0192 (41.1s)
  [seg+pos+rms seed=0] epoch 20/40 loss=8.0485 (43.2s)
  [seg+pos+rms seed=0] epoch 21/40 loss=8.0089 (45.4s)
  [seg+pos+rms seed=0] epoch 22/40 loss=8.0182 (47.6s)
  [seg+pos+rms seed=0] epoch 23/40 loss=8.0234 (49.7s)
  [seg+pos+rms seed=0] epoch 24/40 loss=7.9936 (51.9s)
  [seg+pos+rms seed=0] epoch 25/40 loss=8.0069 (54.1s)
  [seg+pos+rms seed=0] epoch 26/40 loss=8.0083 (56.2s)
  [seg+pos+rms seed=0] epoch 27/40 loss=7.9862 (58.4s)
  [seg+pos+rms seed=0] epoch 28/40 loss=7.9950 (60.6s)
  [seg+pos+rms seed=0] epoch 29/40 loss=8.0019 (62.7s)
  [seg+pos+rms seed=0] epoch 30/40 loss=7.9940 (64.9s)
  [seg+pos+rms seed=0] epoch 31/40 loss=7.9891 (67.1s)
  [seg+pos+rms seed=0] epoch 32/40 loss=7.9933 (69.3s)
  [seg+pos+rms seed=0] epoch 33/40 loss=7.9963 (71.5s)
  [seg+pos+rms seed=0] epoch 34/40 loss=7.9867 (73.7s)
  [seg+pos+rms seed=0] epoch 35/40 loss=7.9806 (75.9s)
  [seg+pos+rms seed=0] epoch 36/40 loss=7.9811 (78.1s)
  [seg+pos+rms seed=0] epoch 37/40 loss=7.9875 (80.2s)
  [seg+pos+rms seed=0] epoch 38/40 loss=7.9819 (82.4s)
  [seg+pos+rms seed=0] epoch 39/40 loss=8.0172 (84.6s)
  [seg+pos+rms seed=0] epoch 40/40 loss=7.9854 (86.8s)

=== Training variant 'seg+pos+rms' seed 1 ===
  [seg+pos+rms seed=1] epoch 1/40 loss=17.1262 (2.1s)
  [seg+pos+rms seed=1] epoch 2/40 loss=10.3580 (4.3s)
  [seg+pos+rms seed=1] epoch 3/40 loss=9.3619 (6.5s)
  [seg+pos+rms seed=1] epoch 4/40 loss=8.9257 (8.7s)
  [seg+pos+rms seed=1] epoch 5/40 loss=8.4759 (10.8s)
  [seg+pos+rms seed=1] epoch 6/40 loss=8.3017 (13.1s)
  [seg+pos+rms seed=1] epoch 7/40 loss=8.2189 (15.2s)
  [seg+pos+rms seed=1] epoch 8/40 loss=8.1946 (17.4s)
  [seg+pos+rms seed=1] epoch 9/40 loss=8.1650 (19.6s)
  [seg+pos+rms seed=1] epoch 10/40 loss=8.1640 (21.7s)
  [seg+pos+rms seed=1] epoch 11/40 loss=8.1495 (23.8s)
  [seg+pos+rms seed=1] epoch 12/40 loss=8.0957 (26.0s)
  [seg+pos+rms seed=1] epoch 13/40 loss=8.1103 (28.2s)
  [seg+pos+rms seed=1] epoch 14/40 loss=8.1099 (30.3s)
  [seg+pos+rms seed=1] epoch 15/40 loss=8.0759 (32.5s)
  [seg+pos+rms seed=1] epoch 16/40 loss=8.0669 (34.7s)
  [seg+pos+rms seed=1] epoch 17/40 loss=8.0477 (36.8s)
  [seg+pos+rms seed=1] epoch 18/40 loss=8.0442 (39.0s)
  [seg+pos+rms seed=1] epoch 19/40 loss=8.0393 (41.2s)
  [seg+pos+rms seed=1] epoch 20/40 loss=8.0790 (43.3s)
  [seg+pos+rms seed=1] epoch 21/40 loss=8.0437 (45.5s)
  [seg+pos+rms seed=1] epoch 22/40 loss=8.0186 (47.7s)
  [seg+pos+rms seed=1] epoch 23/40 loss=8.0186 (49.8s)
  [seg+pos+rms seed=1] epoch 24/40 loss=8.0281 (52.0s)
  [seg+pos+rms seed=1] epoch 25/40 loss=8.0207 (54.0s)
  [seg+pos+rms seed=1] epoch 26/40 loss=8.0151 (56.1s)
  [seg+pos+rms seed=1] epoch 27/40 loss=8.0301 (58.4s)
  [seg+pos+rms seed=1] epoch 28/40 loss=8.0532 (60.5s)
  [seg+pos+rms seed=1] epoch 29/40 loss=7.9973 (62.7s)
  [seg+pos+rms seed=1] epoch 30/40 loss=8.0010 (64.8s)
  [seg+pos+rms seed=1] epoch 31/40 loss=8.0097 (67.0s)
  [seg+pos+rms seed=1] epoch 32/40 loss=8.0602 (69.2s)
  [seg+pos+rms seed=1] epoch 33/40 loss=8.0325 (71.4s)
  [seg+pos+rms seed=1] epoch 34/40 loss=8.0470 (73.6s)
  [seg+pos+rms seed=1] epoch 35/40 loss=8.0158 (75.8s)
  [seg+pos+rms seed=1] epoch 36/40 loss=8.0300 (78.0s)
  [seg+pos+rms seed=1] epoch 37/40 loss=7.9992 (80.2s)
  [seg+pos+rms seed=1] epoch 38/40 loss=7.9904 (82.4s)
  [seg+pos+rms seed=1] epoch 39/40 loss=7.9903 (84.6s)
  [seg+pos+rms seed=1] epoch 40/40 loss=8.0203 (86.7s)

=== Training variant 'seg+pos+rms' seed 2 ===
  [seg+pos+rms seed=2] epoch 1/40 loss=14.6456 (2.2s)
  [seg+pos+rms seed=2] epoch 2/40 loss=9.1489 (4.4s)
  [seg+pos+rms seed=2] epoch 3/40 loss=8.4483 (6.6s)
  [seg+pos+rms seed=2] epoch 4/40 loss=8.2215 (8.7s)
  [seg+pos+rms seed=2] epoch 5/40 loss=8.1630 (10.9s)
  [seg+pos+rms seed=2] epoch 6/40 loss=8.1515 (13.1s)
  [seg+pos+rms seed=2] epoch 7/40 loss=8.1062 (15.3s)
  [seg+pos+rms seed=2] epoch 8/40 loss=8.1365 (17.5s)
  [seg+pos+rms seed=2] epoch 9/40 loss=8.1031 (19.7s)
  [seg+pos+rms seed=2] epoch 10/40 loss=8.0804 (21.8s)
  [seg+pos+rms seed=2] epoch 11/40 loss=8.0695 (24.0s)
  [seg+pos+rms seed=2] epoch 12/40 loss=8.0626 (26.2s)
  [seg+pos+rms seed=2] epoch 13/40 loss=8.0533 (28.4s)
  [seg+pos+rms seed=2] epoch 14/40 loss=8.0571 (30.6s)
  [seg+pos+rms seed=2] epoch 15/40 loss=8.0221 (32.8s)
  [seg+pos+rms seed=2] epoch 16/40 loss=8.0275 (34.9s)
  [seg+pos+rms seed=2] epoch 17/40 loss=8.0166 (37.1s)
  [seg+pos+rms seed=2] epoch 18/40 loss=8.0490 (39.3s)
  [seg+pos+rms seed=2] epoch 19/40 loss=8.0115 (41.5s)
  [seg+pos+rms seed=2] epoch 20/40 loss=8.0124 (43.7s)
  [seg+pos+rms seed=2] epoch 21/40 loss=8.0061 (45.9s)
  [seg+pos+rms seed=2] epoch 22/40 loss=7.9842 (48.1s)
  [seg+pos+rms seed=2] epoch 23/40 loss=8.0028 (50.2s)
  [seg+pos+rms seed=2] epoch 24/40 loss=8.0050 (52.4s)
  [seg+pos+rms seed=2] epoch 25/40 loss=7.9957 (54.5s)
  [seg+pos+rms seed=2] epoch 26/40 loss=8.0290 (56.7s)
  [seg+pos+rms seed=2] epoch 27/40 loss=7.9922 (58.9s)
  [seg+pos+rms seed=2] epoch 28/40 loss=7.9808 (61.0s)
  [seg+pos+rms seed=2] epoch 29/40 loss=7.9810 (63.2s)
  [seg+pos+rms seed=2] epoch 30/40 loss=7.9859 (65.4s)
  [seg+pos+rms seed=2] epoch 31/40 loss=7.9879 (67.5s)
  [seg+pos+rms seed=2] epoch 32/40 loss=8.0020 (69.7s)
  [seg+pos+rms seed=2] epoch 33/40 loss=7.9792 (71.8s)
  [seg+pos+rms seed=2] epoch 34/40 loss=7.9795 (74.0s)
  [seg+pos+rms seed=2] epoch 35/40 loss=7.9786 (76.1s)
  [seg+pos+rms seed=2] epoch 36/40 loss=7.9964 (78.3s)
  [seg+pos+rms seed=2] epoch 37/40 loss=7.9725 (80.4s)
  [seg+pos+rms seed=2] epoch 38/40 loss=7.9965 (82.6s)
  [seg+pos+rms seed=2] epoch 39/40 loss=7.9953 (84.8s)
  [seg+pos+rms seed=2] epoch 40/40 loss=7.9728 (87.0s)

=== Training variant 'seg+pos+rms+psd' seed 0 ===
  [seg+pos+rms+psd seed=0] epoch 1/40 loss=18.9062 (3.1s)
  [seg+pos+rms+psd seed=0] epoch 2/40 loss=10.3458 (6.2s)
  [seg+pos+rms+psd seed=0] epoch 3/40 loss=9.9235 (9.2s)
  [seg+pos+rms+psd seed=0] epoch 4/40 loss=9.6178 (12.3s)
  [seg+pos+rms+psd seed=0] epoch 5/40 loss=9.5044 (15.3s)
  [seg+pos+rms+psd seed=0] epoch 6/40 loss=9.4468 (18.3s)
  [seg+pos+rms+psd seed=0] epoch 7/40 loss=9.4014 (21.5s)
  [seg+pos+rms+psd seed=0] epoch 8/40 loss=9.2959 (24.5s)
  [seg+pos+rms+psd seed=0] epoch 9/40 loss=9.3449 (27.5s)
  [seg+pos+rms+psd seed=0] epoch 10/40 loss=9.2300 (30.6s)
  [seg+pos+rms+psd seed=0] epoch 11/40 loss=9.2158 (33.7s)
  [seg+pos+rms+psd seed=0] epoch 12/40 loss=9.1990 (36.7s)
  [seg+pos+rms+psd seed=0] epoch 13/40 loss=9.1670 (39.8s)
  [seg+pos+rms+psd seed=0] epoch 14/40 loss=9.1584 (42.9s)
  [seg+pos+rms+psd seed=0] epoch 15/40 loss=9.0892 (46.0s)
  [seg+pos+rms+psd seed=0] epoch 16/40 loss=9.1197 (49.0s)
  [seg+pos+rms+psd seed=0] epoch 17/40 loss=9.1049 (52.1s)
  [seg+pos+rms+psd seed=0] epoch 18/40 loss=9.0060 (55.2s)
  [seg+pos+rms+psd seed=0] epoch 19/40 loss=9.0004 (58.3s)
  [seg+pos+rms+psd seed=0] epoch 20/40 loss=9.0655 (61.3s)
  [seg+pos+rms+psd seed=0] epoch 21/40 loss=8.9715 (64.4s)
  [seg+pos+rms+psd seed=0] epoch 22/40 loss=9.0003 (67.4s)
  [seg+pos+rms+psd seed=0] epoch 23/40 loss=8.9640 (70.5s)
  [seg+pos+rms+psd seed=0] epoch 24/40 loss=9.0114 (73.5s)
  [seg+pos+rms+psd seed=0] epoch 25/40 loss=8.9762 (76.6s)
  [seg+pos+rms+psd seed=0] epoch 26/40 loss=8.9540 (79.7s)
  [seg+pos+rms+psd seed=0] epoch 27/40 loss=8.9081 (82.8s)
  [seg+pos+rms+psd seed=0] epoch 28/40 loss=9.0061 (85.8s)
  [seg+pos+rms+psd seed=0] epoch 29/40 loss=8.9764 (88.9s)
  [seg+pos+rms+psd seed=0] epoch 30/40 loss=8.9503 (91.9s)
  [seg+pos+rms+psd seed=0] epoch 31/40 loss=8.9428 (95.0s)
  [seg+pos+rms+psd seed=0] epoch 32/40 loss=8.9184 (98.1s)
  [seg+pos+rms+psd seed=0] epoch 33/40 loss=8.8721 (101.1s)
  [seg+pos+rms+psd seed=0] epoch 34/40 loss=8.8706 (104.2s)
  [seg+pos+rms+psd seed=0] epoch 35/40 loss=8.8740 (107.2s)
  [seg+pos+rms+psd seed=0] epoch 36/40 loss=8.8656 (110.2s)
  [seg+pos+rms+psd seed=0] epoch 37/40 loss=8.8844 (113.2s)
  [seg+pos+rms+psd seed=0] epoch 38/40 loss=8.8730 (116.3s)
  [seg+pos+rms+psd seed=0] epoch 39/40 loss=8.8578 (119.4s)
  [seg+pos+rms+psd seed=0] epoch 40/40 loss=8.9019 (122.4s)

=== Training variant 'seg+pos+rms+psd' seed 1 ===
  [seg+pos+rms+psd seed=1] epoch 1/40 loss=17.5740 (2.9s)
  [seg+pos+rms+psd seed=1] epoch 2/40 loss=10.4816 (5.8s)
  [seg+pos+rms+psd seed=1] epoch 3/40 loss=9.8316 (8.8s)
  [seg+pos+rms+psd seed=1] epoch 4/40 loss=9.5751 (11.9s)
  [seg+pos+rms+psd seed=1] epoch 5/40 loss=9.5407 (14.9s)
  [seg+pos+rms+psd seed=1] epoch 6/40 loss=9.4586 (18.0s)
  [seg+pos+rms+psd seed=1] epoch 7/40 loss=9.4408 (21.0s)
  [seg+pos+rms+psd seed=1] epoch 8/40 loss=9.4087 (24.1s)
  [seg+pos+rms+psd seed=1] epoch 9/40 loss=9.3692 (27.1s)
  [seg+pos+rms+psd seed=1] epoch 10/40 loss=9.4133 (30.1s)
  [seg+pos+rms+psd seed=1] epoch 11/40 loss=9.3627 (33.2s)
  [seg+pos+rms+psd seed=1] epoch 12/40 loss=9.3264 (36.2s)
  [seg+pos+rms+psd seed=1] epoch 13/40 loss=9.2919 (39.3s)
  [seg+pos+rms+psd seed=1] epoch 14/40 loss=9.3007 (42.3s)
  [seg+pos+rms+psd seed=1] epoch 15/40 loss=9.2531 (45.4s)
  [seg+pos+rms+psd seed=1] epoch 16/40 loss=9.1612 (48.4s)
  [seg+pos+rms+psd seed=1] epoch 17/40 loss=9.1443 (51.5s)
  [seg+pos+rms+psd seed=1] epoch 18/40 loss=9.0978 (54.5s)
  [seg+pos+rms+psd seed=1] epoch 19/40 loss=9.0208 (57.5s)
  [seg+pos+rms+psd seed=1] epoch 20/40 loss=9.0393 (60.6s)
  [seg+pos+rms+psd seed=1] epoch 21/40 loss=9.0209 (63.6s)
  [seg+pos+rms+psd seed=1] epoch 22/40 loss=8.9783 (66.7s)
  [seg+pos+rms+psd seed=1] epoch 23/40 loss=9.0300 (69.6s)
  [seg+pos+rms+psd seed=1] epoch 24/40 loss=9.0128 (72.7s)
  [seg+pos+rms+psd seed=1] epoch 25/40 loss=8.9649 (75.7s)
  [seg+pos+rms+psd seed=1] epoch 26/40 loss=8.9694 (78.7s)
  [seg+pos+rms+psd seed=1] epoch 27/40 loss=8.9970 (81.7s)
  [seg+pos+rms+psd seed=1] epoch 28/40 loss=8.9076 (84.8s)
  [seg+pos+rms+psd seed=1] epoch 29/40 loss=8.9011 (87.7s)
  [seg+pos+rms+psd seed=1] epoch 30/40 loss=8.8786 (90.8s)
  [seg+pos+rms+psd seed=1] epoch 31/40 loss=8.8823 (93.9s)
  [seg+pos+rms+psd seed=1] epoch 32/40 loss=8.8519 (97.0s)
  [seg+pos+rms+psd seed=1] epoch 33/40 loss=8.8684 (100.1s)
  [seg+pos+rms+psd seed=1] epoch 34/40 loss=8.9152 (103.1s)
  [seg+pos+rms+psd seed=1] epoch 35/40 loss=8.9084 (106.1s)
  [seg+pos+rms+psd seed=1] epoch 36/40 loss=8.8406 (109.2s)
  [seg+pos+rms+psd seed=1] epoch 37/40 loss=8.8472 (112.2s)
  [seg+pos+rms+psd seed=1] epoch 38/40 loss=8.8434 (115.3s)
  [seg+pos+rms+psd seed=1] epoch 39/40 loss=8.8165 (118.3s)
  [seg+pos+rms+psd seed=1] epoch 40/40 loss=8.8808 (121.4s)

=== Training variant 'seg+pos+rms+psd' seed 2 ===
  [seg+pos+rms+psd seed=2] epoch 1/40 loss=17.3022 (3.0s)
  [seg+pos+rms+psd seed=2] epoch 2/40 loss=10.1381 (6.1s)
  [seg+pos+rms+psd seed=2] epoch 3/40 loss=9.6394 (9.1s)
  [seg+pos+rms+psd seed=2] epoch 4/40 loss=9.4485 (12.2s)
  [seg+pos+rms+psd seed=2] epoch 5/40 loss=9.3658 (15.3s)
  [seg+pos+rms+psd seed=2] epoch 6/40 loss=9.3699 (18.3s)
  [seg+pos+rms+psd seed=2] epoch 7/40 loss=9.3279 (21.3s)
  [seg+pos+rms+psd seed=2] epoch 8/40 loss=9.2846 (24.4s)
  [seg+pos+rms+psd seed=2] epoch 9/40 loss=9.1922 (27.4s)
  [seg+pos+rms+psd seed=2] epoch 10/40 loss=9.2163 (30.5s)
  [seg+pos+rms+psd seed=2] epoch 11/40 loss=9.2567 (33.5s)
  [seg+pos+rms+psd seed=2] epoch 12/40 loss=9.1186 (36.6s)
  [seg+pos+rms+psd seed=2] epoch 13/40 loss=9.0226 (39.7s)
  [seg+pos+rms+psd seed=2] epoch 14/40 loss=9.0251 (42.8s)
  [seg+pos+rms+psd seed=2] epoch 15/40 loss=9.0292 (45.8s)
  [seg+pos+rms+psd seed=2] epoch 16/40 loss=8.9676 (48.9s)
  [seg+pos+rms+psd seed=2] epoch 17/40 loss=8.9484 (52.0s)
  [seg+pos+rms+psd seed=2] epoch 18/40 loss=9.0473 (55.0s)
  [seg+pos+rms+psd seed=2] epoch 19/40 loss=8.9025 (58.0s)
  [seg+pos+rms+psd seed=2] epoch 20/40 loss=8.9673 (61.1s)
  [seg+pos+rms+psd seed=2] epoch 21/40 loss=8.9031 (64.2s)
  [seg+pos+rms+psd seed=2] epoch 22/40 loss=8.8675 (67.3s)
  [seg+pos+rms+psd seed=2] epoch 23/40 loss=8.8653 (70.3s)
  [seg+pos+rms+psd seed=2] epoch 24/40 loss=8.8638 (73.3s)
  [seg+pos+rms+psd seed=2] epoch 25/40 loss=8.8441 (76.4s)
  [seg+pos+rms+psd seed=2] epoch 26/40 loss=8.8310 (79.5s)
  [seg+pos+rms+psd seed=2] epoch 27/40 loss=8.8206 (82.5s)
  [seg+pos+rms+psd seed=2] epoch 28/40 loss=8.8375 (85.5s)
  [seg+pos+rms+psd seed=2] epoch 29/40 loss=8.8600 (88.7s)
  [seg+pos+rms+psd seed=2] epoch 30/40 loss=8.7719 (91.9s)
  [seg+pos+rms+psd seed=2] epoch 31/40 loss=8.8313 (95.0s)
  [seg+pos+rms+psd seed=2] epoch 32/40 loss=8.8698 (98.1s)
  [seg+pos+rms+psd seed=2] epoch 33/40 loss=8.8169 (101.1s)
  [seg+pos+rms+psd seed=2] epoch 34/40 loss=8.7847 (104.2s)
  [seg+pos+rms+psd seed=2] epoch 35/40 loss=8.7584 (107.2s)
  [seg+pos+rms+psd seed=2] epoch 36/40 loss=8.8334 (110.2s)
  [seg+pos+rms+psd seed=2] epoch 37/40 loss=8.7701 (113.3s)
  [seg+pos+rms+psd seed=2] epoch 38/40 loss=8.7796 (116.3s)
  [seg+pos+rms+psd seed=2] epoch 39/40 loss=8.7799 (119.4s)
  [seg+pos+rms+psd seed=2] epoch 40/40 loss=8.7370 (122.4s)

=== Training variant 'full' seed 0 ===
  [full seed=0] epoch 1/40 loss=19.3271 (3.2s)
  [full seed=0] epoch 2/40 loss=10.8218 (6.0s)
  [full seed=0] epoch 3/40 loss=10.3047 (8.3s)
  [full seed=0] epoch 4/40 loss=9.9837 (10.9s)
  [full seed=0] epoch 5/40 loss=9.8546 (14.1s)
  [full seed=0] epoch 6/40 loss=9.8156 (17.2s)
  [full seed=0] epoch 7/40 loss=9.8376 (20.2s)
  [full seed=0] epoch 8/40 loss=9.6567 (23.4s)
  [full seed=0] epoch 9/40 loss=9.6433 (26.4s)
  [full seed=0] epoch 10/40 loss=9.5867 (29.5s)
  [full seed=0] epoch 11/40 loss=9.5497 (32.6s)
  [full seed=0] epoch 12/40 loss=9.4425 (35.6s)
  [full seed=0] epoch 13/40 loss=9.5360 (38.7s)
  [full seed=0] epoch 14/40 loss=9.4563 (41.8s)
  [full seed=0] epoch 15/40 loss=9.4411 (45.0s)
  [full seed=0] epoch 16/40 loss=9.4193 (48.1s)
  [full seed=0] epoch 17/40 loss=9.3647 (51.2s)
  [full seed=0] epoch 18/40 loss=9.3777 (54.4s)
  [full seed=0] epoch 19/40 loss=9.3580 (57.5s)
  [full seed=0] epoch 20/40 loss=9.4266 (60.6s)
  [full seed=0] epoch 21/40 loss=9.3534 (63.8s)
  [full seed=0] epoch 22/40 loss=9.3183 (66.9s)
  [full seed=0] epoch 23/40 loss=9.3071 (70.1s)
  [full seed=0] epoch 24/40 loss=9.3315 (73.4s)
  [full seed=0] epoch 25/40 loss=9.3227 (76.5s)
  [full seed=0] epoch 26/40 loss=9.2699 (79.6s)
  [full seed=0] epoch 27/40 loss=9.2494 (82.8s)
  [full seed=0] epoch 28/40 loss=9.3263 (85.9s)
  [full seed=0] epoch 29/40 loss=9.3342 (89.1s)
  [full seed=0] epoch 30/40 loss=9.2744 (92.2s)
  [full seed=0] epoch 31/40 loss=9.3295 (95.3s)
  [full seed=0] epoch 32/40 loss=9.2578 (98.4s)
  [full seed=0] epoch 33/40 loss=9.2174 (101.3s)
  [full seed=0] epoch 34/40 loss=9.2145 (103.8s)
  [full seed=0] epoch 35/40 loss=9.2365 (106.9s)
  [full seed=0] epoch 36/40 loss=9.2185 (110.1s)
  [full seed=0] epoch 37/40 loss=9.2083 (113.3s)
  [full seed=0] epoch 38/40 loss=9.2278 (116.5s)
  [full seed=0] epoch 39/40 loss=9.1736 (119.7s)
  [full seed=0] epoch 40/40 loss=9.2011 (122.9s)

=== Training variant 'full' seed 1 ===
  [full seed=1] epoch 1/40 loss=17.6874 (3.2s)
  [full seed=1] epoch 2/40 loss=10.8686 (6.2s)
  [full seed=1] epoch 3/40 loss=10.1630 (9.4s)
  [full seed=1] epoch 4/40 loss=9.9599 (12.5s)
  [full seed=1] epoch 5/40 loss=9.9324 (15.7s)
  [full seed=1] epoch 6/40 loss=9.8642 (18.9s)
  [full seed=1] epoch 7/40 loss=9.8236 (22.0s)
  [full seed=1] epoch 8/40 loss=9.7944 (25.2s)
  [full seed=1] epoch 9/40 loss=9.7684 (28.4s)
  [full seed=1] epoch 10/40 loss=9.7566 (31.5s)
  [full seed=1] epoch 11/40 loss=9.8508 (34.7s)
  [full seed=1] epoch 12/40 loss=9.7407 (37.8s)
  [full seed=1] epoch 13/40 loss=9.6762 (41.1s)
  [full seed=1] epoch 14/40 loss=9.6275 (44.2s)
  [full seed=1] epoch 15/40 loss=9.5860 (47.4s)
  [full seed=1] epoch 16/40 loss=9.5399 (50.7s)
  [full seed=1] epoch 17/40 loss=9.5515 (54.0s)
  [full seed=1] epoch 18/40 loss=9.5065 (57.2s)
  [full seed=1] epoch 19/40 loss=9.4633 (60.3s)
  [full seed=1] epoch 20/40 loss=9.5013 (63.6s)
  [full seed=1] epoch 21/40 loss=9.4664 (66.7s)
  [full seed=1] epoch 22/40 loss=9.4482 (69.8s)
  [full seed=1] epoch 23/40 loss=9.3916 (72.9s)
  [full seed=1] epoch 24/40 loss=9.3972 (76.0s)
  [full seed=1] epoch 25/40 loss=9.3929 (79.3s)
  [full seed=1] epoch 26/40 loss=9.4274 (82.5s)
  [full seed=1] epoch 27/40 loss=9.3494 (85.3s)
  [full seed=1] epoch 28/40 loss=9.4038 (87.7s)
  [full seed=1] epoch 29/40 loss=9.3554 (90.6s)
  [full seed=1] epoch 30/40 loss=9.3034 (93.3s)
  [full seed=1] epoch 31/40 loss=9.3356 (96.4s)
  [full seed=1] epoch 32/40 loss=9.2952 (99.6s)
  [full seed=1] epoch 33/40 loss=9.2849 (102.8s)
  [full seed=1] epoch 34/40 loss=9.3327 (106.0s)
  [full seed=1] epoch 35/40 loss=9.3156 (109.2s)
  [full seed=1] epoch 36/40 loss=9.2325 (112.4s)
  [full seed=1] epoch 37/40 loss=9.2272 (115.6s)
  [full seed=1] epoch 38/40 loss=9.2414 (118.7s)
  [full seed=1] epoch 39/40 loss=9.2321 (121.8s)
  [full seed=1] epoch 40/40 loss=9.3183 (124.4s)

=== Training variant 'full' seed 2 ===
  [full seed=2] epoch 1/40 loss=17.4944 (2.4s)
  [full seed=2] epoch 2/40 loss=10.3316 (4.7s)
  [full seed=2] epoch 3/40 loss=10.0262 (7.1s)
  [full seed=2] epoch 4/40 loss=9.8334 (9.8s)
  [full seed=2] epoch 5/40 loss=9.7364 (12.9s)
  [full seed=2] epoch 6/40 loss=9.7214 (16.1s)
  [full seed=2] epoch 7/40 loss=9.6113 (19.2s)
  [full seed=2] epoch 8/40 loss=9.6515 (22.2s)
  [full seed=2] epoch 9/40 loss=9.5872 (25.4s)
  [full seed=2] epoch 10/40 loss=9.5690 (28.5s)
  [full seed=2] epoch 11/40 loss=9.4874 (31.7s)
  [full seed=2] epoch 12/40 loss=9.4687 (34.9s)
  [full seed=2] epoch 13/40 loss=9.3592 (38.1s)
  [full seed=2] epoch 14/40 loss=9.3572 (41.2s)
  [full seed=2] epoch 15/40 loss=9.3177 (44.4s)
  [full seed=2] epoch 16/40 loss=9.3146 (47.5s)
  [full seed=2] epoch 17/40 loss=9.2826 (50.7s)
  [full seed=2] epoch 18/40 loss=9.3106 (53.8s)
  [full seed=2] epoch 19/40 loss=9.2444 (57.0s)
  [full seed=2] epoch 20/40 loss=9.2700 (60.1s)
  [full seed=2] epoch 21/40 loss=9.2787 (63.2s)
  [full seed=2] epoch 22/40 loss=9.1886 (66.4s)
  [full seed=2] epoch 23/40 loss=9.2090 (69.6s)
  [full seed=2] epoch 24/40 loss=9.2106 (72.8s)
  [full seed=2] epoch 25/40 loss=9.1995 (75.9s)
  [full seed=2] epoch 26/40 loss=9.2374 (79.1s)
  [full seed=2] epoch 27/40 loss=9.1818 (82.2s)
  [full seed=2] epoch 28/40 loss=9.1552 (85.3s)
  [full seed=2] epoch 29/40 loss=9.2094 (88.5s)
  [full seed=2] epoch 30/40 loss=9.1363 (91.7s)
  [full seed=2] epoch 31/40 loss=9.1701 (94.9s)
  [full seed=2] epoch 32/40 loss=9.1815 (97.9s)
  [full seed=2] epoch 33/40 loss=9.1252 (101.1s)
  [full seed=2] epoch 34/40 loss=9.1394 (104.2s)
  [full seed=2] epoch 35/40 loss=9.1076 (107.4s)
  [full seed=2] epoch 36/40 loss=9.1371 (110.6s)
  [full seed=2] epoch 37/40 loss=9.1039 (113.7s)
  [full seed=2] epoch 38/40 loss=9.1084 (116.9s)
  [full seed=2] epoch 39/40 loss=9.1242 (120.1s)
  [full seed=2] epoch 40/40 loss=9.0952 (123.3s)

=== Table 3 (loss ablation) -- this pilot run ===
         method  edge_mae_mean  edge_mae_std  ler_mae_mean  ler_mae_std  lwr_mae_mean  lwr_mae_std    n
       seg-only         0.8917        0.3422        0.3189       0.2171        0.3950       0.3125 1440
        seg+pos         0.8897        0.3422        0.3076       0.2134        0.3810       0.3063 1440
    seg+pos+rms         0.9060        0.3357        0.2006       0.1768        0.2516       0.2455 1440
seg+pos+rms+psd         1.0023        0.3661        0.1853       0.1361        0.2264       0.2062 1440
           full         0.9761        0.3778        0.1704       0.1253        0.2184       0.1908 1440

(scale: 3 seed(s), 40 epochs, 15 train realizations/config, 32 configs -- see docstring to scale up)
### CAL-EXP2 exit=0 16:42:19
