Acquisition model: CALIBRATED psf_sigma=6.63, dose=73.5, sigma_g=0.1515
noise sweep centred on measured k_n = 5.44: [2.72, 5.44, 10.89, 21.77]
Device: cuda
Configs: 32  (sigma x xi x alpha x rho grid)
Repeatability cells: 32 configs x 4 k_n x 4 geometries x 8 repeats
Training set: 480 paired items

=== Training 'seg-only' seed 0 ===
  [seg-only seed=0] epoch 1/40 loss=10.6051 (2.4s)
  [seg-only seed=0] epoch 2/40 loss=7.7141 (4.4s)
  [seg-only seed=0] epoch 3/40 loss=7.6561 (6.3s)
  [seg-only seed=0] epoch 4/40 loss=7.5500 (8.3s)
  [seg-only seed=0] epoch 5/40 loss=7.4988 (10.2s)
  [seg-only seed=0] epoch 6/40 loss=7.4833 (12.1s)
  [seg-only seed=0] epoch 7/40 loss=7.4819 (13.9s)
  [seg-only seed=0] epoch 8/40 loss=7.4660 (15.7s)
  [seg-only seed=0] epoch 9/40 loss=7.4603 (17.6s)
  [seg-only seed=0] epoch 10/40 loss=7.4508 (19.4s)
  [seg-only seed=0] epoch 11/40 loss=7.4487 (21.3s)
  [seg-only seed=0] epoch 12/40 loss=7.4354 (23.2s)
  [seg-only seed=0] epoch 13/40 loss=7.4369 (25.0s)
  [seg-only seed=0] epoch 14/40 loss=7.4409 (26.9s)
  [seg-only seed=0] epoch 15/40 loss=7.4290 (28.7s)
  [seg-only seed=0] epoch 16/40 loss=7.4280 (30.6s)
  [seg-only seed=0] epoch 17/40 loss=7.4192 (32.4s)
  [seg-only seed=0] epoch 18/40 loss=7.4185 (34.3s)
  [seg-only seed=0] epoch 19/40 loss=7.4173 (36.2s)
  [seg-only seed=0] epoch 20/40 loss=7.4195 (38.1s)
  [seg-only seed=0] epoch 21/40 loss=7.4147 (40.0s)
  [seg-only seed=0] epoch 22/40 loss=7.4268 (41.9s)
  [seg-only seed=0] epoch 23/40 loss=7.4233 (43.8s)
  [seg-only seed=0] epoch 24/40 loss=7.4110 (45.7s)
  [seg-only seed=0] epoch 25/40 loss=7.4172 (47.5s)
  [seg-only seed=0] epoch 26/40 loss=7.4098 (49.4s)
  [seg-only seed=0] epoch 27/40 loss=7.4042 (51.3s)
  [seg-only seed=0] epoch 28/40 loss=7.4171 (53.2s)
  [seg-only seed=0] epoch 29/40 loss=7.4084 (55.1s)
  [seg-only seed=0] epoch 30/40 loss=7.4060 (56.9s)
  [seg-only seed=0] epoch 31/40 loss=7.4078 (58.8s)
  [seg-only seed=0] epoch 32/40 loss=7.4123 (60.5s)
  [seg-only seed=0] epoch 33/40 loss=7.4216 (62.5s)
  [seg-only seed=0] epoch 34/40 loss=7.4088 (64.4s)
  [seg-only seed=0] epoch 35/40 loss=7.3999 (66.3s)
  [seg-only seed=0] epoch 36/40 loss=7.4009 (68.2s)
  [seg-only seed=0] epoch 37/40 loss=7.4035 (70.1s)
  [seg-only seed=0] epoch 38/40 loss=7.4070 (72.0s)
  [seg-only seed=0] epoch 39/40 loss=7.4153 (73.9s)
  [seg-only seed=0] epoch 40/40 loss=7.4008 (75.8s)
  trained in 76.6s; evaluating...

=== Training 'seg-only' seed 1 ===
  [seg-only seed=1] epoch 1/40 loss=9.9639 (1.9s)
  [seg-only seed=1] epoch 2/40 loss=7.7235 (3.8s)
  [seg-only seed=1] epoch 3/40 loss=7.5992 (5.7s)
  [seg-only seed=1] epoch 4/40 loss=7.5242 (7.6s)
  [seg-only seed=1] epoch 5/40 loss=7.5224 (9.5s)
  [seg-only seed=1] epoch 6/40 loss=7.4863 (11.4s)
  [seg-only seed=1] epoch 7/40 loss=7.4767 (13.3s)
  [seg-only seed=1] epoch 8/40 loss=7.4700 (15.2s)
  [seg-only seed=1] epoch 9/40 loss=7.4578 (17.1s)
  [seg-only seed=1] epoch 10/40 loss=7.4584 (18.9s)
  [seg-only seed=1] epoch 11/40 loss=7.4497 (20.8s)
  [seg-only seed=1] epoch 12/40 loss=7.4443 (22.7s)
  [seg-only seed=1] epoch 13/40 loss=7.4470 (24.6s)
  [seg-only seed=1] epoch 14/40 loss=7.4443 (26.5s)
  [seg-only seed=1] epoch 15/40 loss=7.4422 (28.4s)
  [seg-only seed=1] epoch 16/40 loss=7.4482 (30.3s)
  [seg-only seed=1] epoch 17/40 loss=7.4370 (32.2s)
  [seg-only seed=1] epoch 18/40 loss=7.4296 (34.1s)
  [seg-only seed=1] epoch 19/40 loss=7.4228 (36.0s)
  [seg-only seed=1] epoch 20/40 loss=7.4320 (37.9s)
  [seg-only seed=1] epoch 21/40 loss=7.4264 (39.8s)
  [seg-only seed=1] epoch 22/40 loss=7.4231 (41.7s)
  [seg-only seed=1] epoch 23/40 loss=7.4237 (43.7s)
  [seg-only seed=1] epoch 24/40 loss=7.4303 (45.6s)
  [seg-only seed=1] epoch 25/40 loss=7.4212 (47.5s)
  [seg-only seed=1] epoch 26/40 loss=7.4253 (49.4s)
  [seg-only seed=1] epoch 27/40 loss=7.4131 (51.3s)
  [seg-only seed=1] epoch 28/40 loss=7.4426 (53.2s)
  [seg-only seed=1] epoch 29/40 loss=7.4220 (55.1s)
  [seg-only seed=1] epoch 30/40 loss=7.4185 (57.1s)
  [seg-only seed=1] epoch 31/40 loss=7.4239 (59.0s)
  [seg-only seed=1] epoch 32/40 loss=7.4290 (60.9s)
  [seg-only seed=1] epoch 33/40 loss=7.4179 (62.8s)
  [seg-only seed=1] epoch 34/40 loss=7.4246 (64.7s)
  [seg-only seed=1] epoch 35/40 loss=7.4135 (66.6s)
  [seg-only seed=1] epoch 36/40 loss=7.4288 (68.5s)
  [seg-only seed=1] epoch 37/40 loss=7.4177 (70.4s)
  [seg-only seed=1] epoch 38/40 loss=7.4160 (72.3s)
  [seg-only seed=1] epoch 39/40 loss=7.4095 (74.2s)
  [seg-only seed=1] epoch 40/40 loss=7.4227 (76.1s)
  trained in 76.1s; evaluating...

=== Training 'seg-only' seed 2 ===
  [seg-only seed=2] epoch 1/40 loss=9.9874 (1.9s)
  [seg-only seed=2] epoch 2/40 loss=7.6560 (3.8s)
  [seg-only seed=2] epoch 3/40 loss=7.6417 (5.7s)
  [seg-only seed=2] epoch 4/40 loss=7.5624 (7.6s)
  [seg-only seed=2] epoch 5/40 loss=7.5027 (9.5s)
  [seg-only seed=2] epoch 6/40 loss=7.4943 (11.4s)
  [seg-only seed=2] epoch 7/40 loss=7.4671 (13.3s)
  [seg-only seed=2] epoch 8/40 loss=7.4554 (15.2s)
  [seg-only seed=2] epoch 9/40 loss=7.4422 (17.1s)
  [seg-only seed=2] epoch 10/40 loss=7.4574 (19.0s)
  [seg-only seed=2] epoch 11/40 loss=7.4438 (20.9s)
  [seg-only seed=2] epoch 12/40 loss=7.4320 (22.8s)
  [seg-only seed=2] epoch 13/40 loss=7.4479 (24.7s)
  [seg-only seed=2] epoch 14/40 loss=7.4313 (26.5s)
  [seg-only seed=2] epoch 15/40 loss=7.4243 (28.4s)
  [seg-only seed=2] epoch 16/40 loss=7.4191 (30.3s)
  [seg-only seed=2] epoch 17/40 loss=7.4246 (32.2s)
  [seg-only seed=2] epoch 18/40 loss=7.4105 (34.1s)
  [seg-only seed=2] epoch 19/40 loss=7.4173 (36.0s)
  [seg-only seed=2] epoch 20/40 loss=7.4163 (37.9s)
  [seg-only seed=2] epoch 21/40 loss=7.4092 (39.8s)
  [seg-only seed=2] epoch 22/40 loss=7.4137 (41.7s)
  [seg-only seed=2] epoch 23/40 loss=7.4098 (43.6s)
  [seg-only seed=2] epoch 24/40 loss=7.4154 (45.5s)
  [seg-only seed=2] epoch 25/40 loss=7.4077 (47.5s)
  [seg-only seed=2] epoch 26/40 loss=7.4206 (49.4s)
  [seg-only seed=2] epoch 27/40 loss=7.4158 (51.3s)
  [seg-only seed=2] epoch 28/40 loss=7.4114 (53.2s)
  [seg-only seed=2] epoch 29/40 loss=7.4107 (55.1s)
  [seg-only seed=2] epoch 30/40 loss=7.4076 (57.1s)
  [seg-only seed=2] epoch 31/40 loss=7.4017 (59.0s)
  [seg-only seed=2] epoch 32/40 loss=7.4112 (60.9s)
  [seg-only seed=2] epoch 33/40 loss=7.4031 (62.8s)
  [seg-only seed=2] epoch 34/40 loss=7.4177 (64.8s)
  [seg-only seed=2] epoch 35/40 loss=7.4063 (66.7s)
  [seg-only seed=2] epoch 36/40 loss=7.4096 (68.6s)
  [seg-only seed=2] epoch 37/40 loss=7.4063 (70.5s)
  [seg-only seed=2] epoch 38/40 loss=7.4190 (72.4s)
  [seg-only seed=2] epoch 39/40 loss=7.4049 (74.3s)
  [seg-only seed=2] epoch 40/40 loss=7.3981 (76.2s)
  trained in 76.2s; evaluating...

=== Training 'seg+pos' seed 0 ===
  [seg+pos seed=0] epoch 1/40 loss=10.8192 (2.0s)
  [seg+pos seed=0] epoch 2/40 loss=7.8192 (4.0s)
  [seg+pos seed=0] epoch 3/40 loss=7.7440 (6.0s)
  [seg+pos seed=0] epoch 4/40 loss=7.6378 (7.9s)
  [seg+pos seed=0] epoch 5/40 loss=7.5893 (9.9s)
  [seg+pos seed=0] epoch 6/40 loss=7.5848 (11.8s)
  [seg+pos seed=0] epoch 7/40 loss=7.5730 (13.8s)
  [seg+pos seed=0] epoch 8/40 loss=7.5554 (15.7s)
  [seg+pos seed=0] epoch 9/40 loss=7.5586 (17.7s)
  [seg+pos seed=0] epoch 10/40 loss=7.5455 (19.7s)
  [seg+pos seed=0] epoch 11/40 loss=7.5481 (21.6s)
  [seg+pos seed=0] epoch 12/40 loss=7.5327 (23.6s)
  [seg+pos seed=0] epoch 13/40 loss=7.5344 (25.5s)
  [seg+pos seed=0] epoch 14/40 loss=7.5416 (27.5s)
  [seg+pos seed=0] epoch 15/40 loss=7.5307 (29.4s)
  [seg+pos seed=0] epoch 16/40 loss=7.5244 (31.4s)
  [seg+pos seed=0] epoch 17/40 loss=7.5164 (33.3s)
  [seg+pos seed=0] epoch 18/40 loss=7.5184 (35.3s)
  [seg+pos seed=0] epoch 19/40 loss=7.5170 (37.2s)
  [seg+pos seed=0] epoch 20/40 loss=7.5207 (39.2s)
  [seg+pos seed=0] epoch 21/40 loss=7.5169 (41.2s)
  [seg+pos seed=0] epoch 22/40 loss=7.5291 (43.1s)
  [seg+pos seed=0] epoch 23/40 loss=7.5235 (45.1s)
  [seg+pos seed=0] epoch 24/40 loss=7.5129 (47.0s)
  [seg+pos seed=0] epoch 25/40 loss=7.5179 (49.0s)
  [seg+pos seed=0] epoch 26/40 loss=7.5122 (51.0s)
  [seg+pos seed=0] epoch 27/40 loss=7.5062 (52.9s)
  [seg+pos seed=0] epoch 28/40 loss=7.5197 (54.9s)
  [seg+pos seed=0] epoch 29/40 loss=7.5094 (56.9s)
  [seg+pos seed=0] epoch 30/40 loss=7.5075 (58.8s)
  [seg+pos seed=0] epoch 31/40 loss=7.5088 (60.8s)
  [seg+pos seed=0] epoch 32/40 loss=7.5131 (62.8s)
  [seg+pos seed=0] epoch 33/40 loss=7.5220 (64.7s)
  [seg+pos seed=0] epoch 34/40 loss=7.5092 (66.7s)
  [seg+pos seed=0] epoch 35/40 loss=7.5028 (68.6s)
  [seg+pos seed=0] epoch 36/40 loss=7.5043 (70.6s)
  [seg+pos seed=0] epoch 37/40 loss=7.5044 (72.6s)
  [seg+pos seed=0] epoch 38/40 loss=7.5095 (74.6s)
  [seg+pos seed=0] epoch 39/40 loss=7.5176 (76.5s)
  [seg+pos seed=0] epoch 40/40 loss=7.5029 (78.5s)
  trained in 78.5s; evaluating...

=== Training 'seg+pos' seed 1 ===
  [seg+pos seed=1] epoch 1/40 loss=10.1715 (2.0s)
  [seg+pos seed=1] epoch 2/40 loss=7.8603 (4.0s)
  [seg+pos seed=1] epoch 3/40 loss=7.6979 (5.9s)
  [seg+pos seed=1] epoch 4/40 loss=7.6306 (7.9s)
  [seg+pos seed=1] epoch 5/40 loss=7.6298 (9.8s)
  [seg+pos seed=1] epoch 6/40 loss=7.6030 (11.8s)
  [seg+pos seed=1] epoch 7/40 loss=7.5872 (13.7s)
  [seg+pos seed=1] epoch 8/40 loss=7.5840 (15.6s)
  [seg+pos seed=1] epoch 9/40 loss=7.5641 (17.6s)
  [seg+pos seed=1] epoch 10/40 loss=7.5690 (19.5s)
  [seg+pos seed=1] epoch 11/40 loss=7.5597 (21.4s)
  [seg+pos seed=1] epoch 12/40 loss=7.5505 (23.4s)
  [seg+pos seed=1] epoch 13/40 loss=7.5590 (25.4s)
  [seg+pos seed=1] epoch 14/40 loss=7.5503 (27.4s)
  [seg+pos seed=1] epoch 15/40 loss=7.5498 (29.3s)
  [seg+pos seed=1] epoch 16/40 loss=7.5516 (31.2s)
  [seg+pos seed=1] epoch 17/40 loss=7.5385 (33.2s)
  [seg+pos seed=1] epoch 18/40 loss=7.5360 (35.2s)
  [seg+pos seed=1] epoch 19/40 loss=7.5315 (37.1s)
  [seg+pos seed=1] epoch 20/40 loss=7.5364 (39.1s)
  [seg+pos seed=1] epoch 21/40 loss=7.5322 (41.0s)
  [seg+pos seed=1] epoch 22/40 loss=7.5269 (43.0s)
  [seg+pos seed=1] epoch 23/40 loss=7.5228 (45.0s)
  [seg+pos seed=1] epoch 24/40 loss=7.5294 (47.0s)
  [seg+pos seed=1] epoch 25/40 loss=7.5213 (48.9s)
  [seg+pos seed=1] epoch 26/40 loss=7.5275 (50.9s)
  [seg+pos seed=1] epoch 27/40 loss=7.5162 (52.9s)
  [seg+pos seed=1] epoch 28/40 loss=7.5440 (54.9s)
  [seg+pos seed=1] epoch 29/40 loss=7.5217 (56.9s)
  [seg+pos seed=1] epoch 30/40 loss=7.5238 (58.8s)
  [seg+pos seed=1] epoch 31/40 loss=7.5327 (60.8s)
  [seg+pos seed=1] epoch 32/40 loss=7.5289 (62.8s)
  [seg+pos seed=1] epoch 33/40 loss=7.5231 (64.7s)
  [seg+pos seed=1] epoch 34/40 loss=7.5240 (66.7s)
  [seg+pos seed=1] epoch 35/40 loss=7.5169 (68.7s)
  [seg+pos seed=1] epoch 36/40 loss=7.5331 (70.7s)
  [seg+pos seed=1] epoch 37/40 loss=7.5234 (72.6s)
  [seg+pos seed=1] epoch 38/40 loss=7.5204 (74.6s)
  [seg+pos seed=1] epoch 39/40 loss=7.5121 (76.6s)
  [seg+pos seed=1] epoch 40/40 loss=7.5210 (78.5s)
  trained in 78.5s; evaluating...

=== Training 'seg+pos' seed 2 ===
  [seg+pos seed=2] epoch 1/40 loss=10.2501 (2.0s)
  [seg+pos seed=2] epoch 2/40 loss=7.7716 (3.9s)
  [seg+pos seed=2] epoch 3/40 loss=7.7486 (5.9s)
  [seg+pos seed=2] epoch 4/40 loss=7.6486 (7.9s)
  [seg+pos seed=2] epoch 5/40 loss=7.6075 (9.8s)
  [seg+pos seed=2] epoch 6/40 loss=7.5974 (11.8s)
  [seg+pos seed=2] epoch 7/40 loss=7.5845 (13.7s)
  [seg+pos seed=2] epoch 8/40 loss=7.5715 (15.7s)
  [seg+pos seed=2] epoch 9/40 loss=7.5624 (17.6s)
  [seg+pos seed=2] epoch 10/40 loss=7.5631 (19.5s)
  [seg+pos seed=2] epoch 11/40 loss=7.5556 (21.5s)
  [seg+pos seed=2] epoch 12/40 loss=7.5483 (23.4s)
  [seg+pos seed=2] epoch 13/40 loss=7.5640 (25.4s)
  [seg+pos seed=2] epoch 14/40 loss=7.5454 (27.3s)
  [seg+pos seed=2] epoch 15/40 loss=7.5377 (29.3s)
  [seg+pos seed=2] epoch 16/40 loss=7.5371 (31.2s)
  [seg+pos seed=2] epoch 17/40 loss=7.5387 (33.2s)
  [seg+pos seed=2] epoch 18/40 loss=7.5277 (35.1s)
  [seg+pos seed=2] epoch 19/40 loss=7.5288 (37.1s)
  [seg+pos seed=2] epoch 20/40 loss=7.5271 (39.1s)
  [seg+pos seed=2] epoch 21/40 loss=7.5157 (41.1s)
  [seg+pos seed=2] epoch 22/40 loss=7.5235 (43.1s)
  [seg+pos seed=2] epoch 23/40 loss=7.5159 (45.1s)
  [seg+pos seed=2] epoch 24/40 loss=7.5266 (47.0s)
  [seg+pos seed=2] epoch 25/40 loss=7.5166 (49.0s)
  [seg+pos seed=2] epoch 26/40 loss=7.5246 (51.0s)
  [seg+pos seed=2] epoch 27/40 loss=7.5174 (53.0s)
  [seg+pos seed=2] epoch 28/40 loss=7.5156 (54.9s)
  [seg+pos seed=2] epoch 29/40 loss=7.5169 (56.9s)
  [seg+pos seed=2] epoch 30/40 loss=7.5098 (58.9s)
  [seg+pos seed=2] epoch 31/40 loss=7.5043 (60.9s)
  [seg+pos seed=2] epoch 32/40 loss=7.5123 (62.8s)
  [seg+pos seed=2] epoch 33/40 loss=7.5060 (64.8s)
  [seg+pos seed=2] epoch 34/40 loss=7.5161 (66.8s)
  [seg+pos seed=2] epoch 35/40 loss=7.5087 (68.8s)
  [seg+pos seed=2] epoch 36/40 loss=7.5136 (70.7s)
  [seg+pos seed=2] epoch 37/40 loss=7.5009 (72.7s)
  [seg+pos seed=2] epoch 38/40 loss=7.5111 (74.7s)
  [seg+pos seed=2] epoch 39/40 loss=7.5102 (76.7s)
  [seg+pos seed=2] epoch 40/40 loss=7.4987 (78.7s)
  trained in 78.7s; evaluating...

=== Training 'seg+pos+rms' seed 0 ===
  [seg+pos+rms seed=0] epoch 1/40 loss=16.9672 (2.2s)
  [seg+pos+rms seed=0] epoch 2/40 loss=10.4895 (4.3s)
  [seg+pos+rms seed=0] epoch 3/40 loss=8.9179 (6.5s)
  [seg+pos+rms seed=0] epoch 4/40 loss=8.4547 (8.8s)
  [seg+pos+rms seed=0] epoch 5/40 loss=8.2374 (11.0s)
  [seg+pos+rms seed=0] epoch 6/40 loss=8.1743 (13.2s)
  [seg+pos+rms seed=0] epoch 7/40 loss=8.1665 (15.4s)
  [seg+pos+rms seed=0] epoch 8/40 loss=8.1089 (17.6s)
  [seg+pos+rms seed=0] epoch 9/40 loss=8.0960 (19.9s)
  [seg+pos+rms seed=0] epoch 10/40 loss=8.0607 (22.0s)
  [seg+pos+rms seed=0] epoch 11/40 loss=8.0950 (24.2s)
  [seg+pos+rms seed=0] epoch 12/40 loss=8.0557 (26.4s)
  [seg+pos+rms seed=0] epoch 13/40 loss=8.0604 (28.6s)
  [seg+pos+rms seed=0] epoch 14/40 loss=8.0488 (30.8s)
  [seg+pos+rms seed=0] epoch 15/40 loss=8.0608 (33.0s)
  [seg+pos+rms seed=0] epoch 16/40 loss=8.0692 (35.3s)
  [seg+pos+rms seed=0] epoch 17/40 loss=8.0323 (37.5s)
  [seg+pos+rms seed=0] epoch 18/40 loss=8.0396 (39.7s)
  [seg+pos+rms seed=0] epoch 19/40 loss=8.0186 (41.9s)
  [seg+pos+rms seed=0] epoch 20/40 loss=8.0587 (44.1s)
  [seg+pos+rms seed=0] epoch 21/40 loss=8.0152 (46.2s)
  [seg+pos+rms seed=0] epoch 22/40 loss=8.0311 (48.4s)
  [seg+pos+rms seed=0] epoch 23/40 loss=8.0177 (50.6s)
  [seg+pos+rms seed=0] epoch 24/40 loss=8.0066 (52.8s)
  [seg+pos+rms seed=0] epoch 25/40 loss=8.0313 (55.0s)
  [seg+pos+rms seed=0] epoch 26/40 loss=8.0108 (57.2s)
  [seg+pos+rms seed=0] epoch 27/40 loss=8.0148 (59.5s)
  [seg+pos+rms seed=0] epoch 28/40 loss=8.0210 (61.7s)
  [seg+pos+rms seed=0] epoch 29/40 loss=8.0070 (63.9s)
  [seg+pos+rms seed=0] epoch 30/40 loss=8.0018 (66.1s)
  [seg+pos+rms seed=0] epoch 31/40 loss=8.0093 (68.3s)
  [seg+pos+rms seed=0] epoch 32/40 loss=8.0005 (70.4s)
  [seg+pos+rms seed=0] epoch 33/40 loss=8.0396 (72.6s)
  [seg+pos+rms seed=0] epoch 34/40 loss=8.0060 (74.9s)
  [seg+pos+rms seed=0] epoch 35/40 loss=8.0146 (77.1s)
  [seg+pos+rms seed=0] epoch 36/40 loss=8.0092 (79.3s)
  [seg+pos+rms seed=0] epoch 37/40 loss=7.9875 (81.3s)
  [seg+pos+rms seed=0] epoch 38/40 loss=7.9926 (83.1s)
  [seg+pos+rms seed=0] epoch 39/40 loss=7.9953 (85.2s)
  [seg+pos+rms seed=0] epoch 40/40 loss=7.9846 (87.4s)
  trained in 87.4s; evaluating...

=== Training 'seg+pos+rms' seed 1 ===
  [seg+pos+rms seed=1] epoch 1/40 loss=17.1503 (2.2s)
  [seg+pos+rms seed=1] epoch 2/40 loss=10.6186 (4.3s)
  [seg+pos+rms seed=1] epoch 3/40 loss=9.3870 (6.5s)
  [seg+pos+rms seed=1] epoch 4/40 loss=9.2380 (8.7s)
  [seg+pos+rms seed=1] epoch 5/40 loss=8.6251 (10.9s)
  [seg+pos+rms seed=1] epoch 6/40 loss=8.2848 (13.1s)
  [seg+pos+rms seed=1] epoch 7/40 loss=8.1853 (15.2s)
  [seg+pos+rms seed=1] epoch 8/40 loss=8.1578 (17.4s)
  [seg+pos+rms seed=1] epoch 9/40 loss=8.1316 (19.6s)
  [seg+pos+rms seed=1] epoch 10/40 loss=8.1389 (21.8s)
  [seg+pos+rms seed=1] epoch 11/40 loss=8.1300 (24.0s)
  [seg+pos+rms seed=1] epoch 12/40 loss=8.1012 (26.2s)
  [seg+pos+rms seed=1] epoch 13/40 loss=8.0905 (28.4s)
  [seg+pos+rms seed=1] epoch 14/40 loss=8.0891 (30.6s)
  [seg+pos+rms seed=1] epoch 15/40 loss=8.0624 (32.8s)
  [seg+pos+rms seed=1] epoch 16/40 loss=8.0687 (35.0s)
  [seg+pos+rms seed=1] epoch 17/40 loss=8.0536 (37.2s)
  [seg+pos+rms seed=1] epoch 18/40 loss=8.0388 (39.4s)
  [seg+pos+rms seed=1] epoch 19/40 loss=8.0233 (41.5s)
  [seg+pos+rms seed=1] epoch 20/40 loss=8.0732 (43.7s)
  [seg+pos+rms seed=1] epoch 21/40 loss=8.0490 (45.9s)
  [seg+pos+rms seed=1] epoch 22/40 loss=8.0344 (48.2s)
  [seg+pos+rms seed=1] epoch 23/40 loss=8.0141 (50.4s)
  [seg+pos+rms seed=1] epoch 24/40 loss=8.0641 (52.6s)
  [seg+pos+rms seed=1] epoch 25/40 loss=8.0275 (54.8s)
  [seg+pos+rms seed=1] epoch 26/40 loss=8.0343 (57.0s)
  [seg+pos+rms seed=1] epoch 27/40 loss=8.0263 (59.3s)
  [seg+pos+rms seed=1] epoch 28/40 loss=8.0467 (61.5s)
  [seg+pos+rms seed=1] epoch 29/40 loss=8.0190 (63.7s)
  [seg+pos+rms seed=1] epoch 30/40 loss=8.0089 (66.0s)
  [seg+pos+rms seed=1] epoch 31/40 loss=8.0365 (68.2s)
  [seg+pos+rms seed=1] epoch 32/40 loss=8.0457 (70.4s)
  [seg+pos+rms seed=1] epoch 33/40 loss=8.0288 (72.6s)
  [seg+pos+rms seed=1] epoch 34/40 loss=8.0503 (74.8s)
  [seg+pos+rms seed=1] epoch 35/40 loss=8.0095 (77.0s)
  [seg+pos+rms seed=1] epoch 36/40 loss=8.0347 (79.2s)
  [seg+pos+rms seed=1] epoch 37/40 loss=8.0162 (81.4s)
  [seg+pos+rms seed=1] epoch 38/40 loss=7.9996 (83.6s)
  [seg+pos+rms seed=1] epoch 39/40 loss=7.9988 (85.7s)
  [seg+pos+rms seed=1] epoch 40/40 loss=8.0257 (87.9s)
  trained in 87.9s; evaluating...

=== Training 'seg+pos+rms' seed 2 ===
  [seg+pos+rms seed=2] epoch 1/40 loss=14.2641 (2.2s)
  [seg+pos+rms seed=2] epoch 2/40 loss=9.1860 (4.4s)
  [seg+pos+rms seed=2] epoch 3/40 loss=8.6551 (6.6s)
  [seg+pos+rms seed=2] epoch 4/40 loss=8.2759 (8.7s)
  [seg+pos+rms seed=2] epoch 5/40 loss=8.2090 (10.9s)
  [seg+pos+rms seed=2] epoch 6/40 loss=8.1962 (13.0s)
  [seg+pos+rms seed=2] epoch 7/40 loss=8.1597 (15.2s)
  [seg+pos+rms seed=2] epoch 8/40 loss=8.1719 (17.5s)
  [seg+pos+rms seed=2] epoch 9/40 loss=8.1548 (19.7s)
  [seg+pos+rms seed=2] epoch 10/40 loss=8.1043 (21.9s)
  [seg+pos+rms seed=2] epoch 11/40 loss=8.0985 (24.1s)
  [seg+pos+rms seed=2] epoch 12/40 loss=8.0959 (26.3s)
  [seg+pos+rms seed=2] epoch 13/40 loss=8.0915 (28.5s)
  [seg+pos+rms seed=2] epoch 14/40 loss=8.1208 (30.7s)
  [seg+pos+rms seed=2] epoch 15/40 loss=8.0908 (32.9s)
  [seg+pos+rms seed=2] epoch 16/40 loss=8.0770 (35.1s)
  [seg+pos+rms seed=2] epoch 17/40 loss=8.0623 (37.3s)
  [seg+pos+rms seed=2] epoch 18/40 loss=8.0761 (39.5s)
  [seg+pos+rms seed=2] epoch 19/40 loss=8.0609 (41.7s)
  [seg+pos+rms seed=2] epoch 20/40 loss=8.0483 (43.9s)
  [seg+pos+rms seed=2] epoch 21/40 loss=8.0360 (46.1s)
  [seg+pos+rms seed=2] epoch 22/40 loss=8.0204 (48.3s)
  [seg+pos+rms seed=2] epoch 23/40 loss=8.0327 (50.5s)
  [seg+pos+rms seed=2] epoch 24/40 loss=8.0183 (52.7s)
  [seg+pos+rms seed=2] epoch 25/40 loss=8.0140 (54.8s)
  [seg+pos+rms seed=2] epoch 26/40 loss=8.0625 (56.8s)
  [seg+pos+rms seed=2] epoch 27/40 loss=8.0230 (58.6s)
  [seg+pos+rms seed=2] epoch 28/40 loss=8.0285 (60.4s)
  [seg+pos+rms seed=2] epoch 29/40 loss=8.0150 (62.3s)
  [seg+pos+rms seed=2] epoch 30/40 loss=8.0324 (64.1s)
  [seg+pos+rms seed=2] epoch 31/40 loss=8.0283 (65.9s)
  [seg+pos+rms seed=2] epoch 32/40 loss=8.0216 (67.8s)
  [seg+pos+rms seed=2] epoch 33/40 loss=7.9881 (69.6s)
  [seg+pos+rms seed=2] epoch 34/40 loss=8.0077 (71.5s)
  [seg+pos+rms seed=2] epoch 35/40 loss=7.9923 (73.7s)
  [seg+pos+rms seed=2] epoch 36/40 loss=8.0289 (75.9s)
  [seg+pos+rms seed=2] epoch 37/40 loss=7.9965 (78.1s)
  [seg+pos+rms seed=2] epoch 38/40 loss=8.0193 (80.3s)
  [seg+pos+rms seed=2] epoch 39/40 loss=8.0127 (82.5s)
  [seg+pos+rms seed=2] epoch 40/40 loss=7.9816 (84.6s)
  trained in 84.6s; evaluating...

=== Training 'seg+pos+rms+psd' seed 0 ===
  [seg+pos+rms+psd seed=0] epoch 1/40 loss=19.2573 (3.1s)
  [seg+pos+rms+psd seed=0] epoch 2/40 loss=10.4578 (6.2s)
  [seg+pos+rms+psd seed=0] epoch 3/40 loss=10.1310 (9.2s)
  [seg+pos+rms+psd seed=0] epoch 4/40 loss=9.7271 (12.2s)
  [seg+pos+rms+psd seed=0] epoch 5/40 loss=9.5001 (15.2s)
  [seg+pos+rms+psd seed=0] epoch 6/40 loss=9.4327 (18.3s)
  [seg+pos+rms+psd seed=0] epoch 7/40 loss=9.3931 (21.3s)
  [seg+pos+rms+psd seed=0] epoch 8/40 loss=9.3561 (24.4s)
  [seg+pos+rms+psd seed=0] epoch 9/40 loss=9.3137 (27.4s)
  [seg+pos+rms+psd seed=0] epoch 10/40 loss=9.2895 (30.5s)
  [seg+pos+rms+psd seed=0] epoch 11/40 loss=9.2786 (33.1s)
  [seg+pos+rms+psd seed=0] epoch 12/40 loss=9.1993 (35.4s)
  [seg+pos+rms+psd seed=0] epoch 13/40 loss=9.2419 (37.7s)
  [seg+pos+rms+psd seed=0] epoch 14/40 loss=9.2246 (40.1s)
  [seg+pos+rms+psd seed=0] epoch 15/40 loss=9.1452 (42.4s)
  [seg+pos+rms+psd seed=0] epoch 16/40 loss=9.2752 (45.4s)
  [seg+pos+rms+psd seed=0] epoch 17/40 loss=9.1483 (48.4s)
  [seg+pos+rms+psd seed=0] epoch 18/40 loss=9.1299 (51.4s)
  [seg+pos+rms+psd seed=0] epoch 19/40 loss=9.0704 (54.5s)
  [seg+pos+rms+psd seed=0] epoch 20/40 loss=9.1130 (57.5s)
  [seg+pos+rms+psd seed=0] epoch 21/40 loss=9.0134 (60.5s)
  [seg+pos+rms+psd seed=0] epoch 22/40 loss=9.0397 (63.5s)
  [seg+pos+rms+psd seed=0] epoch 23/40 loss=9.0226 (66.6s)
  [seg+pos+rms+psd seed=0] epoch 24/40 loss=9.0573 (69.6s)
  [seg+pos+rms+psd seed=0] epoch 25/40 loss=9.0142 (72.7s)
  [seg+pos+rms+psd seed=0] epoch 26/40 loss=9.0287 (75.7s)
  [seg+pos+rms+psd seed=0] epoch 27/40 loss=8.9618 (78.7s)
  [seg+pos+rms+psd seed=0] epoch 28/40 loss=9.0074 (81.8s)
  [seg+pos+rms+psd seed=0] epoch 29/40 loss=9.0201 (84.8s)
  [seg+pos+rms+psd seed=0] epoch 30/40 loss=8.9525 (87.9s)
  [seg+pos+rms+psd seed=0] epoch 31/40 loss=8.9370 (90.9s)
  [seg+pos+rms+psd seed=0] epoch 32/40 loss=8.9187 (94.0s)
  [seg+pos+rms+psd seed=0] epoch 33/40 loss=8.9230 (97.0s)
  [seg+pos+rms+psd seed=0] epoch 34/40 loss=8.9338 (100.1s)
  [seg+pos+rms+psd seed=0] epoch 35/40 loss=8.9441 (103.1s)
  [seg+pos+rms+psd seed=0] epoch 36/40 loss=8.9324 (106.2s)
  [seg+pos+rms+psd seed=0] epoch 37/40 loss=8.8810 (109.2s)
  [seg+pos+rms+psd seed=0] epoch 38/40 loss=8.9059 (111.6s)
  [seg+pos+rms+psd seed=0] epoch 39/40 loss=8.9051 (114.0s)
  [seg+pos+rms+psd seed=0] epoch 40/40 loss=8.9475 (116.3s)
  trained in 116.3s; evaluating...

=== Training 'seg+pos+rms+psd' seed 1 ===
  [seg+pos+rms+psd seed=1] epoch 1/40 loss=18.7011 (2.7s)
  [seg+pos+rms+psd seed=1] epoch 2/40 loss=10.6575 (5.7s)
  [seg+pos+rms+psd seed=1] epoch 3/40 loss=10.0490 (8.6s)
  [seg+pos+rms+psd seed=1] epoch 4/40 loss=9.6122 (11.6s)
  [seg+pos+rms+psd seed=1] epoch 5/40 loss=9.5414 (14.7s)
  [seg+pos+rms+psd seed=1] epoch 6/40 loss=9.4577 (17.7s)
  [seg+pos+rms+psd seed=1] epoch 7/40 loss=9.4045 (20.6s)
  [seg+pos+rms+psd seed=1] epoch 8/40 loss=9.3747 (23.7s)
  [seg+pos+rms+psd seed=1] epoch 9/40 loss=9.3472 (26.8s)
  [seg+pos+rms+psd seed=1] epoch 10/40 loss=9.3951 (29.9s)
  [seg+pos+rms+psd seed=1] epoch 11/40 loss=9.3532 (33.0s)
  [seg+pos+rms+psd seed=1] epoch 12/40 loss=9.2803 (36.0s)
  [seg+pos+rms+psd seed=1] epoch 13/40 loss=9.2588 (39.1s)
  [seg+pos+rms+psd seed=1] epoch 14/40 loss=9.2644 (42.1s)
  [seg+pos+rms+psd seed=1] epoch 15/40 loss=9.1848 (45.2s)
  [seg+pos+rms+psd seed=1] epoch 16/40 loss=9.1118 (48.2s)
  [seg+pos+rms+psd seed=1] epoch 17/40 loss=9.1868 (51.3s)
  [seg+pos+rms+psd seed=1] epoch 18/40 loss=9.1008 (54.3s)
  [seg+pos+rms+psd seed=1] epoch 19/40 loss=9.1076 (57.3s)
  [seg+pos+rms+psd seed=1] epoch 20/40 loss=9.0671 (60.4s)
  [seg+pos+rms+psd seed=1] epoch 21/40 loss=9.0615 (63.4s)
  [seg+pos+rms+psd seed=1] epoch 22/40 loss=9.0387 (66.4s)
  [seg+pos+rms+psd seed=1] epoch 23/40 loss=9.0019 (69.5s)
  [seg+pos+rms+psd seed=1] epoch 24/40 loss=8.9990 (72.6s)
  [seg+pos+rms+psd seed=1] epoch 25/40 loss=9.0245 (75.6s)
  [seg+pos+rms+psd seed=1] epoch 26/40 loss=9.0878 (78.7s)
  [seg+pos+rms+psd seed=1] epoch 27/40 loss=8.9738 (81.7s)
  [seg+pos+rms+psd seed=1] epoch 28/40 loss=8.9571 (84.8s)
  [seg+pos+rms+psd seed=1] epoch 29/40 loss=8.9702 (87.8s)
  [seg+pos+rms+psd seed=1] epoch 30/40 loss=8.8976 (90.9s)
  [seg+pos+rms+psd seed=1] epoch 31/40 loss=8.9383 (93.9s)
  [seg+pos+rms+psd seed=1] epoch 32/40 loss=8.9037 (97.0s)
  [seg+pos+rms+psd seed=1] epoch 33/40 loss=8.8777 (100.0s)
  [seg+pos+rms+psd seed=1] epoch 34/40 loss=8.9671 (103.1s)
  [seg+pos+rms+psd seed=1] epoch 35/40 loss=8.8963 (106.1s)
  [seg+pos+rms+psd seed=1] epoch 36/40 loss=8.8677 (109.1s)
  [seg+pos+rms+psd seed=1] epoch 37/40 loss=8.8614 (112.2s)
  [seg+pos+rms+psd seed=1] epoch 38/40 loss=8.8573 (115.2s)
  [seg+pos+rms+psd seed=1] epoch 39/40 loss=8.8501 (118.2s)
  [seg+pos+rms+psd seed=1] epoch 40/40 loss=8.9085 (121.3s)
  trained in 121.3s; evaluating...

=== Training 'seg+pos+rms+psd' seed 2 ===
  [seg+pos+rms+psd seed=2] epoch 1/40 loss=17.4007 (3.0s)
  [seg+pos+rms+psd seed=2] epoch 2/40 loss=10.1144 (6.1s)
  [seg+pos+rms+psd seed=2] epoch 3/40 loss=9.7262 (9.2s)
  [seg+pos+rms+psd seed=2] epoch 4/40 loss=9.4588 (12.3s)
  [seg+pos+rms+psd seed=2] epoch 5/40 loss=9.3418 (15.3s)
  [seg+pos+rms+psd seed=2] epoch 6/40 loss=9.3129 (18.4s)
  [seg+pos+rms+psd seed=2] epoch 7/40 loss=9.2429 (21.4s)
  [seg+pos+rms+psd seed=2] epoch 8/40 loss=9.2492 (24.5s)
  [seg+pos+rms+psd seed=2] epoch 9/40 loss=9.1285 (27.6s)
  [seg+pos+rms+psd seed=2] epoch 10/40 loss=9.1215 (30.6s)
  [seg+pos+rms+psd seed=2] epoch 11/40 loss=9.1893 (33.7s)
  [seg+pos+rms+psd seed=2] epoch 12/40 loss=9.0142 (36.8s)
  [seg+pos+rms+psd seed=2] epoch 13/40 loss=8.9955 (39.8s)
  [seg+pos+rms+psd seed=2] epoch 14/40 loss=9.0349 (42.9s)
  [seg+pos+rms+psd seed=2] epoch 15/40 loss=8.9268 (46.0s)
  [seg+pos+rms+psd seed=2] epoch 16/40 loss=8.9168 (49.1s)
  [seg+pos+rms+psd seed=2] epoch 17/40 loss=8.9664 (52.1s)
  [seg+pos+rms+psd seed=2] epoch 18/40 loss=8.9826 (55.2s)
  [seg+pos+rms+psd seed=2] epoch 19/40 loss=8.8848 (58.2s)
  [seg+pos+rms+psd seed=2] epoch 20/40 loss=8.9019 (61.3s)
  [seg+pos+rms+psd seed=2] epoch 21/40 loss=8.8949 (64.4s)
  [seg+pos+rms+psd seed=2] epoch 22/40 loss=8.8518 (67.4s)
  [seg+pos+rms+psd seed=2] epoch 23/40 loss=8.8383 (70.5s)
  [seg+pos+rms+psd seed=2] epoch 24/40 loss=8.8490 (73.6s)
  [seg+pos+rms+psd seed=2] epoch 25/40 loss=8.8419 (76.7s)
  [seg+pos+rms+psd seed=2] epoch 26/40 loss=8.8658 (79.8s)
  [seg+pos+rms+psd seed=2] epoch 27/40 loss=8.8296 (82.9s)
  [seg+pos+rms+psd seed=2] epoch 28/40 loss=8.8086 (86.0s)
  [seg+pos+rms+psd seed=2] epoch 29/40 loss=8.8322 (89.0s)
  [seg+pos+rms+psd seed=2] epoch 30/40 loss=8.7820 (92.1s)
  [seg+pos+rms+psd seed=2] epoch 31/40 loss=8.8550 (95.2s)
  [seg+pos+rms+psd seed=2] epoch 32/40 loss=8.8890 (98.2s)
  [seg+pos+rms+psd seed=2] epoch 33/40 loss=8.7818 (101.3s)
  [seg+pos+rms+psd seed=2] epoch 34/40 loss=8.7556 (104.4s)
  [seg+pos+rms+psd seed=2] epoch 35/40 loss=8.7638 (107.5s)
  [seg+pos+rms+psd seed=2] epoch 36/40 loss=8.8517 (110.6s)
  [seg+pos+rms+psd seed=2] epoch 37/40 loss=8.7942 (113.7s)
  [seg+pos+rms+psd seed=2] epoch 38/40 loss=8.8141 (116.8s)
  [seg+pos+rms+psd seed=2] epoch 39/40 loss=8.7813 (119.9s)
  [seg+pos+rms+psd seed=2] epoch 40/40 loss=8.7493 (123.0s)
  trained in 123.0s; evaluating...

=== Training 'full' seed 0 ===
  [full seed=0] epoch 1/40 loss=20.1593 (3.6s)
  [full seed=0] epoch 2/40 loss=11.0256 (7.3s)
  [full seed=0] epoch 3/40 loss=10.5500 (10.9s)
  [full seed=0] epoch 4/40 loss=10.2534 (14.5s)
  [full seed=0] epoch 5/40 loss=10.0559 (18.1s)
  [full seed=0] epoch 6/40 loss=9.9914 (21.8s)
  [full seed=0] epoch 7/40 loss=9.9351 (25.4s)
  [full seed=0] epoch 8/40 loss=9.7669 (29.1s)
  [full seed=0] epoch 9/40 loss=9.7274 (32.7s)
  [full seed=0] epoch 10/40 loss=9.7006 (36.3s)
  [full seed=0] epoch 11/40 loss=9.6956 (40.0s)
  [full seed=0] epoch 12/40 loss=9.6305 (43.6s)
  [full seed=0] epoch 13/40 loss=9.6946 (47.2s)
  [full seed=0] epoch 14/40 loss=9.6857 (50.9s)
  [full seed=0] epoch 15/40 loss=9.6607 (54.5s)
  [full seed=0] epoch 16/40 loss=9.6529 (58.2s)
  [full seed=0] epoch 17/40 loss=9.5664 (61.8s)
  [full seed=0] epoch 18/40 loss=9.5664 (65.5s)
  [full seed=0] epoch 19/40 loss=9.5403 (69.1s)
  [full seed=0] epoch 20/40 loss=9.5908 (72.8s)
  [full seed=0] epoch 21/40 loss=9.4758 (76.4s)
  [full seed=0] epoch 22/40 loss=9.4725 (79.8s)
  [full seed=0] epoch 23/40 loss=9.4498 (83.3s)
  [full seed=0] epoch 24/40 loss=9.5061 (86.7s)
  [full seed=0] epoch 25/40 loss=9.4711 (90.3s)
  [full seed=0] epoch 26/40 loss=9.4939 (94.0s)
  [full seed=0] epoch 27/40 loss=9.4025 (97.7s)
  [full seed=0] epoch 28/40 loss=9.4052 (101.4s)
  [full seed=0] epoch 29/40 loss=9.4564 (105.1s)
  [full seed=0] epoch 30/40 loss=9.3745 (108.6s)
  [full seed=0] epoch 31/40 loss=9.4425 (112.3s)
  [full seed=0] epoch 32/40 loss=9.3494 (115.9s)
  [full seed=0] epoch 33/40 loss=9.3467 (119.5s)
  [full seed=0] epoch 34/40 loss=9.3603 (123.1s)
  [full seed=0] epoch 35/40 loss=9.3830 (126.8s)
  [full seed=0] epoch 36/40 loss=9.3646 (130.4s)
  [full seed=0] epoch 37/40 loss=9.3335 (134.1s)
  [full seed=0] epoch 38/40 loss=9.3474 (137.7s)
  [full seed=0] epoch 39/40 loss=9.3138 (141.4s)
  [full seed=0] epoch 40/40 loss=9.3341 (144.8s)
  trained in 144.8s; evaluating...

=== Training 'full' seed 1 ===
  [full seed=1] epoch 1/40 loss=18.6681 (3.6s)
  [full seed=1] epoch 2/40 loss=11.1056 (7.3s)
  [full seed=1] epoch 3/40 loss=10.4474 (10.9s)
  [full seed=1] epoch 4/40 loss=10.1920 (14.5s)
  [full seed=1] epoch 5/40 loss=10.1461 (18.2s)
  [full seed=1] epoch 6/40 loss=10.0650 (21.8s)
  [full seed=1] epoch 7/40 loss=10.0069 (25.5s)
  [full seed=1] epoch 8/40 loss=9.9608 (29.1s)
  [full seed=1] epoch 9/40 loss=9.9223 (32.4s)
  [full seed=1] epoch 10/40 loss=9.9674 (35.8s)
  [full seed=1] epoch 11/40 loss=9.9077 (39.4s)
  [full seed=1] epoch 12/40 loss=9.8882 (43.1s)
  [full seed=1] epoch 13/40 loss=9.8615 (47.0s)
  [full seed=1] epoch 14/40 loss=9.8433 (50.8s)
  [full seed=1] epoch 15/40 loss=9.8682 (54.8s)
  [full seed=1] epoch 16/40 loss=9.9580 (58.7s)
  [full seed=1] epoch 17/40 loss=9.8130 (62.4s)
  [full seed=1] epoch 18/40 loss=9.7652 (66.0s)
  [full seed=1] epoch 19/40 loss=9.7227 (69.6s)
  [full seed=1] epoch 20/40 loss=9.7252 (73.3s)
  [full seed=1] epoch 21/40 loss=9.7509 (76.9s)
  [full seed=1] epoch 22/40 loss=9.7002 (80.4s)
  [full seed=1] epoch 23/40 loss=9.6529 (84.1s)
  [full seed=1] epoch 24/40 loss=9.6769 (87.7s)
  [full seed=1] epoch 25/40 loss=9.6293 (91.2s)
  [full seed=1] epoch 26/40 loss=9.6462 (94.9s)
  [full seed=1] epoch 27/40 loss=9.6139 (98.5s)
  [full seed=1] epoch 28/40 loss=9.6476 (101.9s)
  [full seed=1] epoch 29/40 loss=9.5989 (105.5s)
  [full seed=1] epoch 30/40 loss=9.5318 (109.1s)
  [full seed=1] epoch 31/40 loss=9.5651 (112.7s)
  [full seed=1] epoch 32/40 loss=9.5247 (116.3s)
  [full seed=1] epoch 33/40 loss=9.4942 (120.0s)
  [full seed=1] epoch 34/40 loss=9.5452 (123.5s)
  [full seed=1] epoch 35/40 loss=9.5357 (126.2s)
  [full seed=1] epoch 36/40 loss=9.4652 (128.9s)
  [full seed=1] epoch 37/40 loss=9.4582 (131.6s)
  [full seed=1] epoch 38/40 loss=9.4713 (134.3s)
  [full seed=1] epoch 39/40 loss=9.4389 (137.0s)
  [full seed=1] epoch 40/40 loss=9.4952 (139.7s)
  trained in 139.7s; evaluating...

=== Training 'full' seed 2 ===
  [full seed=2] epoch 1/40 loss=17.7309 (2.7s)
  [full seed=2] epoch 2/40 loss=10.6380 (5.4s)
  [full seed=2] epoch 3/40 loss=10.2901 (8.1s)
  [full seed=2] epoch 4/40 loss=10.0100 (10.8s)
  [full seed=2] epoch 5/40 loss=9.8883 (13.5s)
  [full seed=2] epoch 6/40 loss=9.8222 (16.2s)
  [full seed=2] epoch 7/40 loss=9.7480 (18.9s)
  [full seed=2] epoch 8/40 loss=9.7279 (21.6s)
  [full seed=2] epoch 9/40 loss=9.6338 (24.3s)
  [full seed=2] epoch 10/40 loss=9.6423 (27.0s)
  [full seed=2] epoch 11/40 loss=9.6683 (29.7s)
  [full seed=2] epoch 12/40 loss=9.5428 (32.8s)
  [full seed=2] epoch 13/40 loss=9.4916 (36.5s)
  [full seed=2] epoch 14/40 loss=9.5075 (40.2s)
  [full seed=2] epoch 15/40 loss=9.4847 (43.8s)
  [full seed=2] epoch 16/40 loss=9.4559 (47.4s)
  [full seed=2] epoch 17/40 loss=9.4547 (51.0s)
  [full seed=2] epoch 18/40 loss=9.5285 (54.6s)
  [full seed=2] epoch 19/40 loss=9.4001 (58.2s)
  [full seed=2] epoch 20/40 loss=9.4101 (61.8s)
  [full seed=2] epoch 21/40 loss=9.4103 (65.5s)
  [full seed=2] epoch 22/40 loss=9.3616 (69.0s)
  [full seed=2] epoch 23/40 loss=9.3503 (72.7s)
  [full seed=2] epoch 24/40 loss=9.3991 (76.3s)
  [full seed=2] epoch 25/40 loss=9.3621 (79.8s)
  [full seed=2] epoch 26/40 loss=9.3902 (83.3s)
  [full seed=2] epoch 27/40 loss=9.3548 (86.9s)
  [full seed=2] epoch 28/40 loss=9.3322 (90.5s)
  [full seed=2] epoch 29/40 loss=9.3363 (94.1s)
  [full seed=2] epoch 30/40 loss=9.2981 (97.8s)
  [full seed=2] epoch 31/40 loss=9.3338 (101.4s)
  [full seed=2] epoch 32/40 loss=9.3595 (105.1s)
  [full seed=2] epoch 33/40 loss=9.2784 (108.7s)
  [full seed=2] epoch 34/40 loss=9.2891 (112.3s)
  [full seed=2] epoch 35/40 loss=9.3130 (116.0s)
  [full seed=2] epoch 36/40 loss=9.3866 (119.6s)
  [full seed=2] epoch 37/40 loss=9.2902 (123.2s)
  [full seed=2] epoch 38/40 loss=9.3222 (126.9s)
  [full seed=2] epoch 39/40 loss=9.3144 (130.5s)
  [full seed=2] epoch 40/40 loss=9.2461 (134.2s)
  trained in 134.2s; evaluating...

=== Part A: direct log-PSD error (lower is better) ===
Headline = mean over L,R,W in the training band 1/H <= |f| <= 0.25:
         method  logpsd_mean_all  logpsd_L_all  logpsd_R_all  logpsd_W_all
       seg-only           4.6458        4.7524        4.6879        4.4971
        seg+pos           4.7789        4.8818        4.8370        4.6179
    seg+pos+rms           4.2376        4.3359        4.2986        4.0784
seg+pos+rms+psd           0.9218        0.9470        0.9719        0.8466
           full           0.9095        0.9498        0.9394        0.8393

Band breakdown for the width (W) trace:
         method  logpsd_W_all  logpsd_W_low  logpsd_W_mid  logpsd_W_high
       seg-only        4.4971        0.4916        4.4488         6.3942
        seg+pos        4.6179        0.4908        4.6452         6.4955
    seg+pos+rms        4.0784        0.4110        4.1509         5.6986
seg+pos+rms+psd        0.8466        0.3440        0.9178         1.0075
           full        0.8393        0.3682        0.9272         0.9686

=== Part B1: repeatability across independent acquisitions of the SAME geometry ===
precision_* = std of the estimate across repeats (what L_cons targets);
bias_sigma_W = |repeat-averaged estimate - ground truth| (accuracy).
         method  precision_sigma_W  precision_sigma_L  precision_sigma_R  pos_jitter  bias_sigma_W  lwr_mae  ler_mae    n
       seg-only             0.0702             0.0523             0.0528      0.4258        0.3764   0.3807   0.3070 1536
        seg+pos             0.0702             0.0522             0.0524      0.4256        0.3773   0.3817   0.3076 1536
    seg+pos+rms             0.0814             0.0614             0.0598      0.4986        0.2310   0.2412   0.1907 1536
seg+pos+rms+psd             0.1435             0.1228             0.1220      0.6730        0.2221   0.2466   0.1767 1536
           full             0.1408             0.1186             0.1229      0.6253        0.2262   0.2504   0.1827 1536

=== Part B2: noise robustness (k_n sweep) ===

lwr_mae by k_n (higher k_n = noisier):
k_n              2.721525   5.443049   10.886098  21.772197
method                                                     
seg-only            0.4168     0.3967     0.3762     0.3331
seg+pos             0.4169     0.3976     0.3777     0.3344
seg+pos+rms         0.2636     0.2451     0.2357     0.2204
seg+pos+rms+psd     0.2254     0.2175     0.2261     0.3173
full                0.2352     0.2198     0.2280     0.3187

precision_sigma_W by k_n (higher k_n = noisier):
k_n              2.721525   5.443049   10.886098  21.772197
method                                                     
seg-only            0.0603     0.0655     0.0714     0.0836
seg+pos             0.0604     0.0656     0.0713     0.0834
seg+pos+rms         0.0682     0.0743     0.0817     0.1015
seg+pos+rms+psd     0.1154     0.1274     0.1459     0.1854
full                0.1101     0.1237     0.1442     0.1853

(scale: 3 seed(s), 40 epochs, 15 train realizations/config, 32 configs, 8 repeats x 4 geometries per cell)
