Device: cuda
Configs: 32  (sigma x xi x alpha x rho grid)
Repeatability cells: 32 configs x 4 k_n x 4 geometries x 8 repeats
Training set: 480 paired items

=== Training 'seg-only' seed 0 ===
  [seg-only seed=0] epoch 1/40 loss=9.3244 (2.3s)
  [seg-only seed=0] epoch 2/40 loss=6.1717 (4.2s)
  [seg-only seed=0] epoch 3/40 loss=5.9701 (6.0s)
  [seg-only seed=0] epoch 4/40 loss=5.9291 (7.8s)
  [seg-only seed=0] epoch 5/40 loss=5.9116 (9.7s)
  [seg-only seed=0] epoch 6/40 loss=5.9019 (11.6s)
  [seg-only seed=0] epoch 7/40 loss=5.8944 (13.5s)
  [seg-only seed=0] epoch 8/40 loss=5.8886 (15.3s)
  [seg-only seed=0] epoch 9/40 loss=5.8839 (17.1s)
  [seg-only seed=0] epoch 10/40 loss=5.8793 (19.0s)
  [seg-only seed=0] epoch 11/40 loss=5.8760 (20.8s)
  [seg-only seed=0] epoch 12/40 loss=5.8724 (22.6s)
  [seg-only seed=0] epoch 13/40 loss=5.8701 (24.5s)
  [seg-only seed=0] epoch 14/40 loss=5.8683 (26.3s)
  [seg-only seed=0] epoch 15/40 loss=5.8669 (28.2s)
  [seg-only seed=0] epoch 16/40 loss=5.8654 (30.0s)
  [seg-only seed=0] epoch 17/40 loss=5.8633 (31.9s)
  [seg-only seed=0] epoch 18/40 loss=5.8619 (33.8s)
  [seg-only seed=0] epoch 19/40 loss=5.8611 (35.6s)
  [seg-only seed=0] epoch 20/40 loss=5.8612 (37.5s)
  [seg-only seed=0] epoch 21/40 loss=5.8584 (39.4s)
  [seg-only seed=0] epoch 22/40 loss=5.8575 (41.3s)
  [seg-only seed=0] epoch 23/40 loss=5.8566 (43.2s)
  [seg-only seed=0] epoch 24/40 loss=5.8556 (45.1s)
  [seg-only seed=0] epoch 25/40 loss=5.8549 (46.9s)
  [seg-only seed=0] epoch 26/40 loss=5.8538 (48.8s)
  [seg-only seed=0] epoch 27/40 loss=5.8529 (50.7s)
  [seg-only seed=0] epoch 28/40 loss=5.8526 (52.6s)
  [seg-only seed=0] epoch 29/40 loss=5.8515 (54.5s)
  [seg-only seed=0] epoch 30/40 loss=5.8510 (56.4s)
  [seg-only seed=0] epoch 31/40 loss=5.8503 (58.2s)
  [seg-only seed=0] epoch 32/40 loss=5.8496 (60.1s)
  [seg-only seed=0] epoch 33/40 loss=5.8488 (62.0s)
  [seg-only seed=0] epoch 34/40 loss=5.8481 (63.9s)
  [seg-only seed=0] epoch 35/40 loss=5.8481 (65.8s)
  [seg-only seed=0] epoch 36/40 loss=5.8470 (67.7s)
  [seg-only seed=0] epoch 37/40 loss=5.8461 (69.6s)
  [seg-only seed=0] epoch 38/40 loss=5.8463 (71.5s)
  [seg-only seed=0] epoch 39/40 loss=5.8453 (73.4s)
  [seg-only seed=0] epoch 40/40 loss=5.8458 (75.2s)
  trained in 76.0s; evaluating...

=== Training 'seg-only' seed 1 ===
  [seg-only seed=1] epoch 1/40 loss=8.3513 (1.9s)
  [seg-only seed=1] epoch 2/40 loss=6.1942 (3.8s)
  [seg-only seed=1] epoch 3/40 loss=6.0340 (5.8s)
  [seg-only seed=1] epoch 4/40 loss=5.9708 (7.7s)
  [seg-only seed=1] epoch 5/40 loss=5.9331 (9.6s)
  [seg-only seed=1] epoch 6/40 loss=5.9164 (11.5s)
  [seg-only seed=1] epoch 7/40 loss=5.9081 (13.4s)
  [seg-only seed=1] epoch 8/40 loss=5.9020 (15.3s)
  [seg-only seed=1] epoch 9/40 loss=5.8990 (17.2s)
  [seg-only seed=1] epoch 10/40 loss=5.8955 (19.1s)
  [seg-only seed=1] epoch 11/40 loss=5.8926 (21.0s)
  [seg-only seed=1] epoch 12/40 loss=5.8904 (22.9s)
  [seg-only seed=1] epoch 13/40 loss=5.8885 (24.8s)
  [seg-only seed=1] epoch 14/40 loss=5.8860 (26.7s)
  [seg-only seed=1] epoch 15/40 loss=5.8839 (28.7s)
  [seg-only seed=1] epoch 16/40 loss=5.8822 (30.6s)
  [seg-only seed=1] epoch 17/40 loss=5.8801 (32.5s)
  [seg-only seed=1] epoch 18/40 loss=5.8784 (34.4s)
  [seg-only seed=1] epoch 19/40 loss=5.8773 (36.4s)
  [seg-only seed=1] epoch 20/40 loss=5.8761 (38.2s)
  [seg-only seed=1] epoch 21/40 loss=5.8756 (40.2s)
  [seg-only seed=1] epoch 22/40 loss=5.8735 (42.1s)
  [seg-only seed=1] epoch 23/40 loss=5.8716 (44.0s)
  [seg-only seed=1] epoch 24/40 loss=5.8710 (45.7s)
  [seg-only seed=1] epoch 25/40 loss=5.8700 (47.4s)
  [seg-only seed=1] epoch 26/40 loss=5.8694 (49.2s)
  [seg-only seed=1] epoch 27/40 loss=5.8673 (51.1s)
  [seg-only seed=1] epoch 28/40 loss=5.8682 (53.0s)
  [seg-only seed=1] epoch 29/40 loss=5.8667 (54.9s)
  [seg-only seed=1] epoch 30/40 loss=5.8642 (56.8s)
  [seg-only seed=1] epoch 31/40 loss=5.8635 (58.7s)
  [seg-only seed=1] epoch 32/40 loss=5.8635 (60.6s)
  [seg-only seed=1] epoch 33/40 loss=5.8621 (62.5s)
  [seg-only seed=1] epoch 34/40 loss=5.8616 (64.4s)
  [seg-only seed=1] epoch 35/40 loss=5.8610 (66.4s)
  [seg-only seed=1] epoch 36/40 loss=5.8599 (68.3s)
  [seg-only seed=1] epoch 37/40 loss=5.8587 (70.2s)
  [seg-only seed=1] epoch 38/40 loss=5.8578 (72.1s)
  [seg-only seed=1] epoch 39/40 loss=5.8573 (74.1s)
  [seg-only seed=1] epoch 40/40 loss=5.8582 (76.0s)
  trained in 76.0s; evaluating...

=== Training 'seg-only' seed 2 ===
  [seg-only seed=2] epoch 1/40 loss=9.0376 (1.9s)
  [seg-only seed=2] epoch 2/40 loss=6.1894 (3.8s)
  [seg-only seed=2] epoch 3/40 loss=6.0092 (5.8s)
  [seg-only seed=2] epoch 4/40 loss=5.9486 (7.7s)
  [seg-only seed=2] epoch 5/40 loss=5.9225 (9.6s)
  [seg-only seed=2] epoch 6/40 loss=5.9075 (11.5s)
  [seg-only seed=2] epoch 7/40 loss=5.8968 (13.4s)
  [seg-only seed=2] epoch 8/40 loss=5.8913 (15.3s)
  [seg-only seed=2] epoch 9/40 loss=5.8866 (17.2s)
  [seg-only seed=2] epoch 10/40 loss=5.8838 (19.1s)
  [seg-only seed=2] epoch 11/40 loss=5.8802 (21.0s)
  [seg-only seed=2] epoch 12/40 loss=5.8773 (22.9s)
  [seg-only seed=2] epoch 13/40 loss=5.8749 (24.8s)
  [seg-only seed=2] epoch 14/40 loss=5.8739 (26.7s)
  [seg-only seed=2] epoch 15/40 loss=5.8722 (28.6s)
  [seg-only seed=2] epoch 16/40 loss=5.8704 (30.6s)
  [seg-only seed=2] epoch 17/40 loss=5.8695 (32.5s)
  [seg-only seed=2] epoch 18/40 loss=5.8684 (34.4s)
  [seg-only seed=2] epoch 19/40 loss=5.8668 (36.3s)
  [seg-only seed=2] epoch 20/40 loss=5.8661 (38.2s)
  [seg-only seed=2] epoch 21/40 loss=5.8643 (40.2s)
  [seg-only seed=2] epoch 22/40 loss=5.8631 (42.1s)
  [seg-only seed=2] epoch 23/40 loss=5.8618 (44.0s)
  [seg-only seed=2] epoch 24/40 loss=5.8605 (45.9s)
  [seg-only seed=2] epoch 25/40 loss=5.8590 (47.9s)
  [seg-only seed=2] epoch 26/40 loss=5.8588 (49.8s)
  [seg-only seed=2] epoch 27/40 loss=5.8574 (51.7s)
  [seg-only seed=2] epoch 28/40 loss=5.8554 (53.7s)
  [seg-only seed=2] epoch 29/40 loss=5.8537 (55.6s)
  [seg-only seed=2] epoch 30/40 loss=5.8528 (57.5s)
  [seg-only seed=2] epoch 31/40 loss=5.8523 (59.5s)
  [seg-only seed=2] epoch 32/40 loss=5.8512 (61.4s)
  [seg-only seed=2] epoch 33/40 loss=5.8497 (63.3s)
  [seg-only seed=2] epoch 34/40 loss=5.8494 (65.2s)
  [seg-only seed=2] epoch 35/40 loss=5.8479 (67.2s)
  [seg-only seed=2] epoch 36/40 loss=5.8485 (69.1s)
  [seg-only seed=2] epoch 37/40 loss=5.8473 (71.0s)
  [seg-only seed=2] epoch 38/40 loss=5.8466 (72.9s)
  [seg-only seed=2] epoch 39/40 loss=5.8464 (74.8s)
  [seg-only seed=2] epoch 40/40 loss=5.8450 (76.7s)
  trained in 76.7s; evaluating...

=== Training 'seg+pos' seed 0 ===
  [seg+pos seed=0] epoch 1/40 loss=9.4819 (2.0s)
  [seg+pos seed=0] epoch 2/40 loss=6.2296 (3.9s)
  [seg+pos seed=0] epoch 3/40 loss=6.0060 (5.9s)
  [seg+pos seed=0] epoch 4/40 loss=5.9555 (7.8s)
  [seg+pos seed=0] epoch 5/40 loss=5.9323 (9.8s)
  [seg+pos seed=0] epoch 6/40 loss=5.9200 (11.8s)
  [seg+pos seed=0] epoch 7/40 loss=5.9111 (13.8s)
  [seg+pos seed=0] epoch 8/40 loss=5.9043 (15.7s)
  [seg+pos seed=0] epoch 9/40 loss=5.9012 (17.7s)
  [seg+pos seed=0] epoch 10/40 loss=5.8948 (19.7s)
  [seg+pos seed=0] epoch 11/40 loss=5.8903 (21.7s)
  [seg+pos seed=0] epoch 12/40 loss=5.8867 (23.6s)
  [seg+pos seed=0] epoch 13/40 loss=5.8832 (25.6s)
  [seg+pos seed=0] epoch 14/40 loss=5.8822 (27.5s)
  [seg+pos seed=0] epoch 15/40 loss=5.8792 (29.5s)
  [seg+pos seed=0] epoch 16/40 loss=5.8774 (31.5s)
  [seg+pos seed=0] epoch 17/40 loss=5.8753 (33.4s)
  [seg+pos seed=0] epoch 18/40 loss=5.8737 (35.4s)
  [seg+pos seed=0] epoch 19/40 loss=5.8727 (37.4s)
  [seg+pos seed=0] epoch 20/40 loss=5.8721 (39.3s)
  [seg+pos seed=0] epoch 21/40 loss=5.8697 (41.3s)
  [seg+pos seed=0] epoch 22/40 loss=5.8691 (43.2s)
  [seg+pos seed=0] epoch 23/40 loss=5.8675 (45.2s)
  [seg+pos seed=0] epoch 24/40 loss=5.8667 (47.1s)
  [seg+pos seed=0] epoch 25/40 loss=5.8665 (48.9s)
  [seg+pos seed=0] epoch 26/40 loss=5.8649 (50.9s)
  [seg+pos seed=0] epoch 27/40 loss=5.8633 (52.8s)
  [seg+pos seed=0] epoch 28/40 loss=5.8631 (54.8s)
  [seg+pos seed=0] epoch 29/40 loss=5.8621 (56.8s)
  [seg+pos seed=0] epoch 30/40 loss=5.8613 (58.8s)
  [seg+pos seed=0] epoch 31/40 loss=5.8601 (60.7s)
  [seg+pos seed=0] epoch 32/40 loss=5.8600 (62.7s)
  [seg+pos seed=0] epoch 33/40 loss=5.8595 (64.7s)
  [seg+pos seed=0] epoch 34/40 loss=5.8588 (66.6s)
  [seg+pos seed=0] epoch 35/40 loss=5.8582 (68.6s)
  [seg+pos seed=0] epoch 36/40 loss=5.8569 (70.5s)
  [seg+pos seed=0] epoch 37/40 loss=5.8562 (72.5s)
  [seg+pos seed=0] epoch 38/40 loss=5.8557 (74.4s)
  [seg+pos seed=0] epoch 39/40 loss=5.8553 (76.4s)
  [seg+pos seed=0] epoch 40/40 loss=5.8554 (78.4s)
  trained in 78.4s; evaluating...

=== Training 'seg+pos' seed 1 ===
  [seg+pos seed=1] epoch 1/40 loss=8.4678 (2.0s)
  [seg+pos seed=1] epoch 2/40 loss=6.2228 (3.9s)
  [seg+pos seed=1] epoch 3/40 loss=6.0164 (5.9s)
  [seg+pos seed=1] epoch 4/40 loss=5.9600 (7.9s)
  [seg+pos seed=1] epoch 5/40 loss=5.9345 (9.8s)
  [seg+pos seed=1] epoch 6/40 loss=5.9210 (11.8s)
  [seg+pos seed=1] epoch 7/40 loss=5.9138 (13.7s)
  [seg+pos seed=1] epoch 8/40 loss=5.9081 (15.7s)
  [seg+pos seed=1] epoch 9/40 loss=5.9043 (17.6s)
  [seg+pos seed=1] epoch 10/40 loss=5.9008 (19.6s)
  [seg+pos seed=1] epoch 11/40 loss=5.8982 (21.5s)
  [seg+pos seed=1] epoch 12/40 loss=5.8966 (23.5s)
  [seg+pos seed=1] epoch 13/40 loss=5.8946 (25.5s)
  [seg+pos seed=1] epoch 14/40 loss=5.8929 (27.5s)
  [seg+pos seed=1] epoch 15/40 loss=5.8913 (29.5s)
  [seg+pos seed=1] epoch 16/40 loss=5.8895 (31.4s)
  [seg+pos seed=1] epoch 17/40 loss=5.8886 (33.4s)
  [seg+pos seed=1] epoch 18/40 loss=5.8869 (35.3s)
  [seg+pos seed=1] epoch 19/40 loss=5.8863 (37.3s)
  [seg+pos seed=1] epoch 20/40 loss=5.8850 (39.3s)
  [seg+pos seed=1] epoch 21/40 loss=5.8839 (41.3s)
  [seg+pos seed=1] epoch 22/40 loss=5.8824 (43.2s)
  [seg+pos seed=1] epoch 23/40 loss=5.8814 (45.2s)
  [seg+pos seed=1] epoch 24/40 loss=5.8804 (47.2s)
  [seg+pos seed=1] epoch 25/40 loss=5.8795 (49.2s)
  [seg+pos seed=1] epoch 26/40 loss=5.8788 (51.1s)
  [seg+pos seed=1] epoch 27/40 loss=5.8766 (53.1s)
  [seg+pos seed=1] epoch 28/40 loss=5.8771 (55.1s)
  [seg+pos seed=1] epoch 29/40 loss=5.8749 (57.1s)
  [seg+pos seed=1] epoch 30/40 loss=5.8736 (59.0s)
  [seg+pos seed=1] epoch 31/40 loss=5.8729 (61.0s)
  [seg+pos seed=1] epoch 32/40 loss=5.8722 (62.9s)
  [seg+pos seed=1] epoch 33/40 loss=5.8721 (64.9s)
  [seg+pos seed=1] epoch 34/40 loss=5.8706 (66.9s)
  [seg+pos seed=1] epoch 35/40 loss=5.8701 (68.8s)
  [seg+pos seed=1] epoch 36/40 loss=5.8686 (70.8s)
  [seg+pos seed=1] epoch 37/40 loss=5.8677 (72.8s)
  [seg+pos seed=1] epoch 38/40 loss=5.8659 (74.8s)
  [seg+pos seed=1] epoch 39/40 loss=5.8656 (76.7s)
  [seg+pos seed=1] epoch 40/40 loss=5.8663 (78.8s)
  trained in 78.8s; evaluating...

=== Training 'seg+pos' seed 2 ===
  [seg+pos seed=2] epoch 1/40 loss=9.1904 (2.0s)
  [seg+pos seed=2] epoch 2/40 loss=6.2120 (3.9s)
  [seg+pos seed=2] epoch 3/40 loss=6.0587 (5.9s)
  [seg+pos seed=2] epoch 4/40 loss=5.9963 (7.9s)
  [seg+pos seed=2] epoch 5/40 loss=5.9599 (9.8s)
  [seg+pos seed=2] epoch 6/40 loss=5.9404 (11.8s)
  [seg+pos seed=2] epoch 7/40 loss=5.9273 (13.7s)
  [seg+pos seed=2] epoch 8/40 loss=5.9197 (15.7s)
  [seg+pos seed=2] epoch 9/40 loss=5.9115 (17.6s)
  [seg+pos seed=2] epoch 10/40 loss=5.9064 (19.6s)
  [seg+pos seed=2] epoch 11/40 loss=5.9027 (21.5s)
  [seg+pos seed=2] epoch 12/40 loss=5.8986 (23.5s)
  [seg+pos seed=2] epoch 13/40 loss=5.8947 (25.4s)
  [seg+pos seed=2] epoch 14/40 loss=5.8926 (27.4s)
  [seg+pos seed=2] epoch 15/40 loss=5.8893 (29.4s)
  [seg+pos seed=2] epoch 16/40 loss=5.8872 (31.4s)
  [seg+pos seed=2] epoch 17/40 loss=5.8857 (33.3s)
  [seg+pos seed=2] epoch 18/40 loss=5.8836 (35.3s)
  [seg+pos seed=2] epoch 19/40 loss=5.8816 (37.3s)
  [seg+pos seed=2] epoch 20/40 loss=5.8804 (39.3s)
  [seg+pos seed=2] epoch 21/40 loss=5.8786 (41.2s)
  [seg+pos seed=2] epoch 22/40 loss=5.8778 (43.2s)
  [seg+pos seed=2] epoch 23/40 loss=5.8763 (45.2s)
  [seg+pos seed=2] epoch 24/40 loss=5.8741 (47.1s)
  [seg+pos seed=2] epoch 25/40 loss=5.8736 (49.1s)
  [seg+pos seed=2] epoch 26/40 loss=5.8715 (51.1s)
  [seg+pos seed=2] epoch 27/40 loss=5.8706 (53.0s)
  [seg+pos seed=2] epoch 28/40 loss=5.8684 (55.0s)
  [seg+pos seed=2] epoch 29/40 loss=5.8674 (57.0s)
  [seg+pos seed=2] epoch 30/40 loss=5.8660 (59.1s)
  [seg+pos seed=2] epoch 31/40 loss=5.8656 (61.1s)
  [seg+pos seed=2] epoch 32/40 loss=5.8649 (63.1s)
  [seg+pos seed=2] epoch 33/40 loss=5.8622 (65.1s)
  [seg+pos seed=2] epoch 34/40 loss=5.8616 (67.1s)
  [seg+pos seed=2] epoch 35/40 loss=5.8600 (69.1s)
  [seg+pos seed=2] epoch 36/40 loss=5.8606 (71.1s)
  [seg+pos seed=2] epoch 37/40 loss=5.8587 (73.1s)
  [seg+pos seed=2] epoch 38/40 loss=5.8577 (75.1s)
  [seg+pos seed=2] epoch 39/40 loss=5.8568 (77.1s)
  [seg+pos seed=2] epoch 40/40 loss=5.8555 (79.1s)
  trained in 79.1s; evaluating...

=== Training 'seg+pos+rms' seed 0 ===
  [seg+pos+rms seed=0] epoch 1/40 loss=13.4199 (2.2s)
  [seg+pos+rms seed=0] epoch 2/40 loss=6.8929 (4.3s)
  [seg+pos+rms seed=0] epoch 3/40 loss=6.2261 (6.5s)
  [seg+pos+rms seed=0] epoch 4/40 loss=6.0654 (8.6s)
  [seg+pos+rms seed=0] epoch 5/40 loss=6.0235 (10.8s)
  [seg+pos+rms seed=0] epoch 6/40 loss=6.0020 (13.0s)
  [seg+pos+rms seed=0] epoch 7/40 loss=5.9906 (15.2s)
  [seg+pos+rms seed=0] epoch 8/40 loss=5.9825 (17.4s)
  [seg+pos+rms seed=0] epoch 9/40 loss=5.9779 (19.6s)
  [seg+pos+rms seed=0] epoch 10/40 loss=5.9684 (21.7s)
  [seg+pos+rms seed=0] epoch 11/40 loss=5.9659 (23.9s)
  [seg+pos+rms seed=0] epoch 12/40 loss=5.9620 (26.1s)
  [seg+pos+rms seed=0] epoch 13/40 loss=5.9579 (28.3s)
  [seg+pos+rms seed=0] epoch 14/40 loss=5.9560 (30.5s)
  [seg+pos+rms seed=0] epoch 15/40 loss=5.9540 (32.6s)
  [seg+pos+rms seed=0] epoch 16/40 loss=5.9529 (34.8s)
  [seg+pos+rms seed=0] epoch 17/40 loss=5.9494 (37.0s)
  [seg+pos+rms seed=0] epoch 18/40 loss=5.9479 (39.1s)
  [seg+pos+rms seed=0] epoch 19/40 loss=5.9454 (41.4s)
  [seg+pos+rms seed=0] epoch 20/40 loss=5.9477 (43.6s)
  [seg+pos+rms seed=0] epoch 21/40 loss=5.9431 (45.8s)
  [seg+pos+rms seed=0] epoch 22/40 loss=5.9430 (47.9s)
  [seg+pos+rms seed=0] epoch 23/40 loss=5.9403 (50.1s)
  [seg+pos+rms seed=0] epoch 24/40 loss=5.9406 (52.3s)
  [seg+pos+rms seed=0] epoch 25/40 loss=5.9381 (54.5s)
  [seg+pos+rms seed=0] epoch 26/40 loss=5.9367 (56.7s)
  [seg+pos+rms seed=0] epoch 27/40 loss=5.9351 (58.9s)
  [seg+pos+rms seed=0] epoch 28/40 loss=5.9323 (61.1s)
  [seg+pos+rms seed=0] epoch 29/40 loss=5.9298 (63.3s)
  [seg+pos+rms seed=0] epoch 30/40 loss=5.9294 (65.5s)
  [seg+pos+rms seed=0] epoch 31/40 loss=5.9275 (67.7s)
  [seg+pos+rms seed=0] epoch 32/40 loss=5.9281 (69.8s)
  [seg+pos+rms seed=0] epoch 33/40 loss=5.9273 (72.0s)
  [seg+pos+rms seed=0] epoch 34/40 loss=5.9245 (74.2s)
  [seg+pos+rms seed=0] epoch 35/40 loss=5.9253 (76.4s)
  [seg+pos+rms seed=0] epoch 36/40 loss=5.9269 (78.7s)
  [seg+pos+rms seed=0] epoch 37/40 loss=5.9223 (80.9s)
  [seg+pos+rms seed=0] epoch 38/40 loss=5.9218 (83.0s)
  [seg+pos+rms seed=0] epoch 39/40 loss=5.9204 (85.2s)
  [seg+pos+rms seed=0] epoch 40/40 loss=5.9193 (87.4s)
  trained in 87.4s; evaluating...

=== Training 'seg+pos+rms' seed 1 ===
  [seg+pos+rms seed=1] epoch 1/40 loss=11.0174 (2.2s)
  [seg+pos+rms seed=1] epoch 2/40 loss=6.5656 (4.1s)
  [seg+pos+rms seed=1] epoch 3/40 loss=6.2309 (5.9s)
  [seg+pos+rms seed=1] epoch 4/40 loss=6.1207 (7.8s)
  [seg+pos+rms seed=1] epoch 5/40 loss=6.0638 (10.0s)
  [seg+pos+rms seed=1] epoch 6/40 loss=6.0229 (12.2s)
  [seg+pos+rms seed=1] epoch 7/40 loss=6.0078 (14.2s)
  [seg+pos+rms seed=1] epoch 8/40 loss=5.9948 (16.4s)
  [seg+pos+rms seed=1] epoch 9/40 loss=5.9866 (18.6s)
  [seg+pos+rms seed=1] epoch 10/40 loss=5.9798 (20.9s)
  [seg+pos+rms seed=1] epoch 11/40 loss=5.9746 (23.1s)
  [seg+pos+rms seed=1] epoch 12/40 loss=5.9707 (25.3s)
  [seg+pos+rms seed=1] epoch 13/40 loss=5.9708 (27.5s)
  [seg+pos+rms seed=1] epoch 14/40 loss=5.9685 (29.7s)
  [seg+pos+rms seed=1] epoch 15/40 loss=5.9641 (31.9s)
  [seg+pos+rms seed=1] epoch 16/40 loss=5.9615 (34.1s)
  [seg+pos+rms seed=1] epoch 17/40 loss=5.9612 (36.3s)
  [seg+pos+rms seed=1] epoch 18/40 loss=5.9574 (38.5s)
  [seg+pos+rms seed=1] epoch 19/40 loss=5.9582 (40.7s)
  [seg+pos+rms seed=1] epoch 20/40 loss=5.9532 (42.9s)
  [seg+pos+rms seed=1] epoch 21/40 loss=5.9544 (45.1s)
  [seg+pos+rms seed=1] epoch 22/40 loss=5.9517 (47.3s)
  [seg+pos+rms seed=1] epoch 23/40 loss=5.9474 (49.5s)
  [seg+pos+rms seed=1] epoch 24/40 loss=5.9511 (51.7s)
  [seg+pos+rms seed=1] epoch 25/40 loss=5.9447 (54.0s)
  [seg+pos+rms seed=1] epoch 26/40 loss=5.9462 (56.2s)
  [seg+pos+rms seed=1] epoch 27/40 loss=5.9448 (58.4s)
  [seg+pos+rms seed=1] epoch 28/40 loss=5.9383 (60.6s)
  [seg+pos+rms seed=1] epoch 29/40 loss=5.9366 (62.8s)
  [seg+pos+rms seed=1] epoch 30/40 loss=5.9340 (65.0s)
  [seg+pos+rms seed=1] epoch 31/40 loss=5.9363 (67.2s)
  [seg+pos+rms seed=1] epoch 32/40 loss=5.9329 (69.4s)
  [seg+pos+rms seed=1] epoch 33/40 loss=5.9316 (71.6s)
  [seg+pos+rms seed=1] epoch 34/40 loss=5.9312 (73.8s)
  [seg+pos+rms seed=1] epoch 35/40 loss=5.9366 (76.0s)
  [seg+pos+rms seed=1] epoch 36/40 loss=5.9300 (78.2s)
  [seg+pos+rms seed=1] epoch 37/40 loss=5.9292 (80.5s)
  [seg+pos+rms seed=1] epoch 38/40 loss=5.9260 (82.7s)
  [seg+pos+rms seed=1] epoch 39/40 loss=5.9255 (84.9s)
  [seg+pos+rms seed=1] epoch 40/40 loss=5.9256 (87.1s)
  trained in 87.1s; evaluating...

=== Training 'seg+pos+rms' seed 2 ===
  [seg+pos+rms seed=2] epoch 1/40 loss=12.4176 (2.2s)
  [seg+pos+rms seed=2] epoch 2/40 loss=6.6821 (4.4s)
  [seg+pos+rms seed=2] epoch 3/40 loss=6.2719 (6.5s)
  [seg+pos+rms seed=2] epoch 4/40 loss=6.1458 (8.7s)
  [seg+pos+rms seed=2] epoch 5/40 loss=6.0825 (11.0s)
  [seg+pos+rms seed=2] epoch 6/40 loss=6.0523 (13.1s)
  [seg+pos+rms seed=2] epoch 7/40 loss=6.0303 (15.3s)
  [seg+pos+rms seed=2] epoch 8/40 loss=6.0271 (17.5s)
  [seg+pos+rms seed=2] epoch 9/40 loss=6.0067 (19.7s)
  [seg+pos+rms seed=2] epoch 10/40 loss=5.9978 (21.9s)
  [seg+pos+rms seed=2] epoch 11/40 loss=5.9980 (24.0s)
  [seg+pos+rms seed=2] epoch 12/40 loss=5.9857 (26.2s)
  [seg+pos+rms seed=2] epoch 13/40 loss=5.9803 (28.4s)
  [seg+pos+rms seed=2] epoch 14/40 loss=5.9771 (30.6s)
  [seg+pos+rms seed=2] epoch 15/40 loss=5.9737 (32.8s)
  [seg+pos+rms seed=2] epoch 16/40 loss=5.9676 (35.0s)
  [seg+pos+rms seed=2] epoch 17/40 loss=5.9649 (37.2s)
  [seg+pos+rms seed=2] epoch 18/40 loss=5.9671 (39.4s)
  [seg+pos+rms seed=2] epoch 19/40 loss=5.9625 (41.6s)
  [seg+pos+rms seed=2] epoch 20/40 loss=5.9592 (43.8s)
  [seg+pos+rms seed=2] epoch 21/40 loss=5.9579 (46.0s)
  [seg+pos+rms seed=2] epoch 22/40 loss=5.9550 (48.2s)
  [seg+pos+rms seed=2] epoch 23/40 loss=5.9574 (50.4s)
  [seg+pos+rms seed=2] epoch 24/40 loss=5.9525 (52.6s)
  [seg+pos+rms seed=2] epoch 25/40 loss=5.9508 (54.8s)
  [seg+pos+rms seed=2] epoch 26/40 loss=5.9519 (57.0s)
  [seg+pos+rms seed=2] epoch 27/40 loss=5.9473 (59.2s)
  [seg+pos+rms seed=2] epoch 28/40 loss=5.9481 (61.4s)
  [seg+pos+rms seed=2] epoch 29/40 loss=5.9485 (63.6s)
  [seg+pos+rms seed=2] epoch 30/40 loss=5.9414 (65.9s)
  [seg+pos+rms seed=2] epoch 31/40 loss=5.9379 (68.1s)
  [seg+pos+rms seed=2] epoch 32/40 loss=5.9393 (70.3s)
  [seg+pos+rms seed=2] epoch 33/40 loss=5.9359 (72.5s)
  [seg+pos+rms seed=2] epoch 34/40 loss=5.9340 (74.7s)
  [seg+pos+rms seed=2] epoch 35/40 loss=5.9345 (76.8s)
  [seg+pos+rms seed=2] epoch 36/40 loss=5.9385 (79.0s)
  [seg+pos+rms seed=2] epoch 37/40 loss=5.9344 (81.2s)
  [seg+pos+rms seed=2] epoch 38/40 loss=5.9323 (83.4s)
  [seg+pos+rms seed=2] epoch 39/40 loss=5.9308 (85.6s)
  [seg+pos+rms seed=2] epoch 40/40 loss=5.9290 (87.9s)
  trained in 87.9s; evaluating...

=== Training 'seg+pos+rms+psd' seed 0 ===
  [seg+pos+rms+psd seed=0] epoch 1/40 loss=16.9374 (3.1s)
  [seg+pos+rms+psd seed=0] epoch 2/40 loss=7.3506 (6.2s)
  [seg+pos+rms+psd seed=0] epoch 3/40 loss=6.8344 (9.3s)
  [seg+pos+rms+psd seed=0] epoch 4/40 loss=6.5145 (12.3s)
  [seg+pos+rms+psd seed=0] epoch 5/40 loss=6.3651 (15.3s)
  [seg+pos+rms+psd seed=0] epoch 6/40 loss=6.2730 (18.3s)
  [seg+pos+rms+psd seed=0] epoch 7/40 loss=6.2208 (21.4s)
  [seg+pos+rms+psd seed=0] epoch 8/40 loss=6.1890 (24.4s)
  [seg+pos+rms+psd seed=0] epoch 9/40 loss=6.1738 (27.5s)
  [seg+pos+rms+psd seed=0] epoch 10/40 loss=6.1569 (30.5s)
  [seg+pos+rms+psd seed=0] epoch 11/40 loss=6.1501 (33.6s)
  [seg+pos+rms+psd seed=0] epoch 12/40 loss=6.1411 (36.6s)
  [seg+pos+rms+psd seed=0] epoch 13/40 loss=6.1327 (39.6s)
  [seg+pos+rms+psd seed=0] epoch 14/40 loss=6.1287 (42.7s)
  [seg+pos+rms+psd seed=0] epoch 15/40 loss=6.1254 (45.7s)
  [seg+pos+rms+psd seed=0] epoch 16/40 loss=6.1234 (48.7s)
  [seg+pos+rms+psd seed=0] epoch 17/40 loss=6.1161 (51.8s)
  [seg+pos+rms+psd seed=0] epoch 18/40 loss=6.1108 (54.8s)
  [seg+pos+rms+psd seed=0] epoch 19/40 loss=6.1090 (57.8s)
  [seg+pos+rms+psd seed=0] epoch 20/40 loss=6.1090 (60.9s)
  [seg+pos+rms+psd seed=0] epoch 21/40 loss=6.1037 (63.9s)
  [seg+pos+rms+psd seed=0] epoch 22/40 loss=6.1079 (66.9s)
  [seg+pos+rms+psd seed=0] epoch 23/40 loss=6.1007 (69.9s)
  [seg+pos+rms+psd seed=0] epoch 24/40 loss=6.0986 (72.9s)
  [seg+pos+rms+psd seed=0] epoch 25/40 loss=6.0980 (76.0s)
  [seg+pos+rms+psd seed=0] epoch 26/40 loss=6.0949 (79.0s)
  [seg+pos+rms+psd seed=0] epoch 27/40 loss=6.0931 (82.0s)
  [seg+pos+rms+psd seed=0] epoch 28/40 loss=6.0905 (85.0s)
  [seg+pos+rms+psd seed=0] epoch 29/40 loss=6.0886 (88.1s)
  [seg+pos+rms+psd seed=0] epoch 30/40 loss=6.0877 (91.1s)
  [seg+pos+rms+psd seed=0] epoch 31/40 loss=6.0843 (94.2s)
  [seg+pos+rms+psd seed=0] epoch 32/40 loss=6.0841 (97.2s)
  [seg+pos+rms+psd seed=0] epoch 33/40 loss=6.0842 (100.2s)
  [seg+pos+rms+psd seed=0] epoch 34/40 loss=6.0829 (103.3s)
  [seg+pos+rms+psd seed=0] epoch 35/40 loss=6.0826 (106.3s)
  [seg+pos+rms+psd seed=0] epoch 36/40 loss=6.0830 (109.4s)
  [seg+pos+rms+psd seed=0] epoch 37/40 loss=6.0788 (112.4s)
  [seg+pos+rms+psd seed=0] epoch 38/40 loss=6.0770 (115.5s)
  [seg+pos+rms+psd seed=0] epoch 39/40 loss=6.0771 (118.5s)
  [seg+pos+rms+psd seed=0] epoch 40/40 loss=6.0747 (121.5s)
  trained in 121.5s; evaluating...

=== Training 'seg+pos+rms+psd' seed 1 ===
  [seg+pos+rms+psd seed=1] epoch 1/40 loss=14.0247 (3.0s)
  [seg+pos+rms+psd seed=1] epoch 2/40 loss=7.0892 (6.1s)
  [seg+pos+rms+psd seed=1] epoch 3/40 loss=6.6057 (9.2s)
  [seg+pos+rms+psd seed=1] epoch 4/40 loss=6.4103 (12.2s)
  [seg+pos+rms+psd seed=1] epoch 5/40 loss=6.3181 (15.2s)
  [seg+pos+rms+psd seed=1] epoch 6/40 loss=6.2593 (18.3s)
  [seg+pos+rms+psd seed=1] epoch 7/40 loss=6.2313 (21.3s)
  [seg+pos+rms+psd seed=1] epoch 8/40 loss=6.2053 (24.4s)
  [seg+pos+rms+psd seed=1] epoch 9/40 loss=6.1966 (27.4s)
  [seg+pos+rms+psd seed=1] epoch 10/40 loss=6.1782 (30.5s)
  [seg+pos+rms+psd seed=1] epoch 11/40 loss=6.1690 (33.6s)
  [seg+pos+rms+psd seed=1] epoch 12/40 loss=6.1612 (36.7s)
  [seg+pos+rms+psd seed=1] epoch 13/40 loss=6.1580 (39.8s)
  [seg+pos+rms+psd seed=1] epoch 14/40 loss=6.1546 (42.8s)
  [seg+pos+rms+psd seed=1] epoch 15/40 loss=6.1480 (45.9s)
  [seg+pos+rms+psd seed=1] epoch 16/40 loss=6.1398 (49.0s)
  [seg+pos+rms+psd seed=1] epoch 17/40 loss=6.1383 (52.0s)
  [seg+pos+rms+psd seed=1] epoch 18/40 loss=6.1322 (55.0s)
  [seg+pos+rms+psd seed=1] epoch 19/40 loss=6.1290 (58.1s)
  [seg+pos+rms+psd seed=1] epoch 20/40 loss=6.1333 (61.1s)
  [seg+pos+rms+psd seed=1] epoch 21/40 loss=6.1231 (64.1s)
  [seg+pos+rms+psd seed=1] epoch 22/40 loss=6.1247 (67.2s)
  [seg+pos+rms+psd seed=1] epoch 23/40 loss=6.1228 (70.3s)
  [seg+pos+rms+psd seed=1] epoch 24/40 loss=6.1182 (73.3s)
  [seg+pos+rms+psd seed=1] epoch 25/40 loss=6.1148 (76.3s)
  [seg+pos+rms+psd seed=1] epoch 26/40 loss=6.1124 (79.4s)
  [seg+pos+rms+psd seed=1] epoch 27/40 loss=6.1087 (82.4s)
  [seg+pos+rms+psd seed=1] epoch 28/40 loss=6.1098 (85.4s)
  [seg+pos+rms+psd seed=1] epoch 29/40 loss=6.1129 (88.5s)
  [seg+pos+rms+psd seed=1] epoch 30/40 loss=6.1033 (91.6s)
  [seg+pos+rms+psd seed=1] epoch 31/40 loss=6.1043 (94.6s)
  [seg+pos+rms+psd seed=1] epoch 32/40 loss=6.1021 (97.6s)
  [seg+pos+rms+psd seed=1] epoch 33/40 loss=6.0992 (100.7s)
  [seg+pos+rms+psd seed=1] epoch 34/40 loss=6.1007 (103.7s)
  [seg+pos+rms+psd seed=1] epoch 35/40 loss=6.1016 (106.7s)
  [seg+pos+rms+psd seed=1] epoch 36/40 loss=6.0990 (109.8s)
  [seg+pos+rms+psd seed=1] epoch 37/40 loss=6.0911 (112.8s)
  [seg+pos+rms+psd seed=1] epoch 38/40 loss=6.0911 (115.8s)
  [seg+pos+rms+psd seed=1] epoch 39/40 loss=6.0943 (118.9s)
  [seg+pos+rms+psd seed=1] epoch 40/40 loss=6.0935 (121.9s)
  trained in 121.9s; evaluating...

=== Training 'seg+pos+rms+psd' seed 2 ===
  [seg+pos+rms+psd seed=2] epoch 1/40 loss=17.5404 (3.1s)
  [seg+pos+rms+psd seed=2] epoch 2/40 loss=7.4204 (6.1s)
  [seg+pos+rms+psd seed=2] epoch 3/40 loss=6.5963 (9.2s)
  [seg+pos+rms+psd seed=2] epoch 4/40 loss=6.3169 (12.3s)
  [seg+pos+rms+psd seed=2] epoch 5/40 loss=6.2163 (15.3s)
  [seg+pos+rms+psd seed=2] epoch 6/40 loss=6.1851 (18.4s)
  [seg+pos+rms+psd seed=2] epoch 7/40 loss=6.1642 (21.5s)
  [seg+pos+rms+psd seed=2] epoch 8/40 loss=6.1536 (24.6s)
  [seg+pos+rms+psd seed=2] epoch 9/40 loss=6.1392 (27.7s)
  [seg+pos+rms+psd seed=2] epoch 10/40 loss=6.1261 (30.8s)
  [seg+pos+rms+psd seed=2] epoch 11/40 loss=6.1224 (33.9s)
  [seg+pos+rms+psd seed=2] epoch 12/40 loss=6.1136 (37.1s)
  [seg+pos+rms+psd seed=2] epoch 13/40 loss=6.1097 (40.1s)
  [seg+pos+rms+psd seed=2] epoch 14/40 loss=6.1078 (43.2s)
  [seg+pos+rms+psd seed=2] epoch 15/40 loss=6.1027 (46.3s)
  [seg+pos+rms+psd seed=2] epoch 16/40 loss=6.0993 (49.4s)
  [seg+pos+rms+psd seed=2] epoch 17/40 loss=6.0980 (52.4s)
  [seg+pos+rms+psd seed=2] epoch 18/40 loss=6.0962 (55.4s)
  [seg+pos+rms+psd seed=2] epoch 19/40 loss=6.0973 (58.5s)
  [seg+pos+rms+psd seed=2] epoch 20/40 loss=6.0938 (61.5s)
  [seg+pos+rms+psd seed=2] epoch 21/40 loss=6.0935 (63.9s)
  [seg+pos+rms+psd seed=2] epoch 22/40 loss=6.0889 (66.2s)
  [seg+pos+rms+psd seed=2] epoch 23/40 loss=6.0939 (68.8s)
  [seg+pos+rms+psd seed=2] epoch 24/40 loss=6.0862 (71.8s)
  [seg+pos+rms+psd seed=2] epoch 25/40 loss=6.0875 (74.8s)
  [seg+pos+rms+psd seed=2] epoch 26/40 loss=6.0887 (77.9s)
  [seg+pos+rms+psd seed=2] epoch 27/40 loss=6.0820 (81.0s)
  [seg+pos+rms+psd seed=2] epoch 28/40 loss=6.0811 (84.1s)
  [seg+pos+rms+psd seed=2] epoch 29/40 loss=6.0802 (87.2s)
  [seg+pos+rms+psd seed=2] epoch 30/40 loss=6.0786 (90.3s)
  [seg+pos+rms+psd seed=2] epoch 31/40 loss=6.0789 (93.4s)
  [seg+pos+rms+psd seed=2] epoch 32/40 loss=6.0796 (96.5s)
  [seg+pos+rms+psd seed=2] epoch 33/40 loss=6.0750 (99.6s)
  [seg+pos+rms+psd seed=2] epoch 34/40 loss=6.0719 (102.6s)
  [seg+pos+rms+psd seed=2] epoch 35/40 loss=6.0707 (105.7s)
  [seg+pos+rms+psd seed=2] epoch 36/40 loss=6.0728 (108.8s)
  [seg+pos+rms+psd seed=2] epoch 37/40 loss=6.0717 (111.8s)
  [seg+pos+rms+psd seed=2] epoch 38/40 loss=6.0744 (114.8s)
  [seg+pos+rms+psd seed=2] epoch 39/40 loss=6.0714 (117.3s)
  [seg+pos+rms+psd seed=2] epoch 40/40 loss=6.0674 (120.4s)
  trained in 120.4s; evaluating...

=== Training 'full' seed 0 ===
  [full seed=0] epoch 1/40 loss=17.2148 (3.2s)
  [full seed=0] epoch 2/40 loss=7.4150 (6.4s)
  [full seed=0] epoch 3/40 loss=6.8497 (9.6s)
  [full seed=0] epoch 4/40 loss=6.5430 (12.8s)
  [full seed=0] epoch 5/40 loss=6.4077 (16.1s)
  [full seed=0] epoch 6/40 loss=6.3259 (19.4s)
  [full seed=0] epoch 7/40 loss=6.2829 (22.4s)
  [full seed=0] epoch 8/40 loss=6.2526 (25.1s)
  [full seed=0] epoch 9/40 loss=6.2403 (27.8s)
  [full seed=0] epoch 10/40 loss=6.2227 (30.2s)
  [full seed=0] epoch 11/40 loss=6.2174 (33.1s)
  [full seed=0] epoch 12/40 loss=6.2069 (36.2s)
  [full seed=0] epoch 13/40 loss=6.1993 (39.4s)
  [full seed=0] epoch 14/40 loss=6.1939 (42.6s)
  [full seed=0] epoch 15/40 loss=6.1907 (45.8s)
  [full seed=0] epoch 16/40 loss=6.1898 (48.9s)
  [full seed=0] epoch 17/40 loss=6.1815 (52.1s)
  [full seed=0] epoch 18/40 loss=6.1761 (55.3s)
  [full seed=0] epoch 19/40 loss=6.1720 (58.5s)
  [full seed=0] epoch 20/40 loss=6.1713 (61.7s)
  [full seed=0] epoch 21/40 loss=6.1679 (64.7s)
  [full seed=0] epoch 22/40 loss=6.1672 (67.8s)
  [full seed=0] epoch 23/40 loss=6.1634 (71.0s)
  [full seed=0] epoch 24/40 loss=6.1615 (74.3s)
  [full seed=0] epoch 25/40 loss=6.1607 (77.4s)
  [full seed=0] epoch 26/40 loss=6.1598 (80.7s)
  [full seed=0] epoch 27/40 loss=6.1548 (83.9s)
  [full seed=0] epoch 28/40 loss=6.1532 (87.1s)
  [full seed=0] epoch 29/40 loss=6.1504 (90.3s)
  [full seed=0] epoch 30/40 loss=6.1478 (93.6s)
  [full seed=0] epoch 31/40 loss=6.1463 (96.8s)
  [full seed=0] epoch 32/40 loss=6.1458 (100.0s)
  [full seed=0] epoch 33/40 loss=6.1425 (103.3s)
  [full seed=0] epoch 34/40 loss=6.1401 (106.5s)
  [full seed=0] epoch 35/40 loss=6.1403 (109.7s)
  [full seed=0] epoch 36/40 loss=6.1419 (112.9s)
  [full seed=0] epoch 37/40 loss=6.1378 (116.1s)
  [full seed=0] epoch 38/40 loss=6.1367 (119.4s)
  [full seed=0] epoch 39/40 loss=6.1330 (122.6s)
  [full seed=0] epoch 40/40 loss=6.1315 (125.7s)
  trained in 125.7s; evaluating...

=== Training 'full' seed 1 ===
  [full seed=1] epoch 1/40 loss=14.1109 (3.2s)
  [full seed=1] epoch 2/40 loss=7.1510 (6.5s)
  [full seed=1] epoch 3/40 loss=6.6896 (9.7s)
  [full seed=1] epoch 4/40 loss=6.4601 (12.8s)
  [full seed=1] epoch 5/40 loss=6.3539 (15.9s)
  [full seed=1] epoch 6/40 loss=6.3087 (19.1s)
  [full seed=1] epoch 7/40 loss=6.2878 (22.3s)
  [full seed=1] epoch 8/40 loss=6.2658 (25.4s)
  [full seed=1] epoch 9/40 loss=6.2529 (28.6s)
  [full seed=1] epoch 10/40 loss=6.2388 (31.7s)
  [full seed=1] epoch 11/40 loss=6.2322 (35.0s)
  [full seed=1] epoch 12/40 loss=6.2267 (38.2s)
  [full seed=1] epoch 13/40 loss=6.2230 (41.4s)
  [full seed=1] epoch 14/40 loss=6.2208 (44.5s)
  [full seed=1] epoch 15/40 loss=6.2132 (47.7s)
  [full seed=1] epoch 16/40 loss=6.2073 (50.8s)
  [full seed=1] epoch 17/40 loss=6.2057 (54.0s)
  [full seed=1] epoch 18/40 loss=6.2008 (57.2s)
  [full seed=1] epoch 19/40 loss=6.1958 (60.4s)
  [full seed=1] epoch 20/40 loss=6.1981 (63.5s)
  [full seed=1] epoch 21/40 loss=6.1903 (66.5s)
  [full seed=1] epoch 22/40 loss=6.1893 (69.6s)
  [full seed=1] epoch 23/40 loss=6.1895 (72.8s)
  [full seed=1] epoch 24/40 loss=6.1864 (76.1s)
  [full seed=1] epoch 25/40 loss=6.1800 (79.2s)
  [full seed=1] epoch 26/40 loss=6.1805 (82.5s)
  [full seed=1] epoch 27/40 loss=6.1778 (85.6s)
  [full seed=1] epoch 28/40 loss=6.1744 (88.8s)
  [full seed=1] epoch 29/40 loss=6.1770 (92.0s)
  [full seed=1] epoch 30/40 loss=6.1690 (95.1s)
  [full seed=1] epoch 31/40 loss=6.1684 (98.3s)
  [full seed=1] epoch 32/40 loss=6.1689 (101.5s)
  [full seed=1] epoch 33/40 loss=6.1657 (104.6s)
  [full seed=1] epoch 34/40 loss=6.1642 (107.7s)
  [full seed=1] epoch 35/40 loss=6.1625 (110.8s)
  [full seed=1] epoch 36/40 loss=6.1577 (113.9s)
  [full seed=1] epoch 37/40 loss=6.1537 (117.2s)
  [full seed=1] epoch 38/40 loss=6.1530 (120.3s)
  [full seed=1] epoch 39/40 loss=6.1536 (123.5s)
  [full seed=1] epoch 40/40 loss=6.1514 (126.8s)
  trained in 126.8s; evaluating...

=== Training 'full' seed 2 ===
  [full seed=2] epoch 1/40 loss=17.6875 (3.2s)
  [full seed=2] epoch 2/40 loss=7.4393 (6.5s)
  [full seed=2] epoch 3/40 loss=6.7617 (9.7s)
  [full seed=2] epoch 4/40 loss=6.4673 (12.9s)
  [full seed=2] epoch 5/40 loss=6.3130 (16.1s)
  [full seed=2] epoch 6/40 loss=6.2716 (19.3s)
  [full seed=2] epoch 7/40 loss=6.2479 (22.4s)
  [full seed=2] epoch 8/40 loss=6.2423 (25.6s)
  [full seed=2] epoch 9/40 loss=6.2227 (28.8s)
  [full seed=2] epoch 10/40 loss=6.2113 (32.0s)
  [full seed=2] epoch 11/40 loss=6.2052 (35.3s)
  [full seed=2] epoch 12/40 loss=6.1943 (38.4s)
  [full seed=2] epoch 13/40 loss=6.1902 (41.4s)
  [full seed=2] epoch 14/40 loss=6.1890 (44.5s)
  [full seed=2] epoch 15/40 loss=6.1783 (47.7s)
  [full seed=2] epoch 16/40 loss=6.1740 (51.0s)
  [full seed=2] epoch 17/40 loss=6.1705 (54.2s)
  [full seed=2] epoch 18/40 loss=6.1673 (57.4s)
  [full seed=2] epoch 19/40 loss=6.1671 (60.6s)
  [full seed=2] epoch 20/40 loss=6.1625 (63.7s)
  [full seed=2] epoch 21/40 loss=6.1576 (67.0s)
  [full seed=2] epoch 22/40 loss=6.1541 (70.2s)
  [full seed=2] epoch 23/40 loss=6.1630 (73.3s)
  [full seed=2] epoch 24/40 loss=6.1519 (76.4s)
  [full seed=2] epoch 25/40 loss=6.1526 (79.6s)
  [full seed=2] epoch 26/40 loss=6.1524 (82.8s)
  [full seed=2] epoch 27/40 loss=6.1485 (86.0s)
  [full seed=2] epoch 28/40 loss=6.1456 (89.3s)
  [full seed=2] epoch 29/40 loss=6.1465 (92.5s)
  [full seed=2] epoch 30/40 loss=6.1448 (95.8s)
  [full seed=2] epoch 31/40 loss=6.1417 (99.0s)
  [full seed=2] epoch 32/40 loss=6.1421 (102.3s)
  [full seed=2] epoch 33/40 loss=6.1388 (105.5s)
  [full seed=2] epoch 34/40 loss=6.1345 (108.7s)
  [full seed=2] epoch 35/40 loss=6.1365 (111.9s)
  [full seed=2] epoch 36/40 loss=6.1335 (114.9s)
  [full seed=2] epoch 37/40 loss=6.1342 (118.1s)
  [full seed=2] epoch 38/40 loss=6.1335 (121.4s)
  [full seed=2] epoch 39/40 loss=6.1326 (124.6s)
  [full seed=2] epoch 40/40 loss=6.1277 (127.7s)
  trained in 127.7s; evaluating...

=== Part A: direct log-PSD error (lower is better) ===
Headline = mean over L,R,W in the training band 1/H <= |f| <= 0.25:
         method  logpsd_mean_all  logpsd_L_all  logpsd_R_all  logpsd_W_all
       seg-only           0.1668        0.1647        0.1587        0.1772
        seg+pos           0.1741        0.1717        0.1688        0.1820
    seg+pos+rms           0.1548        0.1466        0.1457        0.1722
seg+pos+rms+psd           0.1551        0.1489        0.1479        0.1685
           full           0.1548        0.1489        0.1471        0.1683

Band breakdown for the width (W) trace:
         method  logpsd_W_all  logpsd_W_low  logpsd_W_mid  logpsd_W_high
       seg-only        0.1772        0.0398        0.1382         0.2795
        seg+pos        0.1820        0.0401        0.1415         0.2879
    seg+pos+rms        0.1722        0.0422        0.1381         0.2662
seg+pos+rms+psd        0.1685        0.0436        0.1381         0.2566
           full        0.1683        0.0450        0.1363         0.2572

=== Part B1: repeatability across independent acquisitions of the SAME geometry ===
precision_* = std of the estimate across repeats (what L_cons targets);
bias_sigma_W = |repeat-averaged estimate - ground truth| (accuracy).
         method  precision_sigma_W  precision_sigma_L  precision_sigma_R  pos_jitter  bias_sigma_W  lwr_mae  ler_mae    n
       seg-only             0.0051             0.0037             0.0037      0.0948        0.0290   0.0293   0.0238 1536
        seg+pos             0.0053             0.0038             0.0037      0.0953        0.0301   0.0304   0.0248 1536
    seg+pos+rms             0.0057             0.0040             0.0040      0.1122        0.0198   0.0204   0.0139 1536
seg+pos+rms+psd             0.0058             0.0042             0.0042      0.1169        0.0206   0.0212   0.0139 1536
           full             0.0054             0.0038             0.0039      0.0954        0.0201   0.0207   0.0134 1536

=== Part B2: noise robustness (k_n sweep) ===

lwr_mae by k_n (higher k_n = noisier):
k_n                0.3    1.0    2.0    4.0
method                                     
seg-only        0.0295 0.0292 0.0298 0.0287
seg+pos         0.0305 0.0306 0.0307 0.0298
seg+pos+rms     0.0184 0.0200 0.0205 0.0228
seg+pos+rms+psd 0.0198 0.0207 0.0214 0.0230
full            0.0193 0.0203 0.0212 0.0220

precision_sigma_W by k_n (higher k_n = noisier):
k_n                0.3    1.0    2.0    4.0
method                                     
seg-only        0.0021 0.0040 0.0059 0.0086
seg+pos         0.0022 0.0041 0.0060 0.0088
seg+pos+rms     0.0024 0.0044 0.0065 0.0093
seg+pos+rms+psd 0.0025 0.0045 0.0067 0.0095
full            0.0023 0.0042 0.0062 0.0088

(scale: 3 seed(s), 40 epochs, 15 train realizations/config, 32 configs, 8 repeats x 4 geometries per cell)
