### EXP1 start 12:13:01
Configs: 32  (sigma x xi x alpha x rho grid)

=== Row 1/4: Classical: Threshold + sub-pixel ===

Training set: 480 paired items

=== Training 'seg-only' (seed 0) for Table 2 ===
  [seg-only seed=0] epoch 1/40 loss=9.3194 (2.3s)
  [seg-only seed=0] epoch 2/40 loss=6.1876 (4.1s)
  [seg-only seed=0] epoch 3/40 loss=5.9783 (5.9s)
  [seg-only seed=0] epoch 4/40 loss=5.9383 (7.7s)
  [seg-only seed=0] epoch 5/40 loss=5.9202 (9.5s)
  [seg-only seed=0] epoch 6/40 loss=5.9098 (11.3s)
  [seg-only seed=0] epoch 7/40 loss=5.9014 (13.2s)
  [seg-only seed=0] epoch 8/40 loss=5.8956 (15.0s)
  [seg-only seed=0] epoch 9/40 loss=5.8917 (16.8s)
  [seg-only seed=0] epoch 10/40 loss=5.8866 (18.6s)
  [seg-only seed=0] epoch 11/40 loss=5.8834 (20.4s)
  [seg-only seed=0] epoch 12/40 loss=5.8804 (22.2s)
  [seg-only seed=0] epoch 13/40 loss=5.8779 (24.0s)
  [seg-only seed=0] epoch 14/40 loss=5.8764 (25.9s)
  [seg-only seed=0] epoch 15/40 loss=5.8742 (27.7s)
  [seg-only seed=0] epoch 16/40 loss=5.8725 (29.5s)
  [seg-only seed=0] epoch 17/40 loss=5.8704 (31.3s)
  [seg-only seed=0] epoch 18/40 loss=5.8688 (33.1s)
  [seg-only seed=0] epoch 19/40 loss=5.8675 (34.9s)
  [seg-only seed=0] epoch 20/40 loss=5.8669 (36.7s)
  [seg-only seed=0] epoch 21/40 loss=5.8649 (38.5s)
  [seg-only seed=0] epoch 22/40 loss=5.8643 (40.4s)
  [seg-only seed=0] epoch 23/40 loss=5.8624 (42.2s)
  [seg-only seed=0] epoch 24/40 loss=5.8611 (44.0s)
  [seg-only seed=0] epoch 25/40 loss=5.8605 (45.8s)
  [seg-only seed=0] epoch 26/40 loss=5.8589 (47.5s)
  [seg-only seed=0] epoch 27/40 loss=5.8581 (49.3s)
  [seg-only seed=0] epoch 28/40 loss=5.8577 (51.2s)
  [seg-only seed=0] epoch 29/40 loss=5.8566 (53.0s)
  [seg-only seed=0] epoch 30/40 loss=5.8553 (54.9s)
  [seg-only seed=0] epoch 31/40 loss=5.8546 (56.7s)
  [seg-only seed=0] epoch 32/40 loss=5.8539 (58.6s)
  [seg-only seed=0] epoch 33/40 loss=5.8532 (60.4s)
  [seg-only seed=0] epoch 34/40 loss=5.8519 (62.3s)
  [seg-only seed=0] epoch 35/40 loss=5.8521 (64.1s)
  [seg-only seed=0] epoch 36/40 loss=5.8503 (65.9s)
  [seg-only seed=0] epoch 37/40 loss=5.8491 (67.8s)
  [seg-only seed=0] epoch 38/40 loss=5.8487 (69.6s)
  [seg-only seed=0] epoch 39/40 loss=5.8480 (71.5s)
  [seg-only seed=0] epoch 40/40 loss=5.8474 (73.5s)

=== Training 'seg-only' (seed 1) for Table 2 ===
  [seg-only seed=1] epoch 1/40 loss=8.3394 (1.9s)
  [seg-only seed=1] epoch 2/40 loss=6.1999 (3.8s)
  [seg-only seed=1] epoch 3/40 loss=6.0248 (5.7s)
  [seg-only seed=1] epoch 4/40 loss=5.9684 (7.6s)
  [seg-only seed=1] epoch 5/40 loss=5.9415 (9.5s)
  [seg-only seed=1] epoch 6/40 loss=5.9259 (11.3s)
  [seg-only seed=1] epoch 7/40 loss=5.9179 (13.2s)
  [seg-only seed=1] epoch 8/40 loss=5.9113 (15.1s)
  [seg-only seed=1] epoch 9/40 loss=5.9060 (17.0s)
  [seg-only seed=1] epoch 10/40 loss=5.9015 (18.9s)
  [seg-only seed=1] epoch 11/40 loss=5.8982 (20.8s)
  [seg-only seed=1] epoch 12/40 loss=5.8962 (22.7s)
  [seg-only seed=1] epoch 13/40 loss=5.8930 (24.6s)
  [seg-only seed=1] epoch 14/40 loss=5.8913 (26.5s)
  [seg-only seed=1] epoch 15/40 loss=5.8887 (28.4s)
  [seg-only seed=1] epoch 16/40 loss=5.8877 (30.3s)
  [seg-only seed=1] epoch 17/40 loss=5.8852 (32.2s)
  [seg-only seed=1] epoch 18/40 loss=5.8833 (34.0s)
  [seg-only seed=1] epoch 19/40 loss=5.8817 (36.0s)
  [seg-only seed=1] epoch 20/40 loss=5.8799 (37.9s)
  [seg-only seed=1] epoch 21/40 loss=5.8788 (39.8s)
  [seg-only seed=1] epoch 22/40 loss=5.8769 (41.7s)
  [seg-only seed=1] epoch 23/40 loss=5.8757 (43.6s)
  [seg-only seed=1] epoch 24/40 loss=5.8755 (45.5s)
  [seg-only seed=1] epoch 25/40 loss=5.8742 (47.4s)
  [seg-only seed=1] epoch 26/40 loss=5.8728 (49.3s)
  [seg-only seed=1] epoch 27/40 loss=5.8706 (51.2s)
  [seg-only seed=1] epoch 28/40 loss=5.8703 (53.1s)
  [seg-only seed=1] epoch 29/40 loss=5.8691 (55.0s)
  [seg-only seed=1] epoch 30/40 loss=5.8678 (56.9s)
  [seg-only seed=1] epoch 31/40 loss=5.8685 (58.8s)
  [seg-only seed=1] epoch 32/40 loss=5.8664 (60.7s)
  [seg-only seed=1] epoch 33/40 loss=5.8659 (62.6s)
  [seg-only seed=1] epoch 34/40 loss=5.8652 (64.5s)
  [seg-only seed=1] epoch 35/40 loss=5.8639 (66.4s)
  [seg-only seed=1] epoch 36/40 loss=5.8629 (68.3s)
  [seg-only seed=1] epoch 37/40 loss=5.8618 (70.2s)
  [seg-only seed=1] epoch 38/40 loss=5.8620 (72.1s)
  [seg-only seed=1] epoch 39/40 loss=5.8614 (74.0s)
  [seg-only seed=1] epoch 40/40 loss=5.8608 (75.9s)

=== Training 'seg-only' (seed 2) for Table 2 ===
  [seg-only seed=2] epoch 1/40 loss=9.0534 (1.9s)
  [seg-only seed=2] epoch 2/40 loss=6.2720 (3.7s)
  [seg-only seed=2] epoch 3/40 loss=6.0641 (5.5s)
  [seg-only seed=2] epoch 4/40 loss=5.9847 (7.3s)
  [seg-only seed=2] epoch 5/40 loss=5.9499 (9.1s)
  [seg-only seed=2] epoch 6/40 loss=5.9292 (10.9s)
  [seg-only seed=2] epoch 7/40 loss=5.9146 (12.7s)
  [seg-only seed=2] epoch 8/40 loss=5.9049 (14.4s)
  [seg-only seed=2] epoch 9/40 loss=5.8969 (16.2s)
  [seg-only seed=2] epoch 10/40 loss=5.8916 (17.9s)
  [seg-only seed=2] epoch 11/40 loss=5.8878 (19.7s)
  [seg-only seed=2] epoch 12/40 loss=5.8837 (21.6s)
  [seg-only seed=2] epoch 13/40 loss=5.8811 (23.5s)
  [seg-only seed=2] epoch 14/40 loss=5.8801 (25.4s)
  [seg-only seed=2] epoch 15/40 loss=5.8770 (27.3s)
  [seg-only seed=2] epoch 16/40 loss=5.8751 (29.2s)
  [seg-only seed=2] epoch 17/40 loss=5.8738 (31.1s)
  [seg-only seed=2] epoch 18/40 loss=5.8729 (33.0s)
  [seg-only seed=2] epoch 19/40 loss=5.8709 (34.9s)
  [seg-only seed=2] epoch 20/40 loss=5.8702 (36.8s)
  [seg-only seed=2] epoch 21/40 loss=5.8692 (38.7s)
  [seg-only seed=2] epoch 22/40 loss=5.8686 (40.6s)
  [seg-only seed=2] epoch 23/40 loss=5.8669 (42.5s)
  [seg-only seed=2] epoch 24/40 loss=5.8662 (44.4s)
  [seg-only seed=2] epoch 25/40 loss=5.8663 (46.3s)
  [seg-only seed=2] epoch 26/40 loss=5.8650 (48.2s)
  [seg-only seed=2] epoch 27/40 loss=5.8642 (50.1s)
  [seg-only seed=2] epoch 28/40 loss=5.8633 (52.0s)
  [seg-only seed=2] epoch 29/40 loss=5.8622 (53.9s)
  [seg-only seed=2] epoch 30/40 loss=5.8621 (55.8s)
  [seg-only seed=2] epoch 31/40 loss=5.8616 (57.7s)
  [seg-only seed=2] epoch 32/40 loss=5.8612 (59.6s)
  [seg-only seed=2] epoch 33/40 loss=5.8597 (61.5s)
  [seg-only seed=2] epoch 34/40 loss=5.8598 (63.3s)
  [seg-only seed=2] epoch 35/40 loss=5.8586 (65.2s)
  [seg-only seed=2] epoch 36/40 loss=5.8578 (67.1s)
  [seg-only seed=2] epoch 37/40 loss=5.8576 (69.0s)
  [seg-only seed=2] epoch 38/40 loss=5.8572 (70.9s)
  [seg-only seed=2] epoch 39/40 loss=5.8567 (72.7s)
  [seg-only seed=2] epoch 40/40 loss=5.8555 (74.4s)

=== Training 'full' (seed 0) for Table 2 ===
  [full seed=0] epoch 1/40 loss=16.7286 (3.3s)
  [full seed=0] epoch 2/40 loss=7.1336 (6.2s)
  [full seed=0] epoch 3/40 loss=6.5748 (9.4s)
  [full seed=0] epoch 4/40 loss=6.3550 (12.5s)
  [full seed=0] epoch 5/40 loss=6.2847 (15.6s)
  [full seed=0] epoch 6/40 loss=6.2544 (18.7s)
  [full seed=0] epoch 7/40 loss=6.2402 (21.7s)
  [full seed=0] epoch 8/40 loss=6.2275 (24.8s)
  [full seed=0] epoch 9/40 loss=6.2248 (27.9s)
  [full seed=0] epoch 10/40 loss=6.2118 (31.1s)
  [full seed=0] epoch 11/40 loss=6.2135 (34.2s)
  [full seed=0] epoch 12/40 loss=6.2027 (37.4s)
  [full seed=0] epoch 13/40 loss=6.1960 (40.5s)
  [full seed=0] epoch 14/40 loss=6.1919 (43.7s)
  [full seed=0] epoch 15/40 loss=6.1891 (46.8s)
  [full seed=0] epoch 16/40 loss=6.1916 (50.0s)
  [full seed=0] epoch 17/40 loss=6.1861 (53.1s)
  [full seed=0] epoch 18/40 loss=6.1791 (56.3s)
  [full seed=0] epoch 19/40 loss=6.1785 (59.5s)
  [full seed=0] epoch 20/40 loss=6.1802 (62.7s)
  [full seed=0] epoch 21/40 loss=6.1745 (65.9s)
  [full seed=0] epoch 22/40 loss=6.1722 (69.1s)
  [full seed=0] epoch 23/40 loss=6.1708 (72.2s)
  [full seed=0] epoch 24/40 loss=6.1668 (75.3s)
  [full seed=0] epoch 25/40 loss=6.1671 (78.5s)
  [full seed=0] epoch 26/40 loss=6.1629 (81.7s)
  [full seed=0] epoch 27/40 loss=6.1611 (84.9s)
  [full seed=0] epoch 28/40 loss=6.1625 (88.0s)
  [full seed=0] epoch 29/40 loss=6.1607 (91.1s)
  [full seed=0] epoch 30/40 loss=6.1608 (94.2s)
  [full seed=0] epoch 31/40 loss=6.1543 (97.3s)
  [full seed=0] epoch 32/40 loss=6.1547 (100.5s)
  [full seed=0] epoch 33/40 loss=6.1544 (103.7s)
  [full seed=0] epoch 34/40 loss=6.1505 (106.8s)
  [full seed=0] epoch 35/40 loss=6.1493 (110.0s)
  [full seed=0] epoch 36/40 loss=6.1460 (113.1s)
  [full seed=0] epoch 37/40 loss=6.1491 (116.2s)
  [full seed=0] epoch 38/40 loss=6.1442 (119.3s)
  [full seed=0] epoch 39/40 loss=6.1444 (122.4s)
  [full seed=0] epoch 40/40 loss=6.1399 (125.5s)

=== Training 'full' (seed 1) for Table 2 ===
  [full seed=1] epoch 1/40 loss=14.1981 (3.2s)
  [full seed=1] epoch 2/40 loss=7.0601 (6.2s)
  [full seed=1] epoch 3/40 loss=6.6015 (9.3s)
  [full seed=1] epoch 4/40 loss=6.4233 (12.4s)
  [full seed=1] epoch 5/40 loss=6.3618 (15.6s)
  [full seed=1] epoch 6/40 loss=6.3288 (18.6s)
  [full seed=1] epoch 7/40 loss=6.3136 (21.6s)
  [full seed=1] epoch 8/40 loss=6.2928 (24.7s)
  [full seed=1] epoch 9/40 loss=6.2784 (27.8s)
  [full seed=1] epoch 10/40 loss=6.2726 (30.9s)
  [full seed=1] epoch 11/40 loss=6.2582 (34.0s)
  [full seed=1] epoch 12/40 loss=6.2511 (37.1s)
  [full seed=1] epoch 13/40 loss=6.2403 (40.2s)
  [full seed=1] epoch 14/40 loss=6.2336 (43.2s)
  [full seed=1] epoch 15/40 loss=6.2283 (46.3s)
  [full seed=1] epoch 16/40 loss=6.2256 (49.4s)
  [full seed=1] epoch 17/40 loss=6.2181 (52.4s)
  [full seed=1] epoch 18/40 loss=6.2136 (55.4s)
  [full seed=1] epoch 19/40 loss=6.2118 (58.5s)
  [full seed=1] epoch 20/40 loss=6.2050 (61.6s)
  [full seed=1] epoch 21/40 loss=6.2091 (64.8s)
  [full seed=1] epoch 22/40 loss=6.2013 (67.9s)
  [full seed=1] epoch 23/40 loss=6.1975 (71.1s)
  [full seed=1] epoch 24/40 loss=6.1925 (74.2s)
  [full seed=1] epoch 25/40 loss=6.1882 (77.4s)
  [full seed=1] epoch 26/40 loss=6.1926 (80.4s)
  [full seed=1] epoch 27/40 loss=6.1896 (83.5s)
  [full seed=1] epoch 28/40 loss=6.1843 (86.6s)
  [full seed=1] epoch 29/40 loss=6.1811 (89.6s)
  [full seed=1] epoch 30/40 loss=6.1814 (92.8s)
  [full seed=1] epoch 31/40 loss=6.1799 (95.9s)
  [full seed=1] epoch 32/40 loss=6.1776 (99.1s)
  [full seed=1] epoch 33/40 loss=6.1741 (102.2s)
  [full seed=1] epoch 34/40 loss=6.1742 (105.2s)
  [full seed=1] epoch 35/40 loss=6.1725 (108.3s)
  [full seed=1] epoch 36/40 loss=6.1691 (111.4s)
  [full seed=1] epoch 37/40 loss=6.1671 (114.6s)
  [full seed=1] epoch 38/40 loss=6.1674 (117.7s)
  [full seed=1] epoch 39/40 loss=6.1671 (120.8s)
  [full seed=1] epoch 40/40 loss=6.1675 (123.9s)

=== Training 'full' (seed 2) for Table 2 ===
  [full seed=2] epoch 1/40 loss=17.8870 (3.1s)
  [full seed=2] epoch 2/40 loss=7.4845 (6.2s)
  [full seed=2] epoch 3/40 loss=6.6858 (9.3s)
  [full seed=2] epoch 4/40 loss=6.4245 (12.4s)
  [full seed=2] epoch 5/40 loss=6.3218 (15.5s)
  [full seed=2] epoch 6/40 loss=6.2875 (18.5s)
  [full seed=2] epoch 7/40 loss=6.2609 (21.7s)
  [full seed=2] epoch 8/40 loss=6.2447 (24.8s)
  [full seed=2] epoch 9/40 loss=6.2279 (27.9s)
  [full seed=2] epoch 10/40 loss=6.2233 (31.0s)
  [full seed=2] epoch 11/40 loss=6.2152 (34.1s)
  [full seed=2] epoch 12/40 loss=6.2070 (37.3s)
  [full seed=2] epoch 13/40 loss=6.1995 (40.4s)
  [full seed=2] epoch 14/40 loss=6.1944 (43.5s)
  [full seed=2] epoch 15/40 loss=6.1885 (46.6s)
  [full seed=2] epoch 16/40 loss=6.1849 (49.7s)
  [full seed=2] epoch 17/40 loss=6.1792 (52.8s)
  [full seed=2] epoch 18/40 loss=6.1805 (56.0s)
  [full seed=2] epoch 19/40 loss=6.1708 (59.0s)
  [full seed=2] epoch 20/40 loss=6.1659 (62.0s)
  [full seed=2] epoch 21/40 loss=6.1636 (65.1s)
  [full seed=2] epoch 22/40 loss=6.1600 (68.2s)
  [full seed=2] epoch 23/40 loss=6.1565 (71.2s)
  [full seed=2] epoch 24/40 loss=6.1565 (73.5s)
  [full seed=2] epoch 25/40 loss=6.1518 (76.7s)
  [full seed=2] epoch 26/40 loss=6.1530 (79.9s)
  [full seed=2] epoch 27/40 loss=6.1461 (83.0s)
  [full seed=2] epoch 28/40 loss=6.1442 (86.2s)
  [full seed=2] epoch 29/40 loss=6.1428 (89.3s)
  [full seed=2] epoch 30/40 loss=6.1412 (92.4s)
  [full seed=2] epoch 31/40 loss=6.1424 (95.5s)
  [full seed=2] epoch 32/40 loss=6.1401 (98.6s)
  [full seed=2] epoch 33/40 loss=6.1355 (101.7s)
  [full seed=2] epoch 34/40 loss=6.1315 (104.8s)
  [full seed=2] epoch 35/40 loss=6.1335 (107.9s)
  [full seed=2] epoch 36/40 loss=6.1295 (111.0s)
  [full seed=2] epoch 37/40 loss=6.1299 (113.5s)
  [full seed=2] epoch 38/40 loss=6.1293 (116.5s)
  [full seed=2] epoch 39/40 loss=6.1268 (119.4s)
  [full seed=2] epoch 40/40 loss=6.1258 (122.5s)

=== Table 2 (fidelity / baseline comparison, two-edge) -- this run ===
                                               method  edge_mae  ler_mae  lwr_mae    n
                     Classical: Threshold + sub-pixel    0.2741   0.0637   0.0797 1920
Learned denoiser + threshold [TBD -- not implemented]       NaN      NaN      NaN    0
                            Learned (U-Net), Seg-only    0.2399   0.0223   0.0283 1440
                                Learned (U-Net), Full    0.2506   0.0144   0.0207 1440

(scale: 3 seed(s), 40 epochs, 15 train realizations/config, 15 classical realizations/config, 32 configs -- see README.md to scale up)

NOTE: row 2 ('Learned denoiser + threshold') is intentionally left blank -- see module docstring. Do not fill it with a guessed number; either train that model and report the real result, or state in the manuscript that this comparison was left for future work.
### EXP1 exit=0 12:24:15
### EXP2 start 12:24:15
Training configs: 32  (sigma x xi x alpha x rho grid)
Training set: 480 paired items

=== Training variant 'seg-only' seed 0 ===
  [seg-only seed=0] epoch 1/40 loss=9.3504 (2.4s)
  [seg-only seed=0] epoch 2/40 loss=6.1624 (4.3s)
  [seg-only seed=0] epoch 3/40 loss=5.9939 (6.2s)
  [seg-only seed=0] epoch 4/40 loss=5.9354 (8.1s)
  [seg-only seed=0] epoch 5/40 loss=5.9158 (10.0s)
  [seg-only seed=0] epoch 6/40 loss=5.9059 (11.9s)
  [seg-only seed=0] epoch 7/40 loss=5.9003 (13.8s)
  [seg-only seed=0] epoch 8/40 loss=5.8950 (15.8s)
  [seg-only seed=0] epoch 9/40 loss=5.8913 (17.7s)
  [seg-only seed=0] epoch 10/40 loss=5.8875 (19.6s)
  [seg-only seed=0] epoch 11/40 loss=5.8848 (21.6s)
  [seg-only seed=0] epoch 12/40 loss=5.8808 (23.5s)
  [seg-only seed=0] epoch 13/40 loss=5.8778 (25.3s)
  [seg-only seed=0] epoch 14/40 loss=5.8745 (27.0s)
  [seg-only seed=0] epoch 15/40 loss=5.8724 (29.0s)
  [seg-only seed=0] epoch 16/40 loss=5.8696 (30.8s)
  [seg-only seed=0] epoch 17/40 loss=5.8677 (32.5s)
  [seg-only seed=0] epoch 18/40 loss=5.8660 (34.3s)
  [seg-only seed=0] epoch 19/40 loss=5.8648 (36.2s)
  [seg-only seed=0] epoch 20/40 loss=5.8638 (38.2s)
  [seg-only seed=0] epoch 21/40 loss=5.8621 (40.1s)
  [seg-only seed=0] epoch 22/40 loss=5.8616 (42.0s)
  [seg-only seed=0] epoch 23/40 loss=5.8601 (43.9s)
  [seg-only seed=0] epoch 24/40 loss=5.8591 (45.8s)
  [seg-only seed=0] epoch 25/40 loss=5.8581 (47.8s)
  [seg-only seed=0] epoch 26/40 loss=5.8575 (49.7s)
  [seg-only seed=0] epoch 27/40 loss=5.8559 (51.6s)
  [seg-only seed=0] epoch 28/40 loss=5.8555 (53.5s)
  [seg-only seed=0] epoch 29/40 loss=5.8548 (55.5s)
  [seg-only seed=0] epoch 30/40 loss=5.8541 (57.4s)
  [seg-only seed=0] epoch 31/40 loss=5.8536 (59.3s)
  [seg-only seed=0] epoch 32/40 loss=5.8522 (61.2s)
  [seg-only seed=0] epoch 33/40 loss=5.8522 (63.1s)
  [seg-only seed=0] epoch 34/40 loss=5.8511 (65.1s)
  [seg-only seed=0] epoch 35/40 loss=5.8509 (67.0s)
  [seg-only seed=0] epoch 36/40 loss=5.8496 (68.9s)
  [seg-only seed=0] epoch 37/40 loss=5.8487 (70.8s)
  [seg-only seed=0] epoch 38/40 loss=5.8481 (72.7s)
  [seg-only seed=0] epoch 39/40 loss=5.8479 (74.6s)
  [seg-only seed=0] epoch 40/40 loss=5.8475 (76.5s)

=== Training variant 'seg-only' seed 1 ===
  [seg-only seed=1] epoch 1/40 loss=8.3170 (1.9s)
  [seg-only seed=1] epoch 2/40 loss=6.1655 (3.8s)
  [seg-only seed=1] epoch 3/40 loss=6.0255 (5.7s)
  [seg-only seed=1] epoch 4/40 loss=5.9723 (7.6s)
  [seg-only seed=1] epoch 5/40 loss=5.9450 (9.5s)
  [seg-only seed=1] epoch 6/40 loss=5.9297 (11.4s)
  [seg-only seed=1] epoch 7/40 loss=5.9214 (13.3s)
  [seg-only seed=1] epoch 8/40 loss=5.9142 (15.2s)
  [seg-only seed=1] epoch 9/40 loss=5.9090 (17.1s)
  [seg-only seed=1] epoch 10/40 loss=5.9057 (19.0s)
  [seg-only seed=1] epoch 11/40 loss=5.9015 (21.0s)
  [seg-only seed=1] epoch 12/40 loss=5.8985 (22.9s)
  [seg-only seed=1] epoch 13/40 loss=5.8962 (24.8s)
  [seg-only seed=1] epoch 14/40 loss=5.8940 (26.7s)
  [seg-only seed=1] epoch 15/40 loss=5.8918 (28.6s)
  [seg-only seed=1] epoch 16/40 loss=5.8904 (30.6s)
  [seg-only seed=1] epoch 17/40 loss=5.8880 (32.5s)
  [seg-only seed=1] epoch 18/40 loss=5.8858 (34.4s)
  [seg-only seed=1] epoch 19/40 loss=5.8836 (36.3s)
  [seg-only seed=1] epoch 20/40 loss=5.8827 (38.3s)
  [seg-only seed=1] epoch 21/40 loss=5.8817 (40.2s)
  [seg-only seed=1] epoch 22/40 loss=5.8797 (42.2s)
  [seg-only seed=1] epoch 23/40 loss=5.8778 (44.1s)
  [seg-only seed=1] epoch 24/40 loss=5.8760 (46.0s)
  [seg-only seed=1] epoch 25/40 loss=5.8746 (48.0s)
  [seg-only seed=1] epoch 26/40 loss=5.8740 (49.9s)
  [seg-only seed=1] epoch 27/40 loss=5.8725 (51.8s)
  [seg-only seed=1] epoch 28/40 loss=5.8715 (53.7s)
  [seg-only seed=1] epoch 29/40 loss=5.8705 (55.6s)
  [seg-only seed=1] epoch 30/40 loss=5.8688 (57.5s)
  [seg-only seed=1] epoch 31/40 loss=5.8684 (59.5s)
  [seg-only seed=1] epoch 32/40 loss=5.8684 (61.4s)
  [seg-only seed=1] epoch 33/40 loss=5.8672 (63.3s)
  [seg-only seed=1] epoch 34/40 loss=5.8668 (65.2s)
  [seg-only seed=1] epoch 35/40 loss=5.8654 (67.2s)
  [seg-only seed=1] epoch 36/40 loss=5.8650 (69.1s)
  [seg-only seed=1] epoch 37/40 loss=5.8635 (71.0s)
  [seg-only seed=1] epoch 38/40 loss=5.8629 (72.9s)
  [seg-only seed=1] epoch 39/40 loss=5.8630 (74.8s)
  [seg-only seed=1] epoch 40/40 loss=5.8629 (76.7s)

=== Training variant 'seg-only' seed 2 ===
  [seg-only seed=2] epoch 1/40 loss=9.0384 (1.9s)
  [seg-only seed=2] epoch 2/40 loss=6.2024 (3.8s)
  [seg-only seed=2] epoch 3/40 loss=6.0301 (5.7s)
  [seg-only seed=2] epoch 4/40 loss=5.9684 (7.6s)
  [seg-only seed=2] epoch 5/40 loss=5.9330 (9.5s)
  [seg-only seed=2] epoch 6/40 loss=5.9153 (11.4s)
  [seg-only seed=2] epoch 7/40 loss=5.9020 (13.3s)
  [seg-only seed=2] epoch 8/40 loss=5.8936 (15.2s)
  [seg-only seed=2] epoch 9/40 loss=5.8876 (17.1s)
  [seg-only seed=2] epoch 10/40 loss=5.8839 (19.0s)
  [seg-only seed=2] epoch 11/40 loss=5.8806 (21.0s)
  [seg-only seed=2] epoch 12/40 loss=5.8774 (22.9s)
  [seg-only seed=2] epoch 13/40 loss=5.8751 (24.8s)
  [seg-only seed=2] epoch 14/40 loss=5.8737 (26.8s)
  [seg-only seed=2] epoch 15/40 loss=5.8717 (28.7s)
  [seg-only seed=2] epoch 16/40 loss=5.8705 (30.7s)
  [seg-only seed=2] epoch 17/40 loss=5.8687 (32.6s)
  [seg-only seed=2] epoch 18/40 loss=5.8675 (34.6s)
  [seg-only seed=2] epoch 19/40 loss=5.8671 (36.6s)
  [seg-only seed=2] epoch 20/40 loss=5.8650 (38.5s)
  [seg-only seed=2] epoch 21/40 loss=5.8631 (40.5s)
  [seg-only seed=2] epoch 22/40 loss=5.8627 (42.4s)
  [seg-only seed=2] epoch 23/40 loss=5.8610 (44.4s)
  [seg-only seed=2] epoch 24/40 loss=5.8604 (46.4s)
  [seg-only seed=2] epoch 25/40 loss=5.8589 (48.4s)
  [seg-only seed=2] epoch 26/40 loss=5.8579 (50.3s)
  [seg-only seed=2] epoch 27/40 loss=5.8557 (52.2s)
  [seg-only seed=2] epoch 28/40 loss=5.8559 (54.2s)
  [seg-only seed=2] epoch 29/40 loss=5.8547 (56.2s)
  [seg-only seed=2] epoch 30/40 loss=5.8527 (58.1s)
  [seg-only seed=2] epoch 31/40 loss=5.8520 (60.1s)
  [seg-only seed=2] epoch 32/40 loss=5.8508 (62.1s)
  [seg-only seed=2] epoch 33/40 loss=5.8508 (64.2s)
  [seg-only seed=2] epoch 34/40 loss=5.8502 (66.0s)
  [seg-only seed=2] epoch 35/40 loss=5.8489 (67.8s)
  [seg-only seed=2] epoch 36/40 loss=5.8477 (69.6s)
  [seg-only seed=2] epoch 37/40 loss=5.8470 (71.5s)
  [seg-only seed=2] epoch 38/40 loss=5.8468 (73.4s)
  [seg-only seed=2] epoch 39/40 loss=5.8469 (75.5s)
  [seg-only seed=2] epoch 40/40 loss=5.8451 (77.4s)

=== Training variant 'seg+pos' seed 0 ===
  [seg+pos seed=0] epoch 1/40 loss=9.5266 (2.0s)
  [seg+pos seed=0] epoch 2/40 loss=6.1700 (4.0s)
  [seg+pos seed=0] epoch 3/40 loss=5.9830 (6.0s)
  [seg+pos seed=0] epoch 4/40 loss=5.9354 (7.9s)
  [seg+pos seed=0] epoch 5/40 loss=5.9197 (9.9s)
  [seg+pos seed=0] epoch 6/40 loss=5.9113 (11.9s)
  [seg+pos seed=0] epoch 7/40 loss=5.9058 (13.8s)
  [seg+pos seed=0] epoch 8/40 loss=5.9006 (15.9s)
  [seg+pos seed=0] epoch 9/40 loss=5.8968 (17.9s)
  [seg+pos seed=0] epoch 10/40 loss=5.8929 (19.9s)
  [seg+pos seed=0] epoch 11/40 loss=5.8908 (21.9s)
  [seg+pos seed=0] epoch 12/40 loss=5.8872 (24.0s)
  [seg+pos seed=0] epoch 13/40 loss=5.8850 (25.9s)
  [seg+pos seed=0] epoch 14/40 loss=5.8825 (28.0s)
  [seg+pos seed=0] epoch 15/40 loss=5.8798 (30.0s)
  [seg+pos seed=0] epoch 16/40 loss=5.8774 (32.1s)
  [seg+pos seed=0] epoch 17/40 loss=5.8750 (34.1s)
  [seg+pos seed=0] epoch 18/40 loss=5.8734 (36.1s)
  [seg+pos seed=0] epoch 19/40 loss=5.8719 (38.1s)
  [seg+pos seed=0] epoch 20/40 loss=5.8710 (40.0s)
  [seg+pos seed=0] epoch 21/40 loss=5.8688 (42.0s)
  [seg+pos seed=0] epoch 22/40 loss=5.8684 (43.8s)
  [seg+pos seed=0] epoch 23/40 loss=5.8664 (45.6s)
  [seg+pos seed=0] epoch 24/40 loss=5.8658 (47.6s)
  [seg+pos seed=0] epoch 25/40 loss=5.8648 (49.7s)
  [seg+pos seed=0] epoch 26/40 loss=5.8637 (51.7s)
  [seg+pos seed=0] epoch 27/40 loss=5.8624 (53.8s)
  [seg+pos seed=0] epoch 28/40 loss=5.8620 (55.9s)
  [seg+pos seed=0] epoch 29/40 loss=5.8616 (57.9s)
  [seg+pos seed=0] epoch 30/40 loss=5.8608 (60.0s)
  [seg+pos seed=0] epoch 31/40 loss=5.8605 (62.0s)
  [seg+pos seed=0] epoch 32/40 loss=5.8582 (64.0s)
  [seg+pos seed=0] epoch 33/40 loss=5.8579 (66.0s)
  [seg+pos seed=0] epoch 34/40 loss=5.8569 (68.0s)
  [seg+pos seed=0] epoch 35/40 loss=5.8572 (70.0s)
  [seg+pos seed=0] epoch 36/40 loss=5.8557 (72.0s)
  [seg+pos seed=0] epoch 37/40 loss=5.8549 (74.1s)
  [seg+pos seed=0] epoch 38/40 loss=5.8541 (76.2s)
  [seg+pos seed=0] epoch 39/40 loss=5.8543 (78.3s)
  [seg+pos seed=0] epoch 40/40 loss=5.8530 (80.3s)

=== Training variant 'seg+pos' seed 1 ===
  [seg+pos seed=1] epoch 1/40 loss=8.4125 (2.0s)
  [seg+pos seed=1] epoch 2/40 loss=6.1830 (3.9s)
  [seg+pos seed=1] epoch 3/40 loss=6.0374 (5.9s)
  [seg+pos seed=1] epoch 4/40 loss=5.9612 (7.9s)
  [seg+pos seed=1] epoch 5/40 loss=5.9339 (9.8s)
  [seg+pos seed=1] epoch 6/40 loss=5.9208 (11.8s)
  [seg+pos seed=1] epoch 7/40 loss=5.9134 (13.7s)
  [seg+pos seed=1] epoch 8/40 loss=5.9083 (15.7s)
  [seg+pos seed=1] epoch 9/40 loss=5.9042 (17.7s)
  [seg+pos seed=1] epoch 10/40 loss=5.9009 (19.7s)
  [seg+pos seed=1] epoch 11/40 loss=5.8971 (21.7s)
  [seg+pos seed=1] epoch 12/40 loss=5.8941 (23.6s)
  [seg+pos seed=1] epoch 13/40 loss=5.8918 (25.6s)
  [seg+pos seed=1] epoch 14/40 loss=5.8892 (27.6s)
  [seg+pos seed=1] epoch 15/40 loss=5.8873 (29.6s)
  [seg+pos seed=1] epoch 16/40 loss=5.8857 (31.5s)
  [seg+pos seed=1] epoch 17/40 loss=5.8843 (33.5s)
  [seg+pos seed=1] epoch 18/40 loss=5.8822 (35.4s)
  [seg+pos seed=1] epoch 19/40 loss=5.8806 (37.4s)
  [seg+pos seed=1] epoch 20/40 loss=5.8791 (39.3s)
  [seg+pos seed=1] epoch 21/40 loss=5.8788 (41.3s)
  [seg+pos seed=1] epoch 22/40 loss=5.8772 (43.3s)
  [seg+pos seed=1] epoch 23/40 loss=5.8750 (45.2s)
  [seg+pos seed=1] epoch 24/40 loss=5.8739 (47.2s)
  [seg+pos seed=1] epoch 25/40 loss=5.8727 (49.2s)
  [seg+pos seed=1] epoch 26/40 loss=5.8715 (51.1s)
  [seg+pos seed=1] epoch 27/40 loss=5.8704 (53.1s)
  [seg+pos seed=1] epoch 28/40 loss=5.8691 (55.1s)
  [seg+pos seed=1] epoch 29/40 loss=5.8688 (57.0s)
  [seg+pos seed=1] epoch 30/40 loss=5.8672 (59.0s)
  [seg+pos seed=1] epoch 31/40 loss=5.8668 (60.9s)
  [seg+pos seed=1] epoch 32/40 loss=5.8664 (62.9s)
  [seg+pos seed=1] epoch 33/40 loss=5.8648 (64.7s)
  [seg+pos seed=1] epoch 34/40 loss=5.8651 (66.5s)
  [seg+pos seed=1] epoch 35/40 loss=5.8642 (68.4s)
  [seg+pos seed=1] epoch 36/40 loss=5.8622 (70.4s)
  [seg+pos seed=1] epoch 37/40 loss=5.8617 (72.3s)
  [seg+pos seed=1] epoch 38/40 loss=5.8613 (74.4s)
  [seg+pos seed=1] epoch 39/40 loss=5.8614 (76.5s)
  [seg+pos seed=1] epoch 40/40 loss=5.8622 (78.4s)

=== Training variant 'seg+pos' seed 2 ===
  [seg+pos seed=2] epoch 1/40 loss=9.1745 (2.0s)
  [seg+pos seed=2] epoch 2/40 loss=6.2408 (3.9s)
  [seg+pos seed=2] epoch 3/40 loss=6.0556 (5.9s)
  [seg+pos seed=2] epoch 4/40 loss=5.9766 (7.9s)
  [seg+pos seed=2] epoch 5/40 loss=5.9397 (9.9s)
  [seg+pos seed=2] epoch 6/40 loss=5.9230 (11.8s)
  [seg+pos seed=2] epoch 7/40 loss=5.9119 (13.7s)
  [seg+pos seed=2] epoch 8/40 loss=5.9058 (15.7s)
  [seg+pos seed=2] epoch 9/40 loss=5.9003 (17.7s)
  [seg+pos seed=2] epoch 10/40 loss=5.8966 (19.7s)
  [seg+pos seed=2] epoch 11/40 loss=5.8948 (21.7s)
  [seg+pos seed=2] epoch 12/40 loss=5.8907 (23.7s)
  [seg+pos seed=2] epoch 13/40 loss=5.8879 (25.7s)
  [seg+pos seed=2] epoch 14/40 loss=5.8858 (27.7s)
  [seg+pos seed=2] epoch 15/40 loss=5.8839 (29.7s)
  [seg+pos seed=2] epoch 16/40 loss=5.8825 (31.6s)
  [seg+pos seed=2] epoch 17/40 loss=5.8809 (33.6s)
  [seg+pos seed=2] epoch 18/40 loss=5.8794 (35.6s)
  [seg+pos seed=2] epoch 19/40 loss=5.8776 (37.6s)
  [seg+pos seed=2] epoch 20/40 loss=5.8764 (39.6s)
  [seg+pos seed=2] epoch 21/40 loss=5.8749 (41.6s)
  [seg+pos seed=2] epoch 22/40 loss=5.8742 (43.6s)
  [seg+pos seed=2] epoch 23/40 loss=5.8729 (45.6s)
  [seg+pos seed=2] epoch 24/40 loss=5.8724 (47.6s)
  [seg+pos seed=2] epoch 25/40 loss=5.8709 (49.6s)
  [seg+pos seed=2] epoch 26/40 loss=5.8700 (51.6s)
  [seg+pos seed=2] epoch 27/40 loss=5.8689 (53.5s)
  [seg+pos seed=2] epoch 28/40 loss=5.8681 (55.5s)
  [seg+pos seed=2] epoch 29/40 loss=5.8669 (57.5s)
  [seg+pos seed=2] epoch 30/40 loss=5.8659 (59.5s)
  [seg+pos seed=2] epoch 31/40 loss=5.8648 (61.5s)
  [seg+pos seed=2] epoch 32/40 loss=5.8645 (63.5s)
  [seg+pos seed=2] epoch 33/40 loss=5.8635 (65.4s)
  [seg+pos seed=2] epoch 34/40 loss=5.8630 (67.4s)
  [seg+pos seed=2] epoch 35/40 loss=5.8623 (69.4s)
  [seg+pos seed=2] epoch 36/40 loss=5.8618 (71.4s)
  [seg+pos seed=2] epoch 37/40 loss=5.8608 (73.4s)
  [seg+pos seed=2] epoch 38/40 loss=5.8596 (75.4s)
  [seg+pos seed=2] epoch 39/40 loss=5.8597 (77.3s)
  [seg+pos seed=2] epoch 40/40 loss=5.8584 (79.3s)

=== Training variant 'seg+pos+rms' seed 0 ===
  [seg+pos+rms seed=0] epoch 1/40 loss=13.4596 (2.2s)
  [seg+pos+rms seed=0] epoch 2/40 loss=6.8112 (4.4s)
  [seg+pos+rms seed=0] epoch 3/40 loss=6.2937 (6.6s)
  [seg+pos+rms seed=0] epoch 4/40 loss=6.1383 (8.8s)
  [seg+pos+rms seed=0] epoch 5/40 loss=6.0460 (10.8s)
  [seg+pos+rms seed=0] epoch 6/40 loss=6.0049 (12.9s)
  [seg+pos+rms seed=0] epoch 7/40 loss=5.9829 (15.1s)
  [seg+pos+rms seed=0] epoch 8/40 loss=5.9698 (17.3s)
  [seg+pos+rms seed=0] epoch 9/40 loss=5.9635 (19.4s)
  [seg+pos+rms seed=0] epoch 10/40 loss=5.9562 (21.6s)
  [seg+pos+rms seed=0] epoch 11/40 loss=5.9501 (23.9s)
  [seg+pos+rms seed=0] epoch 12/40 loss=5.9493 (26.0s)
  [seg+pos+rms seed=0] epoch 13/40 loss=5.9453 (28.2s)
  [seg+pos+rms seed=0] epoch 14/40 loss=5.9420 (30.4s)
  [seg+pos+rms seed=0] epoch 15/40 loss=5.9384 (32.6s)
  [seg+pos+rms seed=0] epoch 16/40 loss=5.9412 (34.8s)
  [seg+pos+rms seed=0] epoch 17/40 loss=5.9356 (36.9s)
  [seg+pos+rms seed=0] epoch 18/40 loss=5.9326 (38.7s)
  [seg+pos+rms seed=0] epoch 19/40 loss=5.9336 (40.8s)
  [seg+pos+rms seed=0] epoch 20/40 loss=5.9280 (43.0s)
  [seg+pos+rms seed=0] epoch 21/40 loss=5.9295 (45.1s)
  [seg+pos+rms seed=0] epoch 22/40 loss=5.9279 (47.3s)
  [seg+pos+rms seed=0] epoch 23/40 loss=5.9242 (49.5s)
  [seg+pos+rms seed=0] epoch 24/40 loss=5.9246 (51.6s)
  [seg+pos+rms seed=0] epoch 25/40 loss=5.9223 (53.8s)
  [seg+pos+rms seed=0] epoch 26/40 loss=5.9221 (56.0s)
  [seg+pos+rms seed=0] epoch 27/40 loss=5.9201 (58.2s)
  [seg+pos+rms seed=0] epoch 28/40 loss=5.9206 (60.4s)
  [seg+pos+rms seed=0] epoch 29/40 loss=5.9181 (62.6s)
  [seg+pos+rms seed=0] epoch 30/40 loss=5.9179 (64.8s)
  [seg+pos+rms seed=0] epoch 31/40 loss=5.9187 (66.9s)
  [seg+pos+rms seed=0] epoch 32/40 loss=5.9157 (69.1s)
  [seg+pos+rms seed=0] epoch 33/40 loss=5.9146 (71.3s)
  [seg+pos+rms seed=0] epoch 34/40 loss=5.9150 (73.4s)
  [seg+pos+rms seed=0] epoch 35/40 loss=5.9142 (75.6s)
  [seg+pos+rms seed=0] epoch 36/40 loss=5.9116 (77.8s)
  [seg+pos+rms seed=0] epoch 37/40 loss=5.9122 (80.0s)
  [seg+pos+rms seed=0] epoch 38/40 loss=5.9122 (82.2s)
  [seg+pos+rms seed=0] epoch 39/40 loss=5.9096 (84.4s)
  [seg+pos+rms seed=0] epoch 40/40 loss=5.9089 (86.6s)

=== Training variant 'seg+pos+rms' seed 1 ===
  [seg+pos+rms seed=1] epoch 1/40 loss=11.0066 (2.2s)
  [seg+pos+rms seed=1] epoch 2/40 loss=6.5760 (4.4s)
  [seg+pos+rms seed=1] epoch 3/40 loss=6.2241 (6.6s)
  [seg+pos+rms seed=1] epoch 4/40 loss=6.1128 (8.8s)
  [seg+pos+rms seed=1] epoch 5/40 loss=6.0575 (11.0s)
  [seg+pos+rms seed=1] epoch 6/40 loss=6.0302 (13.1s)
  [seg+pos+rms seed=1] epoch 7/40 loss=6.0147 (15.3s)
  [seg+pos+rms seed=1] epoch 8/40 loss=6.0024 (17.5s)
  [seg+pos+rms seed=1] epoch 9/40 loss=5.9928 (19.7s)
  [seg+pos+rms seed=1] epoch 10/40 loss=5.9871 (21.9s)
  [seg+pos+rms seed=1] epoch 11/40 loss=5.9813 (24.1s)
  [seg+pos+rms seed=1] epoch 12/40 loss=5.9769 (26.2s)
  [seg+pos+rms seed=1] epoch 13/40 loss=5.9734 (28.4s)
  [seg+pos+rms seed=1] epoch 14/40 loss=5.9700 (30.6s)
  [seg+pos+rms seed=1] epoch 15/40 loss=5.9692 (32.8s)
  [seg+pos+rms seed=1] epoch 16/40 loss=5.9653 (35.0s)
  [seg+pos+rms seed=1] epoch 17/40 loss=5.9670 (37.1s)
  [seg+pos+rms seed=1] epoch 18/40 loss=5.9582 (39.3s)
  [seg+pos+rms seed=1] epoch 19/40 loss=5.9553 (41.5s)
  [seg+pos+rms seed=1] epoch 20/40 loss=5.9545 (43.7s)
  [seg+pos+rms seed=1] epoch 21/40 loss=5.9544 (45.9s)
  [seg+pos+rms seed=1] epoch 22/40 loss=5.9538 (48.1s)
  [seg+pos+rms seed=1] epoch 23/40 loss=5.9484 (50.3s)
  [seg+pos+rms seed=1] epoch 24/40 loss=5.9463 (52.5s)
  [seg+pos+rms seed=1] epoch 25/40 loss=5.9418 (54.7s)
  [seg+pos+rms seed=1] epoch 26/40 loss=5.9433 (57.0s)
  [seg+pos+rms seed=1] epoch 27/40 loss=5.9426 (59.2s)
  [seg+pos+rms seed=1] epoch 28/40 loss=5.9404 (61.4s)
  [seg+pos+rms seed=1] epoch 29/40 loss=5.9372 (63.6s)
  [seg+pos+rms seed=1] epoch 30/40 loss=5.9377 (65.8s)
  [seg+pos+rms seed=1] epoch 31/40 loss=5.9378 (68.0s)
  [seg+pos+rms seed=1] epoch 32/40 loss=5.9343 (70.2s)
  [seg+pos+rms seed=1] epoch 33/40 loss=5.9360 (72.4s)
  [seg+pos+rms seed=1] epoch 34/40 loss=5.9318 (74.6s)
  [seg+pos+rms seed=1] epoch 35/40 loss=5.9324 (76.7s)
  [seg+pos+rms seed=1] epoch 36/40 loss=5.9301 (78.9s)
  [seg+pos+rms seed=1] epoch 37/40 loss=5.9289 (81.2s)
  [seg+pos+rms seed=1] epoch 38/40 loss=5.9293 (83.3s)
  [seg+pos+rms seed=1] epoch 39/40 loss=5.9245 (85.5s)
  [seg+pos+rms seed=1] epoch 40/40 loss=5.9225 (87.7s)

=== Training variant 'seg+pos+rms' seed 2 ===
  [seg+pos+rms seed=2] epoch 1/40 loss=12.7231 (2.2s)
  [seg+pos+rms seed=2] epoch 2/40 loss=6.7488 (4.4s)
  [seg+pos+rms seed=2] epoch 3/40 loss=6.2640 (6.5s)
  [seg+pos+rms seed=2] epoch 4/40 loss=6.1512 (8.7s)
  [seg+pos+rms seed=2] epoch 5/40 loss=6.0945 (10.9s)
  [seg+pos+rms seed=2] epoch 6/40 loss=6.0623 (13.1s)
  [seg+pos+rms seed=2] epoch 7/40 loss=6.0361 (15.3s)
  [seg+pos+rms seed=2] epoch 8/40 loss=6.0229 (17.5s)
  [seg+pos+rms seed=2] epoch 9/40 loss=6.0083 (19.7s)
  [seg+pos+rms seed=2] epoch 10/40 loss=5.9993 (21.9s)
  [seg+pos+rms seed=2] epoch 11/40 loss=5.9942 (24.1s)
  [seg+pos+rms seed=2] epoch 12/40 loss=5.9858 (26.4s)
  [seg+pos+rms seed=2] epoch 13/40 loss=5.9821 (28.6s)
  [seg+pos+rms seed=2] epoch 14/40 loss=5.9820 (30.8s)
  [seg+pos+rms seed=2] epoch 15/40 loss=5.9739 (33.0s)
  [seg+pos+rms seed=2] epoch 16/40 loss=5.9706 (35.2s)
  [seg+pos+rms seed=2] epoch 17/40 loss=5.9712 (37.4s)
  [seg+pos+rms seed=2] epoch 18/40 loss=5.9722 (39.6s)
  [seg+pos+rms seed=2] epoch 19/40 loss=5.9625 (41.9s)
  [seg+pos+rms seed=2] epoch 20/40 loss=5.9606 (44.1s)
  [seg+pos+rms seed=2] epoch 21/40 loss=5.9595 (46.2s)
  [seg+pos+rms seed=2] epoch 22/40 loss=5.9592 (48.5s)
  [seg+pos+rms seed=2] epoch 23/40 loss=5.9565 (50.7s)
  [seg+pos+rms seed=2] epoch 24/40 loss=5.9582 (52.9s)
  [seg+pos+rms seed=2] epoch 25/40 loss=5.9513 (55.1s)
  [seg+pos+rms seed=2] epoch 26/40 loss=5.9482 (57.3s)
  [seg+pos+rms seed=2] epoch 27/40 loss=5.9477 (59.5s)
  [seg+pos+rms seed=2] epoch 28/40 loss=5.9469 (61.7s)
  [seg+pos+rms seed=2] epoch 29/40 loss=5.9456 (63.8s)
  [seg+pos+rms seed=2] epoch 30/40 loss=5.9428 (66.1s)
  [seg+pos+rms seed=2] epoch 31/40 loss=5.9415 (68.3s)
  [seg+pos+rms seed=2] epoch 32/40 loss=5.9379 (70.4s)
  [seg+pos+rms seed=2] epoch 33/40 loss=5.9390 (72.7s)
  [seg+pos+rms seed=2] epoch 34/40 loss=5.9375 (74.9s)
  [seg+pos+rms seed=2] epoch 35/40 loss=5.9344 (77.1s)
  [seg+pos+rms seed=2] epoch 36/40 loss=5.9344 (79.3s)
  [seg+pos+rms seed=2] epoch 37/40 loss=5.9372 (81.5s)
  [seg+pos+rms seed=2] epoch 38/40 loss=5.9314 (83.7s)
  [seg+pos+rms seed=2] epoch 39/40 loss=5.9303 (85.9s)
  [seg+pos+rms seed=2] epoch 40/40 loss=5.9283 (88.1s)

=== Training variant 'seg+pos+rms+psd' seed 0 ===
  [seg+pos+rms+psd seed=0] epoch 1/40 loss=16.6654 (3.1s)
  [seg+pos+rms+psd seed=0] epoch 2/40 loss=7.2106 (6.2s)
  [seg+pos+rms+psd seed=0] epoch 3/40 loss=6.6979 (9.2s)
  [seg+pos+rms+psd seed=0] epoch 4/40 loss=6.4271 (12.3s)
  [seg+pos+rms+psd seed=0] epoch 5/40 loss=6.2984 (15.3s)
  [seg+pos+rms+psd seed=0] epoch 6/40 loss=6.2291 (18.3s)
  [seg+pos+rms+psd seed=0] epoch 7/40 loss=6.1933 (21.4s)
  [seg+pos+rms+psd seed=0] epoch 8/40 loss=6.1664 (24.4s)
  [seg+pos+rms+psd seed=0] epoch 9/40 loss=6.1523 (27.4s)
  [seg+pos+rms+psd seed=0] epoch 10/40 loss=6.1383 (30.5s)
  [seg+pos+rms+psd seed=0] epoch 11/40 loss=6.1279 (33.5s)
  [seg+pos+rms+psd seed=0] epoch 12/40 loss=6.1200 (36.4s)
  [seg+pos+rms+psd seed=0] epoch 13/40 loss=6.1177 (39.4s)
  [seg+pos+rms+psd seed=0] epoch 14/40 loss=6.1099 (42.5s)
  [seg+pos+rms+psd seed=0] epoch 15/40 loss=6.1062 (45.5s)
  [seg+pos+rms+psd seed=0] epoch 16/40 loss=6.1060 (48.5s)
  [seg+pos+rms+psd seed=0] epoch 17/40 loss=6.0978 (51.5s)
  [seg+pos+rms+psd seed=0] epoch 18/40 loss=6.0953 (54.6s)
  [seg+pos+rms+psd seed=0] epoch 19/40 loss=6.0968 (57.6s)
  [seg+pos+rms+psd seed=0] epoch 20/40 loss=6.0891 (60.7s)
  [seg+pos+rms+psd seed=0] epoch 21/40 loss=6.0897 (63.7s)
  [seg+pos+rms+psd seed=0] epoch 22/40 loss=6.0889 (66.7s)
  [seg+pos+rms+psd seed=0] epoch 23/40 loss=6.0844 (69.7s)
  [seg+pos+rms+psd seed=0] epoch 24/40 loss=6.0838 (72.8s)
  [seg+pos+rms+psd seed=0] epoch 25/40 loss=6.0851 (75.8s)
  [seg+pos+rms+psd seed=0] epoch 26/40 loss=6.0834 (78.8s)
  [seg+pos+rms+psd seed=0] epoch 27/40 loss=6.0791 (81.8s)
  [seg+pos+rms+psd seed=0] epoch 28/40 loss=6.0792 (84.9s)
  [seg+pos+rms+psd seed=0] epoch 29/40 loss=6.0767 (87.9s)
  [seg+pos+rms+psd seed=0] epoch 30/40 loss=6.0765 (91.0s)
  [seg+pos+rms+psd seed=0] epoch 31/40 loss=6.0777 (94.1s)
  [seg+pos+rms+psd seed=0] epoch 32/40 loss=6.0739 (97.1s)
  [seg+pos+rms+psd seed=0] epoch 33/40 loss=6.0712 (100.2s)
  [seg+pos+rms+psd seed=0] epoch 34/40 loss=6.0723 (103.2s)
  [seg+pos+rms+psd seed=0] epoch 35/40 loss=6.0678 (106.2s)
  [seg+pos+rms+psd seed=0] epoch 36/40 loss=6.0674 (109.3s)
  [seg+pos+rms+psd seed=0] epoch 37/40 loss=6.0692 (112.3s)
  [seg+pos+rms+psd seed=0] epoch 38/40 loss=6.0697 (115.4s)
  [seg+pos+rms+psd seed=0] epoch 39/40 loss=6.0660 (118.4s)
  [seg+pos+rms+psd seed=0] epoch 40/40 loss=6.0620 (121.5s)

=== Training variant 'seg+pos+rms+psd' seed 1 ===
  [seg+pos+rms+psd seed=1] epoch 1/40 loss=14.2739 (3.0s)
  [seg+pos+rms+psd seed=1] epoch 2/40 loss=7.0739 (6.1s)
  [seg+pos+rms+psd seed=1] epoch 3/40 loss=6.6097 (9.1s)
  [seg+pos+rms+psd seed=1] epoch 4/40 loss=6.3968 (12.1s)
  [seg+pos+rms+psd seed=1] epoch 5/40 loss=6.2993 (14.9s)
  [seg+pos+rms+psd seed=1] epoch 6/40 loss=6.2506 (17.2s)
  [seg+pos+rms+psd seed=1] epoch 7/40 loss=6.2205 (19.7s)
  [seg+pos+rms+psd seed=1] epoch 8/40 loss=6.1912 (22.8s)
  [seg+pos+rms+psd seed=1] epoch 9/40 loss=6.1751 (25.8s)
  [seg+pos+rms+psd seed=1] epoch 10/40 loss=6.1659 (28.9s)
  [seg+pos+rms+psd seed=1] epoch 11/40 loss=6.1575 (31.9s)
  [seg+pos+rms+psd seed=1] epoch 12/40 loss=6.1525 (34.9s)
  [seg+pos+rms+psd seed=1] epoch 13/40 loss=6.1527 (38.0s)
  [seg+pos+rms+psd seed=1] epoch 14/40 loss=6.1429 (41.0s)
  [seg+pos+rms+psd seed=1] epoch 15/40 loss=6.1441 (44.1s)
  [seg+pos+rms+psd seed=1] epoch 16/40 loss=6.1355 (47.1s)
  [seg+pos+rms+psd seed=1] epoch 17/40 loss=6.1318 (50.1s)
  [seg+pos+rms+psd seed=1] epoch 18/40 loss=6.1305 (53.1s)
  [seg+pos+rms+psd seed=1] epoch 19/40 loss=6.1281 (55.8s)
  [seg+pos+rms+psd seed=1] epoch 20/40 loss=6.1228 (58.1s)
  [seg+pos+rms+psd seed=1] epoch 21/40 loss=6.1239 (60.6s)
  [seg+pos+rms+psd seed=1] epoch 22/40 loss=6.1204 (63.6s)
  [seg+pos+rms+psd seed=1] epoch 23/40 loss=6.1186 (66.7s)
  [seg+pos+rms+psd seed=1] epoch 24/40 loss=6.1139 (69.7s)
  [seg+pos+rms+psd seed=1] epoch 25/40 loss=6.1097 (72.7s)
  [seg+pos+rms+psd seed=1] epoch 26/40 loss=6.1164 (75.8s)
  [seg+pos+rms+psd seed=1] epoch 27/40 loss=6.1134 (78.8s)
  [seg+pos+rms+psd seed=1] epoch 28/40 loss=6.1074 (81.8s)
  [seg+pos+rms+psd seed=1] epoch 29/40 loss=6.1045 (84.8s)
  [seg+pos+rms+psd seed=1] epoch 30/40 loss=6.1062 (87.9s)
  [seg+pos+rms+psd seed=1] epoch 31/40 loss=6.1081 (90.9s)
  [seg+pos+rms+psd seed=1] epoch 32/40 loss=6.1027 (94.0s)
  [seg+pos+rms+psd seed=1] epoch 33/40 loss=6.1005 (97.0s)
  [seg+pos+rms+psd seed=1] epoch 34/40 loss=6.0976 (100.1s)
  [seg+pos+rms+psd seed=1] epoch 35/40 loss=6.0997 (103.1s)
  [seg+pos+rms+psd seed=1] epoch 36/40 loss=6.0932 (106.1s)
  [seg+pos+rms+psd seed=1] epoch 37/40 loss=6.0934 (109.2s)
  [seg+pos+rms+psd seed=1] epoch 38/40 loss=6.0941 (112.2s)
  [seg+pos+rms+psd seed=1] epoch 39/40 loss=6.0919 (115.3s)
  [seg+pos+rms+psd seed=1] epoch 40/40 loss=6.0907 (118.3s)

=== Training variant 'seg+pos+rms+psd' seed 2 ===
  [seg+pos+rms+psd seed=2] epoch 1/40 loss=18.0292 (3.0s)
  [seg+pos+rms+psd seed=2] epoch 2/40 loss=7.3139 (6.1s)
  [seg+pos+rms+psd seed=2] epoch 3/40 loss=6.6214 (9.1s)
  [seg+pos+rms+psd seed=2] epoch 4/40 loss=6.3575 (12.1s)
  [seg+pos+rms+psd seed=2] epoch 5/40 loss=6.2400 (15.1s)
  [seg+pos+rms+psd seed=2] epoch 6/40 loss=6.1945 (18.2s)
  [seg+pos+rms+psd seed=2] epoch 7/40 loss=6.1622 (21.3s)
  [seg+pos+rms+psd seed=2] epoch 8/40 loss=6.1413 (24.3s)
  [seg+pos+rms+psd seed=2] epoch 9/40 loss=6.1293 (27.3s)
  [seg+pos+rms+psd seed=2] epoch 10/40 loss=6.1208 (30.3s)
  [seg+pos+rms+psd seed=2] epoch 11/40 loss=6.1183 (33.4s)
  [seg+pos+rms+psd seed=2] epoch 12/40 loss=6.1104 (36.4s)
  [seg+pos+rms+psd seed=2] epoch 13/40 loss=6.1086 (39.4s)
  [seg+pos+rms+psd seed=2] epoch 14/40 loss=6.1031 (42.5s)
  [seg+pos+rms+psd seed=2] epoch 15/40 loss=6.1005 (45.5s)
  [seg+pos+rms+psd seed=2] epoch 16/40 loss=6.0967 (48.5s)
  [seg+pos+rms+psd seed=2] epoch 17/40 loss=6.0928 (51.6s)
  [seg+pos+rms+psd seed=2] epoch 18/40 loss=6.0956 (54.6s)
  [seg+pos+rms+psd seed=2] epoch 19/40 loss=6.0894 (57.6s)
  [seg+pos+rms+psd seed=2] epoch 20/40 loss=6.0878 (60.6s)
  [seg+pos+rms+psd seed=2] epoch 21/40 loss=6.0867 (63.6s)
  [seg+pos+rms+psd seed=2] epoch 22/40 loss=6.0873 (66.7s)
  [seg+pos+rms+psd seed=2] epoch 23/40 loss=6.0851 (69.7s)
  [seg+pos+rms+psd seed=2] epoch 24/40 loss=6.0859 (72.8s)
  [seg+pos+rms+psd seed=2] epoch 25/40 loss=6.0824 (75.8s)
  [seg+pos+rms+psd seed=2] epoch 26/40 loss=6.0760 (78.8s)
  [seg+pos+rms+psd seed=2] epoch 27/40 loss=6.0762 (81.9s)
  [seg+pos+rms+psd seed=2] epoch 28/40 loss=6.0751 (84.9s)
  [seg+pos+rms+psd seed=2] epoch 29/40 loss=6.0748 (87.9s)
  [seg+pos+rms+psd seed=2] epoch 30/40 loss=6.0704 (90.9s)
  [seg+pos+rms+psd seed=2] epoch 31/40 loss=6.0721 (94.0s)
  [seg+pos+rms+psd seed=2] epoch 32/40 loss=6.0716 (97.0s)
  [seg+pos+rms+psd seed=2] epoch 33/40 loss=6.0700 (100.0s)
  [seg+pos+rms+psd seed=2] epoch 34/40 loss=6.0678 (103.1s)
  [seg+pos+rms+psd seed=2] epoch 35/40 loss=6.0664 (106.1s)
  [seg+pos+rms+psd seed=2] epoch 36/40 loss=6.0702 (109.1s)
  [seg+pos+rms+psd seed=2] epoch 37/40 loss=6.0656 (112.1s)
  [seg+pos+rms+psd seed=2] epoch 38/40 loss=6.0662 (115.1s)
  [seg+pos+rms+psd seed=2] epoch 39/40 loss=6.0644 (118.2s)
  [seg+pos+rms+psd seed=2] epoch 40/40 loss=6.0623 (121.3s)

=== Training variant 'full' seed 0 ===
  [full seed=0] epoch 1/40 loss=16.7747 (3.1s)
  [full seed=0] epoch 2/40 loss=7.3260 (5.8s)
  [full seed=0] epoch 3/40 loss=6.8053 (8.9s)
  [full seed=0] epoch 4/40 loss=6.4326 (12.1s)
  [full seed=0] epoch 5/40 loss=6.3206 (15.2s)
  [full seed=0] epoch 6/40 loss=6.2643 (18.4s)
  [full seed=0] epoch 7/40 loss=6.2395 (21.5s)
  [full seed=0] epoch 8/40 loss=6.2222 (24.6s)
  [full seed=0] epoch 9/40 loss=6.2183 (27.7s)
  [full seed=0] epoch 10/40 loss=6.2062 (30.8s)
  [full seed=0] epoch 11/40 loss=6.2011 (34.0s)
  [full seed=0] epoch 12/40 loss=6.1953 (37.1s)
  [full seed=0] epoch 13/40 loss=6.1937 (40.3s)
  [full seed=0] epoch 14/40 loss=6.1849 (43.4s)
  [full seed=0] epoch 15/40 loss=6.1827 (46.7s)
  [full seed=0] epoch 16/40 loss=6.1834 (49.8s)
  [full seed=0] epoch 17/40 loss=6.1757 (52.9s)
  [full seed=0] epoch 18/40 loss=6.1737 (56.1s)
  [full seed=0] epoch 19/40 loss=6.1722 (59.3s)
  [full seed=0] epoch 20/40 loss=6.1659 (62.5s)
  [full seed=0] epoch 21/40 loss=6.1669 (65.6s)
  [full seed=0] epoch 22/40 loss=6.1652 (68.8s)
  [full seed=0] epoch 23/40 loss=6.1613 (72.0s)
  [full seed=0] epoch 24/40 loss=6.1588 (75.2s)
  [full seed=0] epoch 25/40 loss=6.1598 (78.4s)
  [full seed=0] epoch 26/40 loss=6.1569 (81.6s)
  [full seed=0] epoch 27/40 loss=6.1541 (84.8s)
  [full seed=0] epoch 28/40 loss=6.1528 (87.9s)
  [full seed=0] epoch 29/40 loss=6.1515 (91.0s)
  [full seed=0] epoch 30/40 loss=6.1502 (94.2s)
  [full seed=0] epoch 31/40 loss=6.1505 (97.3s)
  [full seed=0] epoch 32/40 loss=6.1474 (100.5s)
  [full seed=0] epoch 33/40 loss=6.1425 (103.5s)
  [full seed=0] epoch 34/40 loss=6.1447 (106.7s)
  [full seed=0] epoch 35/40 loss=6.1427 (109.9s)
  [full seed=0] epoch 36/40 loss=6.1395 (113.0s)
  [full seed=0] epoch 37/40 loss=6.1409 (115.9s)
  [full seed=0] epoch 38/40 loss=6.1398 (119.1s)
  [full seed=0] epoch 39/40 loss=6.1360 (121.6s)
  [full seed=0] epoch 40/40 loss=6.1345 (123.9s)

=== Training variant 'full' seed 1 ===
  [full seed=1] epoch 1/40 loss=14.1563 (2.4s)
  [full seed=1] epoch 2/40 loss=7.0882 (5.6s)
  [full seed=1] epoch 3/40 loss=6.6377 (8.7s)
  [full seed=1] epoch 4/40 loss=6.4381 (11.6s)
  [full seed=1] epoch 5/40 loss=6.3567 (14.7s)
  [full seed=1] epoch 6/40 loss=6.3190 (17.7s)
  [full seed=1] epoch 7/40 loss=6.2887 (20.8s)
  [full seed=1] epoch 8/40 loss=6.2666 (24.0s)
  [full seed=1] epoch 9/40 loss=6.2545 (27.2s)
  [full seed=1] epoch 10/40 loss=6.2420 (30.3s)
  [full seed=1] epoch 11/40 loss=6.2347 (33.5s)
  [full seed=1] epoch 12/40 loss=6.2300 (36.7s)
  [full seed=1] epoch 13/40 loss=6.2282 (39.8s)
  [full seed=1] epoch 14/40 loss=6.2213 (43.1s)
  [full seed=1] epoch 15/40 loss=6.2165 (46.2s)
  [full seed=1] epoch 16/40 loss=6.2126 (49.4s)
  [full seed=1] epoch 17/40 loss=6.2076 (52.5s)
  [full seed=1] epoch 18/40 loss=6.2062 (55.6s)
  [full seed=1] epoch 19/40 loss=6.2029 (58.8s)
  [full seed=1] epoch 20/40 loss=6.1997 (61.9s)
  [full seed=1] epoch 21/40 loss=6.2002 (65.0s)
  [full seed=1] epoch 22/40 loss=6.1948 (68.2s)
  [full seed=1] epoch 23/40 loss=6.1946 (71.3s)
  [full seed=1] epoch 24/40 loss=6.1904 (74.4s)
  [full seed=1] epoch 25/40 loss=6.1855 (77.6s)
  [full seed=1] epoch 26/40 loss=6.1918 (80.8s)
  [full seed=1] epoch 27/40 loss=6.1845 (83.9s)
  [full seed=1] epoch 28/40 loss=6.1826 (87.1s)
  [full seed=1] epoch 29/40 loss=6.1808 (90.2s)
  [full seed=1] epoch 30/40 loss=6.1811 (93.4s)
  [full seed=1] epoch 31/40 loss=6.1809 (96.5s)
  [full seed=1] epoch 32/40 loss=6.1780 (99.6s)
  [full seed=1] epoch 33/40 loss=6.1753 (102.7s)
  [full seed=1] epoch 34/40 loss=6.1721 (105.9s)
  [full seed=1] epoch 35/40 loss=6.1744 (109.0s)
  [full seed=1] epoch 36/40 loss=6.1691 (112.2s)
  [full seed=1] epoch 37/40 loss=6.1638 (115.4s)
  [full seed=1] epoch 38/40 loss=6.1685 (118.2s)
  [full seed=1] epoch 39/40 loss=6.1641 (120.5s)
  [full seed=1] epoch 40/40 loss=6.1609 (122.9s)

=== Training variant 'full' seed 2 ===
  [full seed=2] epoch 1/40 loss=17.3460 (3.2s)
  [full seed=2] epoch 2/40 loss=7.2838 (6.3s)
  [full seed=2] epoch 3/40 loss=6.5609 (9.5s)
  [full seed=2] epoch 4/40 loss=6.3425 (12.6s)
  [full seed=2] epoch 5/40 loss=6.2663 (15.7s)
  [full seed=2] epoch 6/40 loss=6.2388 (18.9s)
  [full seed=2] epoch 7/40 loss=6.2256 (22.0s)
  [full seed=2] epoch 8/40 loss=6.2142 (24.6s)
  [full seed=2] epoch 9/40 loss=6.2037 (26.9s)
  [full seed=2] epoch 10/40 loss=6.1953 (29.3s)
  [full seed=2] epoch 11/40 loss=6.1890 (31.6s)
  [full seed=2] epoch 12/40 loss=6.1803 (34.6s)
  [full seed=2] epoch 13/40 loss=6.1762 (37.8s)
  [full seed=2] epoch 14/40 loss=6.1703 (41.0s)
  [full seed=2] epoch 15/40 loss=6.1649 (44.2s)
  [full seed=2] epoch 16/40 loss=6.1592 (47.3s)
  [full seed=2] epoch 17/40 loss=6.1555 (50.5s)
  [full seed=2] epoch 18/40 loss=6.1589 (53.7s)
  [full seed=2] epoch 19/40 loss=6.1487 (56.8s)
  [full seed=2] epoch 20/40 loss=6.1461 (59.9s)
  [full seed=2] epoch 21/40 loss=6.1444 (63.0s)
  [full seed=2] epoch 22/40 loss=6.1460 (66.1s)
  [full seed=2] epoch 23/40 loss=6.1401 (69.0s)
  [full seed=2] epoch 24/40 loss=6.1400 (72.0s)
  [full seed=2] epoch 25/40 loss=6.1357 (75.1s)
  [full seed=2] epoch 26/40 loss=6.1313 (78.3s)
  [full seed=2] epoch 27/40 loss=6.1315 (81.5s)
  [full seed=2] epoch 28/40 loss=6.1295 (84.6s)
  [full seed=2] epoch 29/40 loss=6.1297 (87.7s)
  [full seed=2] epoch 30/40 loss=6.1254 (90.8s)
  [full seed=2] epoch 31/40 loss=6.1263 (93.8s)
  [full seed=2] epoch 32/40 loss=6.1240 (96.9s)
  [full seed=2] epoch 33/40 loss=6.1239 (99.3s)
  [full seed=2] epoch 34/40 loss=6.1199 (102.1s)
  [full seed=2] epoch 35/40 loss=6.1176 (105.2s)
  [full seed=2] epoch 36/40 loss=6.1207 (108.5s)
  [full seed=2] epoch 37/40 loss=6.1157 (111.6s)
  [full seed=2] epoch 38/40 loss=6.1162 (114.8s)
  [full seed=2] epoch 39/40 loss=6.1142 (118.0s)
  [full seed=2] epoch 40/40 loss=6.1110 (121.1s)

=== Table 3 (loss ablation) -- this pilot run ===
         method  edge_mae_mean  edge_mae_std  ler_mae_mean  ler_mae_std  lwr_mae_mean  lwr_mae_std    n
       seg-only         0.2385        0.0383        0.0232       0.0133        0.0294       0.0224 1440
        seg+pos         0.2377        0.0375        0.0228       0.0130        0.0288       0.0220 1440
    seg+pos+rms         0.2463        0.0447        0.0144       0.0083        0.0215       0.0164 1440
seg+pos+rms+psd         0.2477        0.0459        0.0143       0.0080        0.0211       0.0161 1440
           full         0.2483        0.0512        0.0138       0.0076        0.0207       0.0156 1440

(scale: 3 seed(s), 40 epochs, 15 train realizations/config, 32 configs -- see docstring to scale up)
### EXP2 exit=0 12:49:57
### EXP8 start 12:49:57
=== Classical detectors: per-image inference time ===
  threshold   : 10.776 ms/image
  canny       : 20.418 ms/image

=== Learned (U-Net, base=12): training + inference cost ===
  seg-only            :   65786 params |   0.38 s/epoch | 1.516 ms/image inference | ~   15.1 s extrapolated to 40 epochs
  seg+pos             :   65786 params |   0.26 s/epoch | 1.524 ms/image inference | ~   10.4 s extrapolated to 40 epochs
  seg+pos+rms         :   65786 params |   0.29 s/epoch | 1.551 ms/image inference | ~   11.4 s extrapolated to 40 epochs
  seg+pos+rms+psd     :   65786 params |   0.41 s/epoch | 1.500 ms/image inference | ~   16.5 s extrapolated to 40 epochs
  full                :   65786 params |   0.42 s/epoch | 1.496 ms/image inference | ~   16.7 s extrapolated to 40 epochs

=== Table (computational cost, Section 7.9) ===
                          method   n_params  train_seconds_measured  train_epochs_measured  train_seconds_per_epoch  train_seconds_extrapolated_full  inference_ms_per_image
            Classical: threshold        NaN                     NaN                    NaN                      NaN                              NaN                 10.7757
                Classical: canny        NaN                     NaN                    NaN                      NaN                              NaN                 20.4183
       Learned (U-Net): seg-only 65786.0000                  3.7686                10.0000                   0.3769                          15.0744                  1.5157
        Learned (U-Net): seg+pos 65786.0000                  2.5999                10.0000                   0.2600                          10.3995                  1.5237
    Learned (U-Net): seg+pos+rms 65786.0000                  2.8537                10.0000                   0.2854                          11.4150                  1.5508
Learned (U-Net): seg+pos+rms+psd 65786.0000                  4.1149                10.0000                   0.4115                          16.4596                  1.5002
           Learned (U-Net): full 65786.0000                  4.1660                10.0000                   0.4166                          16.6638                  1.4964

Note: all timings are CPU wall-clock in whatever environment you run this script in (8 torch threads here) -- re-run on your submission machine and report those numbers, not this sandbox's. The 'extrapolated_full' column is per_epoch_time * --full-epochs (default 40), a linear extrapolation for planning purposes only; actual full-scale runs should still be timed directly.
### EXP8 exit=0 12:50:23
